2026-04-06T14:03:42.6123943Z Current runner version: '2.333.1'
2026-04-06T14:03:42.6202545Z ##[group]Runner Image Provisioner
2026-04-06T14:03:42.6203705Z Hosted Compute Agent
2026-04-06T14:03:42.6204695Z Version: 20260213.493
2026-04-06T14:03:42.6205584Z Commit: 5c115507f6dd24b8de37d8bbe0bb4509d0cc0fa3
2026-04-06T14:03:42.6206722Z Build Date: 2026-02-13T00:28:41Z
2026-04-06T14:03:42.6207823Z Worker ID: {e7c375f6-1ff6-4284-91f8-8cc329270f16}
2026-04-06T14:03:42.6208935Z Azure Region: northcentralus
2026-04-06T14:03:42.6209806Z ##[endgroup]
2026-04-06T14:03:42.6212443Z ##[group]Operating System
2026-04-06T14:03:42.6213341Z Ubuntu
2026-04-06T14:03:42.6214119Z 24.04.4
2026-04-06T14:03:42.6214912Z LTS
2026-04-06T14:03:42.6215662Z ##[endgroup]
2026-04-06T14:03:42.6216540Z ##[group]Runner Image
2026-04-06T14:03:42.6217519Z Image: ubuntu-24.04
2026-04-06T14:03:42.6218427Z Version: 20260329.72.1
2026-04-06T14:03:42.6220411Z Included Software: https://github.com/actions/runner-images/blob/ubuntu24/20260329.72/images/ubuntu/Ubuntu2404-Readme.md
2026-04-06T14:03:42.6243730Z Image Release: https://github.com/actions/runner-images/releases/tag/ubuntu24%2F20260329.72
2026-04-06T14:03:42.6245376Z ##[endgroup]
2026-04-06T14:03:42.6247272Z ##[group]GITHUB_TOKEN Permissions
2026-04-06T14:03:42.6250237Z Contents: read
2026-04-06T14:03:42.6251322Z Metadata: read
2026-04-06T14:03:42.6252584Z Packages: read
2026-04-06T14:03:42.6253348Z ##[endgroup]
2026-04-06T14:03:42.6256210Z Secret source: Actions
2026-04-06T14:03:42.6257796Z Prepare workflow directory
2026-04-06T14:03:42.7117675Z Prepare all required actions
2026-04-06T14:03:42.7174107Z Getting action download info
2026-04-06T14:03:43.1233723Z Download action repository 'actions/checkout@v4' (SHA:34e114876b0b11c390a56381ad16ebd13914f8d5)
2026-04-06T14:03:43.2445168Z Download action repository 'actions/setup-java@v3' (SHA:17f84c3641ba7b8f6deff6309fc4c864478f5d62)
2026-04-06T14:03:44.2566550Z Download action repository 'subosito/flutter-action@v2' (SHA:1a449444c387b1966244ae4d4f8c696479add0b2)
2026-04-06T14:03:44.7005996Z Getting action download info
2026-04-06T14:03:44.8250053Z Download action repository 'actions/cache@v5' (SHA:668228422ae6a00e4ad889ee87cd7109ec5666a7)
2026-04-06T14:03:45.7086576Z Complete job name: quality-gate
2026-04-06T14:03:45.7722769Z ##[group]Run actions/checkout@v4
2026-04-06T14:03:45.7723411Z with:
2026-04-06T14:03:45.7723651Z   repository: neo3151/Hunting_Call
2026-04-06T14:03:45.7724100Z   token: ***
2026-04-06T14:03:45.7724323Z   ssh-strict: true
2026-04-06T14:03:45.7724557Z   ssh-user: git
2026-04-06T14:03:45.7724795Z   persist-credentials: true
2026-04-06T14:03:45.7725059Z   clean: true
2026-04-06T14:03:45.7725298Z   sparse-checkout-cone-mode: true
2026-04-06T14:03:45.7725572Z   fetch-depth: 1
2026-04-06T14:03:45.7725807Z   fetch-tags: false
2026-04-06T14:03:45.7726045Z   show-progress: true
2026-04-06T14:03:45.7726279Z   lfs: false
2026-04-06T14:03:45.7726484Z   submodules: false
2026-04-06T14:03:45.7726721Z   set-safe-directory: true
2026-04-06T14:03:45.7727171Z env:
2026-04-06T14:03:45.7727420Z   JAVA_VERSION: 17
2026-04-06T14:03:45.7727660Z   FLUTTER_CHANNEL: stable
2026-04-06T14:03:45.7727899Z ##[endgroup]
2026-04-06T14:03:45.8885697Z Syncing repository: neo3151/Hunting_Call
2026-04-06T14:03:45.8887684Z ##[group]Getting Git version info
2026-04-06T14:03:45.8888422Z Working directory is '/home/runner/work/Hunting_Call/Hunting_Call'
2026-04-06T14:03:45.8889114Z [command]/usr/bin/git version
2026-04-06T14:03:45.8954904Z git version 2.53.0
2026-04-06T14:03:45.8985894Z ##[endgroup]
2026-04-06T14:03:45.8999101Z Temporarily overriding HOME='/home/runner/work/_temp/60f146e0-5743-4b78-ac76-2a5a54475a53' before making global git config changes
2026-04-06T14:03:45.9002586Z Adding repository directory to the temporary git global config as a safe directory
2026-04-06T14:03:45.9018629Z [command]/usr/bin/git config --global --add safe.directory /home/runner/work/Hunting_Call/Hunting_Call
2026-04-06T14:03:45.9052982Z Deleting the contents of '/home/runner/work/Hunting_Call/Hunting_Call'
2026-04-06T14:03:45.9058213Z ##[group]Initializing the repository
2026-04-06T14:03:45.9063688Z [command]/usr/bin/git init /home/runner/work/Hunting_Call/Hunting_Call
2026-04-06T14:03:45.9177360Z hint: Using 'master' as the name for the initial branch. This default branch name
2026-04-06T14:03:45.9180485Z hint: will change to "main" in Git 3.0. To configure the initial branch name
2026-04-06T14:03:45.9182477Z hint: to use in all of your new repositories, which will suppress this warning,
2026-04-06T14:03:45.9183344Z hint: call:
2026-04-06T14:03:45.9183765Z hint:
2026-04-06T14:03:45.9184332Z hint: 	git config --global init.defaultBranch <name>
2026-04-06T14:03:45.9184992Z hint:
2026-04-06T14:03:45.9185642Z hint: Names commonly chosen instead of 'master' are 'main', 'trunk' and
2026-04-06T14:03:45.9186602Z hint: 'development'. The just-created branch can be renamed via this command:
2026-04-06T14:03:45.9187309Z hint:
2026-04-06T14:03:45.9187703Z hint: 	git branch -m <name>
2026-04-06T14:03:45.9188136Z hint:
2026-04-06T14:03:45.9188817Z hint: Disable this message with "git config set advice.defaultBranchName false"
2026-04-06T14:03:45.9190779Z Initialized empty Git repository in /home/runner/work/Hunting_Call/Hunting_Call/.git/
2026-04-06T14:03:45.9197481Z [command]/usr/bin/git remote add origin https://github.com/neo3151/Hunting_Call
2026-04-06T14:03:45.9227986Z ##[endgroup]
2026-04-06T14:03:45.9230037Z ##[group]Disabling automatic garbage collection
2026-04-06T14:03:45.9233337Z [command]/usr/bin/git config --local gc.auto 0
2026-04-06T14:03:45.9264637Z ##[endgroup]
2026-04-06T14:03:45.9266831Z ##[group]Setting up auth
2026-04-06T14:03:45.9272519Z [command]/usr/bin/git config --local --name-only --get-regexp core\.sshCommand
2026-04-06T14:03:45.9304445Z [command]/usr/bin/git submodule foreach --recursive sh -c "git config --local --name-only --get-regexp 'core\.sshCommand' && git config --local --unset-all 'core.sshCommand' || :"
2026-04-06T14:03:45.9627480Z [command]/usr/bin/git config --local --name-only --get-regexp http\.https\:\/\/github\.com\/\.extraheader
2026-04-06T14:03:45.9657601Z [command]/usr/bin/git submodule foreach --recursive sh -c "git config --local --name-only --get-regexp 'http\.https\:\/\/github\.com\/\.extraheader' && git config --local --unset-all 'http.https://github.com/.extraheader' || :"
2026-04-06T14:03:45.9888666Z [command]/usr/bin/git config --local --name-only --get-regexp ^includeIf\.gitdir:
2026-04-06T14:03:45.9921683Z [command]/usr/bin/git submodule foreach --recursive git config --local --show-origin --name-only --get-regexp remote.origin.url
2026-04-06T14:03:46.0170518Z [command]/usr/bin/git config --local http.https://github.com/.extraheader AUTHORIZATION: basic ***
2026-04-06T14:03:46.0206901Z ##[endgroup]
2026-04-06T14:03:46.0209051Z ##[group]Fetching the repository
2026-04-06T14:03:46.0217783Z [command]/usr/bin/git -c protocol.version=2 fetch --no-tags --prune --no-recurse-submodules --depth=1 origin +ef47be739586ce4f6580fd7f9990232c0cd6a627:refs/tags/v2.2.2
2026-04-06T14:03:48.8052862Z From https://github.com/neo3151/Hunting_Call
2026-04-06T14:03:48.8053409Z  * [new ref]         ef47be739586ce4f6580fd7f9990232c0cd6a627 -> v2.2.2
2026-04-06T14:03:48.8076520Z ##[endgroup]
2026-04-06T14:03:48.8079474Z ##[group]Determining the checkout info
2026-04-06T14:03:48.8083982Z ##[endgroup]
2026-04-06T14:03:48.8086290Z [command]/usr/bin/git sparse-checkout disable
2026-04-06T14:03:48.8123620Z [command]/usr/bin/git config --local --unset-all extensions.worktreeConfig
2026-04-06T14:03:48.8158328Z ##[group]Checking out the ref
2026-04-06T14:03:48.8164178Z [command]/usr/bin/git checkout --progress --force refs/tags/v2.2.2
2026-04-06T14:03:49.3429287Z Note: switching to 'refs/tags/v2.2.2'.
2026-04-06T14:03:49.3437573Z 
2026-04-06T14:03:49.3439394Z You are in 'detached HEAD' state. You can look around, make experimental
2026-04-06T14:03:49.3441407Z changes and commit them, and you can discard any commits you make in this
2026-04-06T14:03:49.3442696Z state without impacting any branches by switching back to a branch.
2026-04-06T14:03:49.3444925Z 
2026-04-06T14:03:49.3446629Z If you want to create a new branch to retain commits you create, you may
2026-04-06T14:03:49.3453586Z do so (now or later) by using -c with the switch command. Example:
2026-04-06T14:03:49.3454051Z 
2026-04-06T14:03:49.3454213Z   git switch -c <new-branch-name>
2026-04-06T14:03:49.3454490Z 
2026-04-06T14:03:49.3454641Z Or undo this operation with:
2026-04-06T14:03:49.3454897Z 
2026-04-06T14:03:49.3455022Z   git switch -
2026-04-06T14:03:49.3455212Z 
2026-04-06T14:03:49.3455555Z Turn off this advice by setting config variable advice.detachedHead to false
2026-04-06T14:03:49.3456051Z 
2026-04-06T14:03:49.3456308Z HEAD is now at ef47be7 fix: failing test assertions to unblock CI
2026-04-06T14:03:49.3487099Z ##[endgroup]
2026-04-06T14:03:49.3543656Z [command]/usr/bin/git log -1 --format=%H
2026-04-06T14:03:49.3580118Z ef47be739586ce4f6580fd7f9990232c0cd6a627
2026-04-06T14:03:49.3894582Z ##[group]Run actions/setup-java@v3
2026-04-06T14:03:49.3894864Z with:
2026-04-06T14:03:49.3895058Z   distribution: zulu
2026-04-06T14:03:49.3895256Z   java-version: 17
2026-04-06T14:03:49.3895430Z   java-package: jdk
2026-04-06T14:03:49.3895614Z   check-latest: false
2026-04-06T14:03:49.3895797Z   server-id: github
2026-04-06T14:03:49.3896012Z   server-username: GITHUB_ACTOR
2026-04-06T14:03:49.3896238Z   server-password: GITHUB_TOKEN
2026-04-06T14:03:49.3896450Z   overwrite-settings: true
2026-04-06T14:03:49.3896658Z   job-status: success
2026-04-06T14:03:49.3896951Z   token: ***
2026-04-06T14:03:49.3897120Z env:
2026-04-06T14:03:49.3897274Z   JAVA_VERSION: 17
2026-04-06T14:03:49.3897461Z   FLUTTER_CHANNEL: stable
2026-04-06T14:03:49.3897664Z ##[endgroup]
2026-04-06T14:03:49.6012663Z ##[group]Installed distributions
2026-04-06T14:03:49.6042269Z Trying to resolve the latest version from remote
2026-04-06T14:03:49.6840840Z Resolved latest version as 17.0.18+8
2026-04-06T14:03:49.6844440Z Trying to download...
2026-04-06T14:03:49.6847774Z Downloading Java 17.0.18+8 (Zulu) from https://cdn.azul.com/zulu/bin/zulu17.64.17-ca-crac-jdk17.0.18-linux_x64.tar.gz ...
2026-04-06T14:03:53.8667129Z Extracting Java archive...
2026-04-06T14:03:53.8974670Z [command]/usr/bin/tar xz --warning=no-unknown-keyword -C /home/runner/work/_temp/23aa3f9f-881f-4a56-9756-c81c744ecb08 -f /home/runner/work/_temp/48fb7153-f528-4830-9e6c-661c1dc6e4b7
2026-04-06T14:03:58.3090409Z Java 17.0.18+8 was downloaded
2026-04-06T14:03:58.3092220Z Setting Java 17.0.18+8 as the default
2026-04-06T14:03:58.3093058Z Creating toolchains.xml for JDK version 17 from zulu
2026-04-06T14:03:58.3176672Z Writing to /home/runner/.m2/toolchains.xml
2026-04-06T14:03:58.3178140Z 
2026-04-06T14:03:58.3178461Z Java configuration:
2026-04-06T14:03:58.3180357Z   Distribution: zulu
2026-04-06T14:03:58.3194038Z   Version: 17.0.18+8
2026-04-06T14:03:58.3194525Z   Path: /opt/hostedtoolcache/Java_Zulu_jdk/17.0.18-8/x64
2026-04-06T14:03:58.3194934Z 
2026-04-06T14:03:58.3195917Z ##[endgroup]
2026-04-06T14:03:58.3210272Z Creating settings.xml with server-id: github
2026-04-06T14:03:58.3211746Z Writing to /home/runner/.m2/settings.xml
2026-04-06T14:03:58.3465321Z ##[group]Run subosito/flutter-action@v2
2026-04-06T14:03:58.3465599Z with:
2026-04-06T14:03:58.3465771Z   channel: stable
2026-04-06T14:03:58.3465946Z   cache: true
2026-04-06T14:03:58.3466121Z   architecture: X64
2026-04-06T14:03:58.3466308Z   pub-cache-path: default
2026-04-06T14:03:58.3466511Z   dry-run: false
2026-04-06T14:03:58.3466740Z   git-source: https://github.com/flutter/flutter.git
2026-04-06T14:03:58.3467020Z env:
2026-04-06T14:03:58.3467168Z   JAVA_VERSION: 17
2026-04-06T14:03:58.3467352Z   FLUTTER_CHANNEL: stable
2026-04-06T14:03:58.3467621Z   JAVA_HOME: /opt/hostedtoolcache/Java_Zulu_jdk/17.0.18-8/x64
2026-04-06T14:03:58.3467992Z   JAVA_HOME_17_X64: /opt/hostedtoolcache/Java_Zulu_jdk/17.0.18-8/x64
2026-04-06T14:03:58.3468300Z ##[endgroup]
2026-04-06T14:03:58.4591474Z ##[group]Run chmod +x "$GITHUB_ACTION_PATH/setup.sh"
2026-04-06T14:03:58.4591878Z [36;1mchmod +x "$GITHUB_ACTION_PATH/setup.sh"[0m
2026-04-06T14:03:58.4623625Z shell: /usr/bin/bash --noprofile --norc -e -o pipefail {0}
2026-04-06T14:03:58.4623962Z env:
2026-04-06T14:03:58.4624133Z   JAVA_VERSION: 17
2026-04-06T14:03:58.4624316Z   FLUTTER_CHANNEL: stable
2026-04-06T14:03:58.4624602Z   JAVA_HOME: /opt/hostedtoolcache/Java_Zulu_jdk/17.0.18-8/x64
2026-04-06T14:03:58.4624988Z   JAVA_HOME_17_X64: /opt/hostedtoolcache/Java_Zulu_jdk/17.0.18-8/x64
2026-04-06T14:03:58.4625305Z ##[endgroup]
2026-04-06T14:03:58.6954651Z ##[group]Run $GITHUB_ACTION_PATH/setup.sh -p \
2026-04-06T14:03:58.6955013Z [36;1m$GITHUB_ACTION_PATH/setup.sh -p \[0m
2026-04-06T14:03:58.6955275Z [36;1m  -n '' \[0m
2026-04-06T14:03:58.6955450Z [36;1m  -f '' \[0m
2026-04-06T14:03:58.6955624Z [36;1m  -a 'X64' \[0m
2026-04-06T14:03:58.6955798Z [36;1m  -k '' \[0m
2026-04-06T14:03:58.6955967Z [36;1m  -c '' \[0m
2026-04-06T14:03:58.6956138Z [36;1m  -l '' \[0m
2026-04-06T14:03:58.6956307Z [36;1m  -d 'default' \[0m
2026-04-06T14:03:58.6956589Z [36;1m  -g 'https://github.com/flutter/flutter.git' \[0m
2026-04-06T14:03:58.6956918Z [36;1m  stable[0m
2026-04-06T14:03:58.6983165Z shell: /usr/bin/bash --noprofile --norc -e -o pipefail {0}
2026-04-06T14:03:58.6983476Z env:
2026-04-06T14:03:58.6983637Z   JAVA_VERSION: 17
2026-04-06T14:03:58.6983828Z   FLUTTER_CHANNEL: stable
2026-04-06T14:03:58.6984109Z   JAVA_HOME: /opt/hostedtoolcache/Java_Zulu_jdk/17.0.18-8/x64
2026-04-06T14:03:58.6984502Z   JAVA_HOME_17_X64: /opt/hostedtoolcache/Java_Zulu_jdk/17.0.18-8/x64
2026-04-06T14:03:58.6984803Z ##[endgroup]
2026-04-06T14:03:58.8911732Z ##[group]Run actions/cache@v5
2026-04-06T14:03:58.8912108Z with:
2026-04-06T14:03:58.8912489Z   path: /opt/hostedtoolcache/flutter/stable-3.41.6-x64
2026-04-06T14:03:58.8913251Z   key: flutter-linux-stable-3.41.6-x64-db50e20168db8fee486b9abf32fc912de3bc5b6a
2026-04-06T14:03:58.8913973Z   enableCrossOsArchive: false
2026-04-06T14:03:58.8914368Z   fail-on-cache-miss: false
2026-04-06T14:03:58.8914740Z   lookup-only: false
2026-04-06T14:03:58.8915069Z   save-always: false
2026-04-06T14:03:58.8915383Z env:
2026-04-06T14:03:58.8915665Z   JAVA_VERSION: 17
2026-04-06T14:03:58.8915985Z   FLUTTER_CHANNEL: stable
2026-04-06T14:03:58.8916458Z   JAVA_HOME: /opt/hostedtoolcache/Java_Zulu_jdk/17.0.18-8/x64
2026-04-06T14:03:58.8917112Z   JAVA_HOME_17_X64: /opt/hostedtoolcache/Java_Zulu_jdk/17.0.18-8/x64
2026-04-06T14:03:58.8917631Z ##[endgroup]
2026-04-06T14:03:59.1180729Z Cache not found for input keys: flutter-linux-stable-3.41.6-x64-db50e20168db8fee486b9abf32fc912de3bc5b6a
2026-04-06T14:03:59.4119419Z ##[group]Run actions/cache@v5
2026-04-06T14:03:59.4119643Z with:
2026-04-06T14:03:59.4119823Z   path: /home/runner/.pub-cache
2026-04-06T14:03:59.4120494Z   key: flutter-pub-linux-stable-3.41.6-x64-db50e20168db8fee486b9abf32fc912de3bc5b6a-a7f6e4c32ed74f1802476546a08b8b131d2dc29b9470cdbb8c7d1c97bf5d3bf3
2026-04-06T14:03:59.4121468Z   enableCrossOsArchive: false
2026-04-06T14:03:59.4121702Z   fail-on-cache-miss: false
2026-04-06T14:03:59.4121915Z   lookup-only: false
2026-04-06T14:03:59.4122116Z   save-always: false
2026-04-06T14:03:59.4122542Z env:
2026-04-06T14:03:59.4122698Z   JAVA_VERSION: 17
2026-04-06T14:03:59.4122881Z   FLUTTER_CHANNEL: stable
2026-04-06T14:03:59.4123154Z   JAVA_HOME: /opt/hostedtoolcache/Java_Zulu_jdk/17.0.18-8/x64
2026-04-06T14:03:59.4123547Z   JAVA_HOME_17_X64: /opt/hostedtoolcache/Java_Zulu_jdk/17.0.18-8/x64
2026-04-06T14:03:59.4123854Z ##[endgroup]
2026-04-06T14:03:59.6767565Z Cache not found for input keys: flutter-pub-linux-stable-3.41.6-x64-db50e20168db8fee486b9abf32fc912de3bc5b6a-a7f6e4c32ed74f1802476546a08b8b131d2dc29b9470cdbb8c7d1c97bf5d3bf3
2026-04-06T14:03:59.6860768Z ##[group]Run $GITHUB_ACTION_PATH/setup.sh \
2026-04-06T14:03:59.6861400Z [36;1m$GITHUB_ACTION_PATH/setup.sh \[0m
2026-04-06T14:03:59.6861664Z [36;1m  -n '3.41.6' \[0m
2026-04-06T14:03:59.6861863Z [36;1m  -a 'x64' \[0m
2026-04-06T14:03:59.6862144Z [36;1m  -c '/opt/hostedtoolcache/flutter/stable-3.41.6-x64' \[0m
2026-04-06T14:03:59.6862481Z [36;1m  -d '/home/runner/.pub-cache' \[0m
2026-04-06T14:03:59.6862935Z [36;1m  stable[0m
2026-04-06T14:03:59.6889002Z shell: /usr/bin/bash --noprofile --norc -e -o pipefail {0}
2026-04-06T14:03:59.6889313Z env:
2026-04-06T14:03:59.6889478Z   JAVA_VERSION: 17
2026-04-06T14:03:59.6889660Z   FLUTTER_CHANNEL: stable
2026-04-06T14:03:59.6889944Z   JAVA_HOME: /opt/hostedtoolcache/Java_Zulu_jdk/17.0.18-8/x64
2026-04-06T14:03:59.6890327Z   JAVA_HOME_17_X64: /opt/hostedtoolcache/Java_Zulu_jdk/17.0.18-8/x64
2026-04-06T14:03:59.6890634Z ##[endgroup]
2026-04-06T14:03:59.8509891Z   % Total    % Received % Xferd  Average Speed   Time    Time     Time  Current
2026-04-06T14:03:59.8512489Z                                  Dload  Upload   Total   Spent    Left  Speed
2026-04-06T14:03:59.8512927Z 
2026-04-06T14:04:00.7623700Z   0     0    0     0    0     0      0      0 --:--:-- --:--:-- --:--:--     0
2026-04-06T14:04:01.7637647Z   5 1444M    5 80.4M    0     0  88.2M      0  0:00:16 --:--:--  0:00:16 88.2M
2026-04-06T14:04:02.7623891Z  11 1444M   11  166M    0     0  86.7M      0  0:00:16  0:00:01  0:00:15 86.7M
2026-04-06T14:04:03.7620501Z  17 1444M   17  257M    0     0  88.4M      0  0:00:16  0:00:02  0:00:14 88.4M
2026-04-06T14:04:04.7620057Z  24 1444M   24  350M    0     0  89.5M      0  0:00:16  0:00:03  0:00:13 89.5M
2026-04-06T14:04:05.7634486Z  31 1444M   31  454M    0     0  92.4M      0  0:00:15  0:00:04  0:00:11 92.4M
2026-04-06T14:04:06.7620562Z  38 1444M   38  553M    0     0  93.6M      0  0:00:15  0:00:05  0:00:10 94.6M
2026-04-06T14:04:07.7624014Z  44 1444M   44  650M    0     0  94.0M      0  0:00:15  0:00:06  0:00:09 96.8M
2026-04-06T14:04:08.7633902Z  52 1444M   52  756M    0     0  95.6M      0  0:00:15  0:00:07  0:00:08 99.9M
2026-04-06T14:04:09.7620806Z  59 1444M   59  857M    0     0  96.2M      0  0:00:15  0:00:08  0:00:07  101M
2026-04-06T14:04:10.7640912Z  65 1444M   65  950M    0     0  95.8M      0  0:00:15  0:00:09  0:00:06 99.1M
2026-04-06T14:04:11.7621757Z  72 1444M   72 1051M    0     0  96.3M      0  0:00:14  0:00:10  0:00:04 99.5M
2026-04-06T14:04:12.7621232Z  78 1444M   78 1135M    0     0  95.3M      0  0:00:15  0:00:11  0:00:04 97.1M
2026-04-06T14:04:13.7639339Z  86 1444M   86 1248M    0     0  96.6M      0  0:00:14  0:00:12  0:00:02 98.2M
2026-04-06T14:04:14.6039237Z  93 1444M   93 1351M    0     0  97.1M      0  0:00:14  0:00:13  0:00:01 98.8M
2026-04-06T14:04:14.6042983Z 100 1444M  100 1444M    0     0  97.9M      0  0:00:14  0:00:14 --:--:--  102M
2026-04-06T14:05:08.6236279Z ##[group]Run echo "" | base64 -d > android/app/google-services.json
2026-04-06T14:05:08.6236741Z [36;1mecho "" | base64 -d > android/app/google-services.json[0m
2026-04-06T14:05:08.6268051Z shell: /usr/bin/bash -e {0}
2026-04-06T14:05:08.6268283Z env:
2026-04-06T14:05:08.6268448Z   JAVA_VERSION: 17
2026-04-06T14:05:08.6268638Z   FLUTTER_CHANNEL: stable
2026-04-06T14:05:08.6268924Z   JAVA_HOME: /opt/hostedtoolcache/Java_Zulu_jdk/17.0.18-8/x64
2026-04-06T14:05:08.6269326Z   JAVA_HOME_17_X64: /opt/hostedtoolcache/Java_Zulu_jdk/17.0.18-8/x64
2026-04-06T14:05:08.6269762Z   FLUTTER_ROOT: /opt/hostedtoolcache/flutter/stable-3.41.6-x64/flutter
2026-04-06T14:05:08.6270139Z   PUB_CACHE: /home/runner/.pub-cache
2026-04-06T14:05:08.6270384Z ##[endgroup]
2026-04-06T14:05:08.6367885Z ##[group]Run flutter pub get
2026-04-06T14:05:08.6368154Z [36;1mflutter pub get[0m
2026-04-06T14:05:08.6393789Z shell: /usr/bin/bash -e {0}
2026-04-06T14:05:08.6394007Z env:
2026-04-06T14:05:08.6394183Z   JAVA_VERSION: 17
2026-04-06T14:05:08.6394372Z   FLUTTER_CHANNEL: stable
2026-04-06T14:05:08.6394642Z   JAVA_HOME: /opt/hostedtoolcache/Java_Zulu_jdk/17.0.18-8/x64
2026-04-06T14:05:08.6395024Z   JAVA_HOME_17_X64: /opt/hostedtoolcache/Java_Zulu_jdk/17.0.18-8/x64
2026-04-06T14:05:08.6395421Z   FLUTTER_ROOT: /opt/hostedtoolcache/flutter/stable-3.41.6-x64/flutter
2026-04-06T14:05:08.6395762Z   PUB_CACHE: /home/runner/.pub-cache
2026-04-06T14:05:08.6395994Z ##[endgroup]
2026-04-06T14:05:13.6788007Z Resolving dependencies...
2026-04-06T14:05:15.1865090Z Downloading packages...
2026-04-06T14:05:29.4671365Z   _fe_analyzer_shared 93.0.0 (98.0.0 available)
2026-04-06T14:05:29.4674234Z   analyzer 10.0.1 (12.0.0 available)
2026-04-06T14:05:29.4674669Z   archive 3.6.1 (4.0.9 available)
2026-04-06T14:05:29.4675140Z   dart_style 3.1.7 (3.1.8 available)
2026-04-06T14:05:29.4675593Z   flutter_native_splash 2.4.4 (2.4.7 available)
2026-04-06T14:05:29.4676043Z   image 4.3.0 (4.8.0 available)
2026-04-06T14:05:29.4676411Z > matcher 0.12.19 (was 0.12.18)
2026-04-06T14:05:29.4676785Z   meta 1.17.0 (1.18.2 available)
2026-04-06T14:05:29.4677173Z ! record_linux 1.3.0 (overridden)
2026-04-06T14:05:29.4677553Z   sqlite3 3.2.0 (3.3.0 available)
2026-04-06T14:05:29.4677959Z > test 1.30.0 (was 1.29.0) (1.31.0 available)
2026-04-06T14:05:29.4688440Z > test_api 0.7.10 (was 0.7.9) (0.7.11 available)
2026-04-06T14:05:29.4688958Z > test_core 0.6.16 (was 0.6.15) (0.6.17 available)
2026-04-06T14:05:29.4689420Z   vector_math 2.2.0 (2.3.0 available)
2026-04-06T14:05:29.4689825Z   win32 5.15.0 (6.0.0 available)
2026-04-06T14:05:29.4690211Z   win32_registry 2.1.0 (3.0.2 available)
2026-04-06T14:05:29.4690636Z Changed 4 dependencies!
2026-04-06T14:05:29.4691427Z 14 packages have newer versions incompatible with dependency constraints.
2026-04-06T14:05:29.4693578Z Try `flutter pub outdated` for more information.
2026-04-06T14:05:30.5867185Z ##[group]Run flutter analyze --no-fatal-infos
2026-04-06T14:05:30.5867780Z [36;1mflutter analyze --no-fatal-infos[0m
2026-04-06T14:05:30.5900924Z shell: /usr/bin/bash -e {0}
2026-04-06T14:05:30.5901562Z env:
2026-04-06T14:05:30.5901739Z   JAVA_VERSION: 17
2026-04-06T14:05:30.5901955Z   FLUTTER_CHANNEL: stable
2026-04-06T14:05:30.5902247Z   JAVA_HOME: /opt/hostedtoolcache/Java_Zulu_jdk/17.0.18-8/x64
2026-04-06T14:05:30.5902631Z   JAVA_HOME_17_X64: /opt/hostedtoolcache/Java_Zulu_jdk/17.0.18-8/x64
2026-04-06T14:05:30.5903040Z   FLUTTER_ROOT: /opt/hostedtoolcache/flutter/stable-3.41.6-x64/flutter
2026-04-06T14:05:30.5903386Z   PUB_CACHE: /home/runner/.pub-cache
2026-04-06T14:05:30.5903636Z ##[endgroup]
2026-04-06T14:06:05.8144128Z Analyzing Hunting_Call...                                       
2026-04-06T14:06:05.8145054Z No issues found! (ran in 33.9s)
2026-04-06T14:06:05.8400932Z ##[group]Run flutter test
2026-04-06T14:06:05.8407023Z [36;1mflutter test[0m
2026-04-06T14:06:05.8497419Z shell: /usr/bin/bash -e {0}
2026-04-06T14:06:05.8497785Z env:
2026-04-06T14:06:05.8498050Z   JAVA_VERSION: 17
2026-04-06T14:06:05.8498353Z   FLUTTER_CHANNEL: stable
2026-04-06T14:06:05.8498814Z   JAVA_HOME: /opt/hostedtoolcache/Java_Zulu_jdk/17.0.18-8/x64
2026-04-06T14:06:05.8499449Z   JAVA_HOME_17_X64: /opt/hostedtoolcache/Java_Zulu_jdk/17.0.18-8/x64
2026-04-06T14:06:05.8500133Z   FLUTTER_ROOT: /opt/hostedtoolcache/flutter/stable-3.41.6-x64/flutter
2026-04-06T14:06:05.8500701Z   PUB_CACHE: /home/runner/.pub-cache
2026-04-06T14:06:05.8501253Z ##[endgroup]
2026-04-06T14:06:11.1130964Z 
2026-04-06T14:06:24.5678272Z ✅ /home/runner/work/Hunting_Call/Hunting_Call/test/stress/api_gateway_stress_test.dart: API Gateway Stress — Timeout Boundaries getDocument should timeout after 4s on server failure
2026-04-06T14:06:24.5723704Z ✅ /home/runner/work/Hunting_Call/Hunting_Call/test/stress/api_gateway_stress_test.dart: API Gateway Stress — Timeout Boundaries getDocument returns cache data when available (fast path)
2026-04-06T14:06:24.6296106Z ✅ /home/runner/work/Hunting_Call/Hunting_Call/test/stress/api_gateway_stress_test.dart: API Gateway Stress — Concurrent Requests 10 concurrent getDocument calls should all resolve
2026-04-06T14:06:24.6349770Z ✅ /home/runner/work/Hunting_Call/Hunting_Call/test/stress/api_gateway_stress_test.dart: API Gateway Stress — Concurrent Requests Mix of success/failure concurrent calls should isolate errors
2026-04-06T14:06:24.6413321Z ✅ /home/runner/work/Hunting_Call/Hunting_Call/test/stress/api_gateway_stress_test.dart: API Gateway Stress — Malformed Data setDocument with deeply nested map should not crash
2026-04-06T14:06:24.6440920Z ✅ /home/runner/work/Hunting_Call/Hunting_Call/test/stress/api_gateway_stress_test.dart: API Gateway Stress — Malformed Data setDocument with empty map should work
2026-04-06T14:06:24.6468265Z ✅ /home/runner/work/Hunting_Call/Hunting_Call/test/stress/api_gateway_stress_test.dart: API Gateway Stress — Malformed Data setDocument with special characters should not crash
2026-04-06T14:06:24.6500239Z ✅ /home/runner/work/Hunting_Call/Hunting_Call/test/stress/api_gateway_stress_test.dart: API Gateway Stress — Error Recovery Transient error then success should eventually recover
2026-04-06T14:06:30.6183569Z ✅ /home/runner/work/Hunting_Call/Hunting_Call/test/stress/state_machine_stress_test.dart: State Machine Stress — Rapid Cycling 20 start/stop cycles should not corrupt state
2026-04-06T14:06:30.6240477Z ✅ /home/runner/work/Hunting_Call/Hunting_Call/test/stress/state_machine_stress_test.dart: State Machine Stress — Rapid Cycling Stop without start should not crash
2026-04-06T14:06:30.6291641Z ✅ /home/runner/work/Hunting_Call/Hunting_Call/test/stress/state_machine_stress_test.dart: State Machine Stress — Rapid Cycling Double-stop should not corrupt state
2026-04-06T14:06:30.6329580Z ✅ /home/runner/work/Hunting_Call/Hunting_Call/test/stress/state_machine_stress_test.dart: State Machine Stress — Rapid Cycling Reset during recording should safely stop
2026-04-06T14:06:30.6435972Z ✅ /home/runner/work/Hunting_Call/Hunting_Call/test/stress/state_machine_stress_test.dart: State Machine Stress — Provider Disposal Creating/disposing 50 containers should not leak
2026-04-06T14:06:30.6496334Z ✅ /home/runner/work/Hunting_Call/Hunting_Call/test/stress/state_machine_stress_test.dart: State Machine Stress — Error Paths Start failure should transition to error state cleanly
2026-04-06T14:06:30.6648127Z ✅ /home/runner/work/Hunting_Call/Hunting_Call/test/stress/state_machine_stress_test.dart: State Machine Stress — Error Paths Alternating success/failure 10 times should not corrupt
2026-04-06T14:06:31.3499210Z ✅ /home/runner/work/Hunting_Call/Hunting_Call/test/stress/data_integrity_stress_test.dart: Bayesian Fusion Stress — Extreme Inputs All-zero raw results should not crash or produce NaN
2026-04-06T14:06:31.3541247Z ✅ /home/runner/work/Hunting_Call/Hunting_Call/test/stress/data_integrity_stress_test.dart: Bayesian Fusion Stress — Extreme Inputs All-perfect scores should not exceed 99%
2026-04-06T14:06:31.3568610Z ✅ /home/runner/work/Hunting_Call/Hunting_Call/test/stress/data_integrity_stress_test.dart: Bayesian Fusion Stress — Extreme Inputs Matched species should get boosted over unmatched
2026-04-06T14:06:31.3608802Z ✅ /home/runner/work/Hunting_Call/Hunting_Call/test/stress/data_integrity_stress_test.dart: Bayesian Fusion Stress — Extreme Inputs Empty rawResults should return empty map
2026-04-06T14:06:31.3642649Z ✅ /home/runner/work/Hunting_Call/Hunting_Call/test/stress/data_integrity_stress_test.dart: Bayesian Fusion Stress — Extreme Inputs No reference name should passthrough raw results
2026-04-06T14:06:31.4059428Z ✅ /home/runner/work/Hunting_Call/Hunting_Call/test/stress/data_integrity_stress_test.dart: Bayesian Fusion Stress — Extreme Inputs 1000 sequential fusions should be deterministic
2026-04-06T14:06:31.4522102Z ##[group]✅ /home/runner/work/Hunting_Call/Hunting_Call/test/stress/data_integrity_stress_test.dart: Input Sanitizer Stress — Adversarial Inputs XSS injection should be sanitized from names
2026-04-06T14:06:31.4523859Z ⚠️ ProfanityFilter: blocked name "alert("xss")"
2026-04-06T14:06:31.4524721Z ##[endgroup]
2026-04-06T14:06:31.4627460Z ✅ /home/runner/work/Hunting_Call/Hunting_Call/test/stress/data_integrity_stress_test.dart: Input Sanitizer Stress — Adversarial Inputs Extremely long name should be truncated
2026-04-06T14:06:31.4663313Z ✅ /home/runner/work/Hunting_Call/Hunting_Call/test/stress/data_integrity_stress_test.dart: Input Sanitizer Stress — Adversarial Inputs Empty name should return empty or fallback
2026-04-06T14:06:31.4718646Z ✅ /home/runner/work/Hunting_Call/Hunting_Call/test/stress/data_integrity_stress_test.dart: Input Sanitizer Stress — Adversarial Inputs Free text with HTML should be sanitized
2026-04-06T14:06:31.4770526Z ✅ /home/runner/work/Hunting_Call/Hunting_Call/test/stress/data_integrity_stress_test.dart: Input Sanitizer Stress — Adversarial Inputs Unicode and emoji names should pass through
2026-04-06T14:06:31.4815210Z ✅ /home/runner/work/Hunting_Call/Hunting_Call/test/stress/data_integrity_stress_test.dart: Input Sanitizer Stress — Adversarial Inputs Control characters should be removed
2026-04-06T14:06:31.8220068Z ✅ /home/runner/work/Hunting_Call/Hunting_Call/test/stress/data_integrity_stress_test.dart: Profanity Filter Stress 1000 display name checks should complete in <1s
2026-04-06T14:06:31.8267406Z ✅ /home/runner/work/Hunting_Call/Hunting_Call/test/stress/data_integrity_stress_test.dart: Profanity Filter Stress Clean names should pass
2026-04-06T14:06:31.8304263Z ✅ /home/runner/work/Hunting_Call/Hunting_Call/test/stress/data_integrity_stress_test.dart: Profanity Filter Stress Empty string should not crash
2026-04-06T14:06:31.8346896Z ✅ /home/runner/work/Hunting_Call/Hunting_Call/test/stress/data_integrity_stress_test.dart: Spam Filter Stress Suspicious emails should be flagged
2026-04-06T14:06:31.8387965Z ✅ /home/runner/work/Hunting_Call/Hunting_Call/test/stress/data_integrity_stress_test.dart: Spam Filter Stress Null email should not crash
2026-04-06T14:06:31.8434880Z ✅ /home/runner/work/Hunting_Call/Hunting_Call/test/stress/data_integrity_stress_test.dart: Spam Filter Stress Normal emails should not be flagged
2026-04-06T14:06:32.3959683Z ✅ /home/runner/work/Hunting_Call/Hunting_Call/test/stress/data_integrity_stress_test.dart: Data Integrity Stress — UserProfile Profile with 10000 history items should serialize
2026-04-06T14:06:32.4000292Z ✅ /home/runner/work/Hunting_Call/Hunting_Call/test/stress/data_integrity_stress_test.dart: Data Integrity Stress — UserProfile Profile with empty history should serialize cleanly
2026-04-06T14:06:32.4038933Z ✅ /home/runner/work/Hunting_Call/Hunting_Call/test/stress/data_integrity_stress_test.dart: Data Integrity Stress — UserProfile Profile with max streak should not overflow
2026-04-06T14:06:33.5545889Z ##[group]✅ /home/runner/work/Hunting_Call/Hunting_Call/test/stress/audio_pipeline_stress_test.dart: Audio Pipeline Stress — Edge Cases Empty file (0 bytes) should not crash
2026-04-06T14:06:33.5547132Z *** sqflite warning ***
2026-04-06T14:06:33.5547349Z 
2026-04-06T14:06:33.5547518Z You are changing sqflite default factory.
2026-04-06T14:06:33.5548079Z Be aware of the potential side effects. Any library using sqflite
2026-04-06T14:06:33.5548721Z will have this factory as the default for all operations.
2026-04-06T14:06:33.5549096Z 
2026-04-06T14:06:33.5549225Z *** sqflite warning ***
2026-04-06T14:06:33.5549429Z 
2026-04-06T14:06:33.5552442Z ComprehensiveAudioAnalyzer: Spawning isolate for analysis...
2026-04-06T14:06:33.5553239Z ComprehensiveAudioAnalyzer: Analysis complete.
2026-04-06T14:06:33.5553797Z *** sqflite warning ***
2026-04-06T14:06:33.5554100Z 
2026-04-06T14:06:33.5575887Z You are changing sqflite default factory.
2026-04-06T14:06:33.5576542Z Be aware of the potential side effects. Any library using sqflite
2026-04-06T14:06:33.5577195Z will have this factory as the default for all operations.
2026-04-06T14:06:33.5580315Z 
2026-04-06T14:06:33.5580451Z *** sqflite warning ***
2026-04-06T14:06:33.5580675Z 
2026-04-06T14:06:33.5580833Z WaveformCache: Migration check complete
2026-04-06T14:06:33.5586477Z ##[endgroup]
2026-04-06T14:06:33.6313087Z ##[group]✅ /home/runner/work/Hunting_Call/Hunting_Call/test/stress/audio_pipeline_stress_test.dart: Audio Pipeline Stress — Edge Cases Tiny file (10 bytes) should return fallback
2026-04-06T14:06:33.6314593Z ComprehensiveAudioAnalyzer: Spawning isolate for analysis...
2026-04-06T14:06:33.6322195Z WaveformCache: Migration check complete
2026-04-06T14:06:33.6335500Z ComprehensiveAudioAnalyzer: Analysis complete.
2026-04-06T14:06:33.6336310Z ##[endgroup]
2026-04-06T14:06:33.6492533Z ##[group]✅ /home/runner/work/Hunting_Call/Hunting_Call/test/stress/audio_pipeline_stress_test.dart: Audio Pipeline Stress — Edge Cases Header-only file (44 bytes, no data) should not crash
2026-04-06T14:06:33.6494203Z ComprehensiveAudioAnalyzer: Spawning isolate for analysis...
2026-04-06T14:06:33.6494582Z WaveformCache: Migration check complete
2026-04-06T14:06:33.6498959Z ComprehensiveAudioAnalyzer: Analysis complete.
2026-04-06T14:06:33.6499465Z ##[endgroup]
2026-04-06T14:06:33.7619615Z Shell: ❌ BioacousticScorer: Failed to load TFLite model
2026-04-06T14:06:33.7712256Z Shell: Error: Binding has not yet been initialized.
2026-04-06T14:06:33.7714687Z Shell: The "instance" getter on the ServicesBinding binding mixin is only available once that binding has been initialized.
2026-04-06T14:06:33.7718705Z Shell: Typically, this is done by calling "WidgetsFlutterBinding.ensureInitialized()" or "runApp()" (the latter calls the former). Typically this call is done in the "void main()" method. The "ensureInitialized" method is idempotent; calling it multiple times is not harmful. After calling that method, the "instance" getter will return the binding.
2026-04-06T14:06:33.7723526Z Shell: In a test, one can call "TestWidgetsFlutterBinding.ensureInitialized()" as the first line in the test's "main()" method to initialize the binding.
2026-04-06T14:06:33.7726214Z Shell: If ServicesBinding is a custom binding mixin, there must also be a custom binding class, like WidgetsFlutterBinding, but that mixes in the selected binding, and that is the class that must be constructed before using the "instance" getter.
2026-04-06T14:06:33.8092345Z ##[group]✅ /home/runner/work/Hunting_Call/Hunting_Call/test/stress/audio_pipeline_stress_test.dart: Audio Pipeline Stress — Edge Cases Pure silence should not crash
2026-04-06T14:06:33.8096235Z ComprehensiveAudioAnalyzer: Spawning isolate for analysis...
2026-04-06T14:06:33.8103548Z WaveformCache: Migration check complete
2026-04-06T14:06:33.8104061Z ComprehensiveAudioAnalyzer: Analysis complete.
2026-04-06T14:06:33.8104772Z ##[endgroup]
2026-04-06T14:06:33.8106400Z ##[group]❎ /home/runner/work/Hunting_Call/Hunting_Call/test/stress/audio_pipeline_stress_test.dart: Audio Pipeline Stress — Edge Cases Maximum amplitude (clipping) should detect quality issues (skipped)
2026-04-06T14:06:33.8109596Z Skip: BioacousticScorer (TFLite) cannot load on desktop
2026-04-06T14:06:33.8112475Z ##[endgroup]
2026-04-06T14:06:33.9172711Z Shell: ❌ BioacousticScorer: Failed to load TFLite model
2026-04-06T14:06:33.9176060Z Shell: Error: Binding has not yet been initialized.
2026-04-06T14:06:33.9182481Z Shell: The "instance" getter on the ServicesBinding binding mixin is only available once that binding has been initialized.
2026-04-06T14:06:33.9185016Z Shell: Typically, this is done by calling "WidgetsFlutterBinding.ensureInitialized()" or "runApp()" (the latter calls the former). Typically this call is done in the "void main()" method. The "ensureInitialized" method is idempotent; calling it multiple times is not harmful. After calling that method, the "instance" getter will return the binding.
2026-04-06T14:06:33.9187759Z Shell: In a test, one can call "TestWidgetsFlutterBinding.ensureInitialized()" as the first line in the test's "main()" method to initialize the binding.
2026-04-06T14:06:33.9189844Z Shell: If ServicesBinding is a custom binding mixin, there must also be a custom binding class, like WidgetsFlutterBinding, but that mixes in the selected binding, and that is the class that must be constructed before using the "instance" getter.
2026-04-06T14:06:33.9466245Z ##[group]✅ /home/runner/work/Hunting_Call/Hunting_Call/test/stress/audio_pipeline_stress_test.dart: Audio Pipeline Stress — Edge Cases Corrupt PCM data should not crash
2026-04-06T14:06:33.9468936Z ComprehensiveAudioAnalyzer: Spawning isolate for analysis...
2026-04-06T14:06:33.9471836Z WaveformCache: Migration check complete
2026-04-06T14:06:33.9472481Z ComprehensiveAudioAnalyzer: Analysis complete.
2026-04-06T14:06:33.9473187Z ##[endgroup]
2026-04-06T14:06:33.9512538Z ##[group]✅ /home/runner/work/Hunting_Call/Hunting_Call/test/stress/audio_pipeline_stress_test.dart: Audio Pipeline Stress — Edge Cases Non-existent file should return fallback
2026-04-06T14:06:33.9514473Z Analysis Error: File /nonexistent/path.wav not found
2026-04-06T14:06:33.9515371Z ##[endgroup]
2026-04-06T14:06:33.9515846Z WaveformCache: Migration check complete
2026-04-06T14:06:33.9517910Z ##[group]❎ /home/runner/work/Hunting_Call/Hunting_Call/test/stress/audio_pipeline_stress_test.dart: Audio Pipeline Stress — Frequency Accuracy Detects 100.0 Hz (low bass (bear growl range)) within ±15% (skipped)
2026-04-06T14:06:33.9519735Z Skip: BioacousticScorer (TFLite) cannot load on desktop
2026-04-06T14:06:33.9520627Z ##[endgroup]
2026-04-06T14:06:33.9522628Z ##[group]❎ /home/runner/work/Hunting_Call/Hunting_Call/test/stress/audio_pipeline_stress_test.dart: Audio Pipeline Stress — Frequency Accuracy Detects 220.0 Hz (low mid (deer grunt range)) within ±15% (skipped)
2026-04-06T14:06:33.9524348Z Skip: BioacousticScorer (TFLite) cannot load on desktop
2026-04-06T14:06:33.9525248Z ##[endgroup]
2026-04-06T14:06:33.9527101Z ##[group]❎ /home/runner/work/Hunting_Call/Hunting_Call/test/stress/audio_pipeline_stress_test.dart: Audio Pipeline Stress — Frequency Accuracy Detects 440.0 Hz (mid (elk bugle range)) within ±15% (skipped)
2026-04-06T14:06:33.9528792Z Skip: BioacousticScorer (TFLite) cannot load on desktop
2026-04-06T14:06:33.9529550Z ##[endgroup]
2026-04-06T14:06:33.9543858Z ##[group]❎ /home/runner/work/Hunting_Call/Hunting_Call/test/stress/audio_pipeline_stress_test.dart: Audio Pipeline Stress — Frequency Accuracy Detects 880.0 Hz (high mid (turkey yelp range)) within ±15% (skipped)
2026-04-06T14:06:33.9545383Z Skip: BioacousticScorer (TFLite) cannot load on desktop
2026-04-06T14:06:33.9546144Z ##[endgroup]
2026-04-06T14:06:33.9547871Z ##[group]❎ /home/runner/work/Hunting_Call/Hunting_Call/test/stress/audio_pipeline_stress_test.dart: Audio Pipeline Stress — Frequency Accuracy Detects 2000.0 Hz (high (bird call range)) within ±15% (skipped)
2026-04-06T14:06:33.9549173Z Skip: BioacousticScorer (TFLite) cannot load on desktop
2026-04-06T14:06:33.9549824Z ##[endgroup]
2026-04-06T14:06:33.9552037Z ##[group]❎ /home/runner/work/Hunting_Call/Hunting_Call/test/stress/audio_pipeline_stress_test.dart: Audio Pipeline Stress — Batch Processing 10 sequential analyses should not leak memory or crash (skipped)
2026-04-06T14:06:33.9553555Z Skip: BioacousticScorer (TFLite) cannot load on desktop
2026-04-06T14:06:33.9554324Z ##[endgroup]
2026-04-06T14:06:33.9555922Z ##[group]❎ /home/runner/work/Hunting_Call/Hunting_Call/test/stress/audio_pipeline_stress_test.dart: Audio Pipeline Stress — Batch Processing Rapidly creating/disposing analyzers should not leak (skipped)
2026-04-06T14:06:33.9557276Z Skip: SQLite locking in tests
2026-04-06T14:06:33.9557804Z ##[endgroup]
2026-04-06T14:06:33.9630829Z Shell: ❌ BioacousticScorer: Failed to load TFLite model
2026-04-06T14:06:33.9641600Z Shell: Error: Binding has not yet been initialized.
2026-04-06T14:06:33.9643263Z Shell: The "instance" getter on the ServicesBinding binding mixin is only available once that binding has been initialized.
2026-04-06T14:06:33.9647319Z Shell: Typically, this is done by calling "WidgetsFlutterBinding.ensureInitialized()" or "runApp()" (the latter calls the former). Typically this call is done in the "void main()" method. The "ensureInitialized" method is idempotent; calling it multiple times is not harmful. After calling that method, the "instance" getter will return the binding.
2026-04-06T14:06:33.9650945Z Shell: In a test, one can call "TestWidgetsFlutterBinding.ensureInitialized()" as the first line in the test's "main()" method to initialize the binding.
2026-04-06T14:06:33.9655267Z Shell: If ServicesBinding is a custom binding mixin, there must also be a custom binding class, like WidgetsFlutterBinding, but that mixes in the selected binding, and that is the class that must be constructed before using the "instance" getter.
2026-04-06T14:06:33.9757082Z ##[group]✅ /home/runner/work/Hunting_Call/Hunting_Call/test/stress/audio_pipeline_stress_test.dart: Audio Pipeline Stress — Duration Extremes Very short recording (50ms) should not crash
2026-04-06T14:06:33.9761345Z ComprehensiveAudioAnalyzer: Spawning isolate for analysis...
2026-04-06T14:06:33.9770123Z WaveformCache: Migration check complete
2026-04-06T14:06:33.9780796Z ComprehensiveAudioAnalyzer: Analysis complete.
2026-04-06T14:06:33.9783204Z ##[endgroup]
2026-04-06T14:06:33.9785301Z ##[group]❎ /home/runner/work/Hunting_Call/Hunting_Call/test/stress/audio_pipeline_stress_test.dart: Audio Pipeline Stress — Duration Extremes 5-second recording should process normally (skipped)
2026-04-06T14:06:33.9788833Z Skip: BioacousticScorer (TFLite) cannot load on desktop
2026-04-06T14:06:33.9789824Z ##[endgroup]
2026-04-06T14:06:34.7893560Z ✅ /home/runner/work/Hunting_Call/Hunting_Call/test/core/theme/app_theme_test.dart: AppTheme has 4 theme variants
2026-04-06T14:06:34.7895492Z ✅ /home/runner/work/Hunting_Call/Hunting_Call/test/core/theme/app_theme_test.dart: AppTheme classic, midnight, forest, hunter all exist
2026-04-06T14:06:34.7916951Z ✅ /home/runner/work/Hunting_Call/Hunting_Call/test/core/theme/app_theme_test.dart: AppTheme name property returns correct string
2026-04-06T14:06:34.7953114Z ✅ /home/runner/work/Hunting_Call/Hunting_Call/test/core/theme/app_theme_test.dart: AppTheme can be looked up by name
2026-04-06T14:06:34.7992180Z ✅ /home/runner/work/Hunting_Call/Hunting_Call/test/core/theme/app_theme_test.dart: AppTheme index values are sequential
2026-04-06T14:06:35.5020095Z ✅ /home/runner/work/Hunting_Call/Hunting_Call/test/core/utils/profanity_filter_test.dart: ProfanityFilter containsProfanity — basic returns false for null or empty input
2026-04-06T14:06:35.5374344Z ✅ /home/runner/work/Hunting_Call/Hunting_Call/test/core/utils/profanity_filter_test.dart: ProfanityFilter containsProfanity — basic returns false for clean names
2026-04-06T14:06:35.5377244Z ✅ /home/runner/work/Hunting_Call/Hunting_Call/test/core/utils/profanity_filter_test.dart: ProfanityFilter containsProfanity — basic detects explicit profanity
2026-04-06T14:06:35.5393760Z ✅ /home/runner/work/Hunting_Call/Hunting_Call/test/core/utils/profanity_filter_test.dart: ProfanityFilter containsProfanity — basic detects profanity case-insensitively
2026-04-06T14:06:35.5423515Z ✅ /home/runner/work/Hunting_Call/Hunting_Call/test/core/utils/profanity_filter_test.dart: ProfanityFilter containsProfanity — basic detects racial slurs
2026-04-06T14:06:35.5452463Z ✅ /home/runner/work/Hunting_Call/Hunting_Call/test/core/utils/profanity_filter_test.dart: ProfanityFilter containsProfanity — basic detects hate terms
2026-04-06T14:06:35.5479563Z ✅ /home/runner/work/Hunting_Call/Hunting_Call/test/core/utils/profanity_filter_test.dart: ProfanityFilter containsProfanity — basic detects combined offensive terms
2026-04-06T14:06:35.5510509Z ✅ /home/runner/work/Hunting_Call/Hunting_Call/test/core/utils/profanity_filter_test.dart: ProfanityFilter containsProfanity — basic detects misspelling evasion
2026-04-06T14:06:35.5541658Z ✅ /home/runner/work/Hunting_Call/Hunting_Call/test/core/utils/profanity_filter_test.dart: ProfanityFilter containsProfanity — leet-speak detects number substitutions
2026-04-06T14:06:35.5574075Z ✅ /home/runner/work/Hunting_Call/Hunting_Call/test/core/utils/profanity_filter_test.dart: ProfanityFilter containsProfanity — leet-speak detects symbol substitutions
2026-04-06T14:06:35.5625010Z ✅ /home/runner/work/Hunting_Call/Hunting_Call/test/core/utils/profanity_filter_test.dart: ProfanityFilter containsProfanity — leet-speak detects spaced-out evasion
2026-04-06T14:06:35.5993022Z ✅ /home/runner/work/Hunting_Call/Hunting_Call/test/core/utils/profanity_filter_test.dart: ProfanityFilter containsProfanity — homoglyphs detects Cyrillic lookalikes
2026-04-06T14:06:35.6076227Z ✅ /home/runner/work/Hunting_Call/Hunting_Call/test/core/utils/profanity_filter_test.dart: ProfanityFilter containsProfanity — repeated characters detects repeated character evasion
2026-04-06T14:06:35.6140661Z ✅ /home/runner/work/Hunting_Call/Hunting_Call/test/core/utils/profanity_filter_test.dart: ProfanityFilter containsProfanity — reversed text detects reversed profanity
2026-04-06T14:06:35.6209891Z ✅ /home/runner/work/Hunting_Call/Hunting_Call/test/core/utils/profanity_filter_test.dart: ProfanityFilter containsProfanity — multi-language detects Spanish profanity
2026-04-06T14:06:35.6279830Z ✅ /home/runner/work/Hunting_Call/Hunting_Call/test/core/utils/profanity_filter_test.dart: ProfanityFilter containsProfanity — multi-language detects French profanity
2026-04-06T14:06:35.6328437Z ✅ /home/runner/work/Hunting_Call/Hunting_Call/test/core/utils/profanity_filter_test.dart: ProfanityFilter containsProfanity — multi-language detects German profanity
2026-04-06T14:06:35.6383425Z ✅ /home/runner/work/Hunting_Call/Hunting_Call/test/core/utils/profanity_filter_test.dart: ProfanityFilter containsProfanity — false-positive whitelist allows whitelisted words containing blocked substrings
2026-04-06T14:06:35.6418609Z ✅ /home/runner/work/Hunting_Call/Hunting_Call/test/core/utils/profanity_filter_test.dart: ProfanityFilter cleanName returns the name if it is clean
2026-04-06T14:06:35.6518486Z ##[group]✅ /home/runner/work/Hunting_Call/Hunting_Call/test/core/utils/profanity_filter_test.dart: ProfanityFilter cleanName returns fallback for profane names
2026-04-06T14:06:35.6520492Z ⚠️ ProfanityFilter: blocked name "hitler"
2026-04-06T14:06:35.6522181Z ⚠️ ProfanityFilter: blocked name "niggerhitler"
2026-04-06T14:06:35.6523576Z ##[endgroup]
2026-04-06T14:06:35.6557495Z ##[group]✅ /home/runner/work/Hunting_Call/Hunting_Call/test/core/utils/profanity_filter_test.dart: ProfanityFilter cleanName supports custom fallback
2026-04-06T14:06:35.6560362Z ⚠️ ProfanityFilter: blocked name "hitler"
2026-04-06T14:06:35.6562620Z ##[endgroup]
2026-04-06T14:06:35.6609254Z ✅ /home/runner/work/Hunting_Call/Hunting_Call/test/core/utils/profanity_filter_test.dart: ProfanityFilter getFirstMatch returns null for clean input
2026-04-06T14:06:35.6644362Z ✅ /home/runner/work/Hunting_Call/Hunting_Call/test/core/utils/profanity_filter_test.dart: ProfanityFilter getFirstMatch returns the matched term for direct matches
2026-04-06T14:06:35.6685408Z ✅ /home/runner/work/Hunting_Call/Hunting_Call/test/core/utils/profanity_filter_test.dart: ProfanityFilter getFirstMatch returns reversed annotation for reversed text
2026-04-06T14:06:35.6734873Z ##[group]✅ /home/runner/work/Hunting_Call/Hunting_Call/test/core/utils/profanity_filter_test.dart: ProfanityFilter loadRemoteTerms detects dynamically loaded terms
2026-04-06T14:06:35.6738838Z 🔄 ProfanityFilter: loaded 1 remote terms
2026-04-06T14:06:35.6742185Z ##[endgroup]
2026-04-06T14:06:36.2471334Z ✅ /home/runner/work/Hunting_Call/Hunting_Call/test/core/utils/friendly_errors_test.dart: FriendlyErrorFormatter null error returns squirrel fallback
2026-04-06T14:06:36.2508727Z ✅ /home/runner/work/Hunting_Call/Hunting_Call/test/core/utils/friendly_errors_test.dart: FriendlyErrorFormatter SocketException returns coffee break message
2026-04-06T14:06:36.2553009Z ✅ /home/runner/work/Hunting_Call/Hunting_Call/test/core/utils/friendly_errors_test.dart: FriendlyErrorFormatter string with "network" returns coffee break
2026-04-06T14:06:36.2556911Z ✅ /home/runner/work/Hunting_Call/Hunting_Call/test/core/utils/friendly_errors_test.dart: FriendlyErrorFormatter string with "socket" returns coffee break
2026-04-06T14:06:36.2583746Z ✅ /home/runner/work/Hunting_Call/Hunting_Call/test/core/utils/friendly_errors_test.dart: FriendlyErrorFormatter TimeoutException returns carrier pigeon
2026-04-06T14:06:36.2606857Z ✅ /home/runner/work/Hunting_Call/Hunting_Call/test/core/utils/friendly_errors_test.dart: FriendlyErrorFormatter string with "timeout" returns carrier pigeon
2026-04-06T14:06:36.2633600Z ✅ /home/runner/work/Hunting_Call/Hunting_Call/test/core/utils/friendly_errors_test.dart: FriendlyErrorFormatter PlatformException returns gears message
2026-04-06T14:06:36.2660808Z ✅ /home/runner/work/Hunting_Call/Hunting_Call/test/core/utils/friendly_errors_test.dart: FriendlyErrorFormatter FormatException returns map message
2026-04-06T14:06:36.2683440Z ✅ /home/runner/work/Hunting_Call/Hunting_Call/test/core/utils/friendly_errors_test.dart: FriendlyErrorFormatter permission error returns key message
2026-04-06T14:06:36.2706279Z ✅ /home/runner/work/Hunting_Call/Hunting_Call/test/core/utils/friendly_errors_test.dart: FriendlyErrorFormatter unknown error returns wild error fallback
2026-04-06T14:06:36.2734265Z ✅ /home/runner/work/Hunting_Call/Hunting_Call/test/core/utils/friendly_errors_test.dart: FriendlyErrorFormatter xmlhttprequest error returns network message
2026-04-06T14:06:37.2546036Z ##[group]❌ /home/runner/work/Hunting_Call/Hunting_Call/test/core/utils/animal_image_alignment_test.dart: AnimalImageAlignment known image returns custom alignment (failed)
2026-04-06T14:06:37.2557320Z Expected: not Alignment:<Alignment.center>
2026-04-06T14:06:37.2557831Z   Actual: Alignment:<Alignment.center>
2026-04-06T14:06:37.2558125Z 
2026-04-06T14:06:37.2602183Z package:matcher                                       expect
2026-04-06T14:06:37.2604030Z package:flutter_test/src/widget_tester.dart 473:18    expect
2026-04-06T14:06:37.2605917Z test/core/utils/animal_image_alignment_test.dart 9:7  main.<fn>.<fn>
2026-04-06T14:06:37.2608042Z ##[endgroup]
2026-04-06T14:06:37.2823263Z ##[group]❌ /home/runner/work/Hunting_Call/Hunting_Call/test/core/utils/animal_image_alignment_test.dart: AnimalImageAlignment barred_owl returns slightly north alignment (failed)
2026-04-06T14:06:37.2827927Z Expected: a value less than <0>
2026-04-06T14:06:37.2831537Z   Actual: <0.0>
2026-04-06T14:06:37.2831885Z    Which: is not a value less than <0>
2026-04-06T14:06:37.2835000Z 
2026-04-06T14:06:37.2835288Z package:matcher                                        expect
2026-04-06T14:06:37.2835920Z package:flutter_test/src/widget_tester.dart 473:18     expect
2026-04-06T14:06:37.2839021Z test/core/utils/animal_image_alignment_test.dart 15:7  main.<fn>.<fn>
2026-04-06T14:06:37.2839899Z ##[endgroup]
2026-04-06T14:06:37.2878483Z ✅ /home/runner/work/Hunting_Call/Hunting_Call/test/core/utils/animal_image_alignment_test.dart: AnimalImageAlignment unknown image returns Alignment.center
2026-04-06T14:06:37.3011471Z ##[group]❌ /home/runner/work/Hunting_Call/Hunting_Call/test/core/utils/animal_image_alignment_test.dart: AnimalImageAlignment full path extracts filename correctly (failed)
2026-04-06T14:06:37.3015511Z Expected: not Alignment:<Alignment.center>
2026-04-06T14:06:37.3015995Z   Actual: Alignment:<Alignment.center>
2026-04-06T14:06:37.3016285Z 
2026-04-06T14:06:37.3016507Z package:matcher                                        expect
2026-04-06T14:06:37.3017111Z package:flutter_test/src/widget_tester.dart 473:18     expect
2026-04-06T14:06:37.3017803Z test/core/utils/animal_image_alignment_test.dart 25:7  main.<fn>.<fn>
2026-04-06T14:06:37.3018616Z ##[endgroup]
2026-04-06T14:06:37.3060327Z ✅ /home/runner/work/Hunting_Call/Hunting_Call/test/core/utils/animal_image_alignment_test.dart: AnimalImageAlignment all mapped images have non-null alignments
2026-04-06T14:06:37.3109069Z ✅ /home/runner/work/Hunting_Call/Hunting_Call/test/core/utils/animal_image_alignment_test.dart: AnimalImageAlignment x alignment is always centered (all images use 0.0 x)
2026-04-06T14:06:37.3146971Z ✅ /home/runner/work/Hunting_Call/Hunting_Call/test/core/utils/animal_image_alignment_test.dart: AnimalImageAlignment empty string returns center
2026-04-06T14:06:38.0022671Z ✅ /home/runner/work/Hunting_Call/Hunting_Call/test/core/utils/input_sanitizer_test.dart: InputSanitizer.sanitizeName trims whitespace
2026-04-06T14:06:38.0062434Z ✅ /home/runner/work/Hunting_Call/Hunting_Call/test/core/utils/input_sanitizer_test.dart: InputSanitizer.sanitizeName removes control characters
2026-04-06T14:06:38.0148649Z ##[group]✅ /home/runner/work/Hunting_Call/Hunting_Call/test/core/utils/input_sanitizer_test.dart: InputSanitizer.sanitizeName strips HTML tags and filters profanity
2026-04-06T14:06:38.0155356Z ⚠️ ProfanityFilter: blocked name "alert("xss")John"
2026-04-06T14:06:38.0156064Z ##[endgroup]
2026-04-06T14:06:38.0205447Z ✅ /home/runner/work/Hunting_Call/Hunting_Call/test/core/utils/input_sanitizer_test.dart: InputSanitizer.sanitizeName truncates to maxNameLength
2026-04-06T14:06:38.0519992Z ##[group]✅ /home/runner/work/Hunting_Call/Hunting_Call/test/core/utils/input_sanitizer_test.dart: InputSanitizer.sanitizeName preserves valid Unicode characters
2026-04-06T14:06:38.0522461Z ⚠️ ProfanityFilter: blocked name "Jöhn Dœ"
2026-04-06T14:06:38.0525150Z ##[endgroup]
2026-04-06T14:06:38.0583257Z ✅ /home/runner/work/Hunting_Call/Hunting_Call/test/core/utils/input_sanitizer_test.dart: InputSanitizer.sanitizeName preserves emojis
2026-04-06T14:06:38.0663486Z ✅ /home/runner/work/Hunting_Call/Hunting_Call/test/core/utils/input_sanitizer_test.dart: InputSanitizer.sanitizeName handles empty string
2026-04-06T14:06:38.0721610Z ✅ /home/runner/work/Hunting_Call/Hunting_Call/test/core/utils/input_sanitizer_test.dart: InputSanitizer.sanitizeName handles whitespace-only string
2026-04-06T14:06:38.0816147Z ✅ /home/runner/work/Hunting_Call/Hunting_Call/test/core/utils/input_sanitizer_test.dart: InputSanitizer.sanitizeName removes nested HTML tags
2026-04-06T14:06:38.0872738Z ✅ /home/runner/work/Hunting_Call/Hunting_Call/test/core/utils/input_sanitizer_test.dart: InputSanitizer.sanitizeFreeText trims and strips tags
2026-04-06T14:06:38.0905185Z ✅ /home/runner/work/Hunting_Call/Hunting_Call/test/core/utils/input_sanitizer_test.dart: InputSanitizer.sanitizeFreeText truncates to maxFeedbackLength
2026-04-06T14:06:38.0936908Z ✅ /home/runner/work/Hunting_Call/Hunting_Call/test/core/utils/input_sanitizer_test.dart: InputSanitizer.sanitizeFreeText preserves newlines and tabs
2026-04-06T14:06:38.0981656Z ✅ /home/runner/work/Hunting_Call/Hunting_Call/test/core/utils/input_sanitizer_test.dart: InputSanitizer.isValidEmail accepts valid emails
2026-04-06T14:06:38.1013665Z ✅ /home/runner/work/Hunting_Call/Hunting_Call/test/core/utils/input_sanitizer_test.dart: InputSanitizer.isValidEmail rejects invalid emails
2026-04-06T14:06:38.1048451Z ✅ /home/runner/work/Hunting_Call/Hunting_Call/test/core/utils/input_sanitizer_test.dart: InputSanitizer.isValidEmail trims whitespace before validating
2026-04-06T14:06:38.7661911Z ✅ /home/runner/work/Hunting_Call/Hunting_Call/test/core/utils/spam_filter_test.dart: SpamFilter isSuspiciousEmail detects bot-farm pattern: firstname.lastname.NNNNN@gmail.com
2026-04-06T14:06:38.7696113Z ✅ /home/runner/work/Hunting_Call/Hunting_Call/test/core/utils/spam_filter_test.dart: SpamFilter isSuspiciousEmail detects blocked test domains
2026-04-06T14:06:38.7749340Z ✅ /home/runner/work/Hunting_Call/Hunting_Call/test/core/utils/spam_filter_test.dart: SpamFilter isSuspiciousEmail allows legitimate emails
2026-04-06T14:06:38.7774635Z ✅ /home/runner/work/Hunting_Call/Hunting_Call/test/core/utils/spam_filter_test.dart: SpamFilter isSuspiciousEmail handles null and empty emails
2026-04-06T14:06:38.7802113Z ✅ /home/runner/work/Hunting_Call/Hunting_Call/test/core/utils/spam_filter_test.dart: SpamFilter isSuspiciousEmail is case-insensitive
2026-04-06T14:06:38.7829325Z ✅ /home/runner/work/Hunting_Call/Hunting_Call/test/core/utils/spam_filter_test.dart: SpamFilter isSuspiciousProfile flags profiles with suspicious emails
2026-04-06T14:06:38.7865413Z ✅ /home/runner/work/Hunting_Call/Hunting_Call/test/core/utils/spam_filter_test.dart: SpamFilter isSuspiciousProfile flags old ghost accounts (no email, no activity)
2026-04-06T14:06:38.7886805Z ✅ /home/runner/work/Hunting_Call/Hunting_Call/test/core/utils/spam_filter_test.dart: SpamFilter isSuspiciousProfile allows new anonymous accounts (under 7 days)
2026-04-06T14:06:38.7908233Z ✅ /home/runner/work/Hunting_Call/Hunting_Call/test/core/utils/spam_filter_test.dart: SpamFilter isSuspiciousProfile allows legitimate profiles with real emails
2026-04-06T14:06:38.7935048Z ✅ /home/runner/work/Hunting_Call/Hunting_Call/test/core/utils/spam_filter_test.dart: SpamFilter getSuspiciousReason returns reason for bot-farm email
2026-04-06T14:06:38.7956387Z ✅ /home/runner/work/Hunting_Call/Hunting_Call/test/core/utils/spam_filter_test.dart: SpamFilter getSuspiciousReason returns reason for blocked domain
2026-04-06T14:06:38.7978117Z ✅ /home/runner/work/Hunting_Call/Hunting_Call/test/core/utils/spam_filter_test.dart: SpamFilter getSuspiciousReason returns null for legitimate email
2026-04-06T14:06:38.7998854Z ✅ /home/runner/work/Hunting_Call/Hunting_Call/test/core/utils/spam_filter_test.dart: SpamFilter getSuspiciousReason returns null for null/empty input
2026-04-06T14:06:39.7862892Z ✅ /home/runner/work/Hunting_Call/Hunting_Call/test/core/services/bayesian_fusion_service_test.dart: BayesianFusionService.applyPriors empty rawResults returns empty
2026-04-06T14:06:39.7900792Z ✅ /home/runner/work/Hunting_Call/Hunting_Call/test/core/services/bayesian_fusion_service_test.dart: BayesianFusionService.applyPriors null context returns rawResults unchanged
2026-04-06T14:06:39.7924926Z ✅ /home/runner/work/Hunting_Call/Hunting_Call/test/core/services/bayesian_fusion_service_test.dart: BayesianFusionService.applyPriors empty string context returns rawResults unchanged
2026-04-06T14:06:39.8003411Z ✅ /home/runner/work/Hunting_Call/Hunting_Call/test/core/services/bayesian_fusion_service_test.dart: BayesianFusionService.applyPriors matching species gets boosted
2026-04-06T14:06:39.8028147Z ✅ /home/runner/work/Hunting_Call/Hunting_Call/test/core/services/bayesian_fusion_service_test.dart: BayesianFusionService.applyPriors non-matching species gets suppressed relatively
2026-04-06T14:06:39.8052997Z ✅ /home/runner/work/Hunting_Call/Hunting_Call/test/core/services/bayesian_fusion_service_test.dart: BayesianFusionService.applyPriors results are capped at 99%
2026-04-06T14:06:39.8076661Z ✅ /home/runner/work/Hunting_Call/Hunting_Call/test/core/services/bayesian_fusion_service_test.dart: BayesianFusionService.applyPriors results below confidence floor (5%) are dropped
2026-04-06T14:06:39.8120931Z ✅ /home/runner/work/Hunting_Call/Hunting_Call/test/core/services/bayesian_fusion_service_test.dart: BayesianFusionService.applyPriors scientific name matching works
2026-04-06T14:06:39.8150257Z ✅ /home/runner/work/Hunting_Call/Hunting_Call/test/core/services/bayesian_fusion_service_test.dart: BayesianFusionService.applyPriors partial token matching works (e.g. "Turkey" in "Wild Turkey")
2026-04-06T14:06:39.8177333Z ✅ /home/runner/work/Hunting_Call/Hunting_Call/test/core/services/bayesian_fusion_service_test.dart: BayesianFusionService.applyPriors results are sorted descending by confidence
2026-04-06T14:06:39.8202211Z ✅ /home/runner/work/Hunting_Call/Hunting_Call/test/core/services/bayesian_fusion_service_test.dart: BayesianFusionService.applyPriors single result returns correct value
2026-04-06T14:06:39.8224903Z ✅ /home/runner/work/Hunting_Call/Hunting_Call/test/core/services/bayesian_fusion_service_test.dart: BayesianFusionService.applyPriors all zero confidences return rawResults
2026-04-06T14:06:40.5064053Z ##[group]❌ /home/runner/work/Hunting_Call/Hunting_Call/test/core/services/connectivity_provider_test.dart: isOfflineProvider reports offline when connectivity results are empty (failed)
2026-04-06T14:06:40.5082869Z Expected: <true>
2026-04-06T14:06:40.5088605Z   Actual: <false>
2026-04-06T14:06:40.5089021Z 
2026-04-06T14:06:40.5089464Z package:matcher                                          expect
2026-04-06T14:06:40.5090516Z package:flutter_test/src/widget_tester.dart 473:18       expect
2026-04-06T14:06:40.5091799Z test/core/services/connectivity_provider_test.dart 17:7  main.<fn>.<fn>
2026-04-06T14:06:40.5093025Z ##[endgroup]
2026-04-06T14:06:40.5290851Z ##[group]❌ /home/runner/work/Hunting_Call/Hunting_Call/test/core/services/connectivity_provider_test.dart: isOfflineProvider reports offline when only ConnectivityResult.none (failed)
2026-04-06T14:06:40.5292861Z Expected: <true>
2026-04-06T14:06:40.5293614Z   Actual: <false>
2026-04-06T14:06:40.5294017Z 
2026-04-06T14:06:40.5294703Z package:matcher                                          expect
2026-04-06T14:06:40.5295697Z package:flutter_test/src/widget_tester.dart 473:18       expect
2026-04-06T14:06:40.5296685Z test/core/services/connectivity_provider_test.dart 28:7  main.<fn>.<fn>
2026-04-06T14:06:40.5412734Z ##[endgroup]
2026-04-06T14:06:40.5415341Z ✅ /home/runner/work/Hunting_Call/Hunting_Call/test/core/services/connectivity_provider_test.dart: isOfflineProvider reports online when wifi is available
2026-04-06T14:06:40.5421554Z ✅ /home/runner/work/Hunting_Call/Hunting_Call/test/core/services/connectivity_provider_test.dart: isOfflineProvider reports online when mobile is available
2026-04-06T14:06:40.5423802Z ✅ /home/runner/work/Hunting_Call/Hunting_Call/test/core/services/connectivity_provider_test.dart: isOfflineProvider reports online when mixed results include a real connection
2026-04-06T14:06:40.5543086Z ##[group]❌ /home/runner/work/Hunting_Call/Hunting_Call/test/core/services/connectivity_provider_test.dart: isOfflineProvider reports offline on stream error (safe default) (failed)
2026-04-06T14:06:40.5546051Z Expected: <true>
2026-04-06T14:06:40.5546413Z   Actual: <false>
2026-04-06T14:06:40.5552675Z 
2026-04-06T14:06:40.5554461Z package:matcher                                          expect
2026-04-06T14:06:40.5556515Z package:flutter_test/src/widget_tester.dart 473:18       expect
2026-04-06T14:06:40.5558104Z test/core/services/connectivity_provider_test.dart 72:7  main.<fn>.<fn>
2026-04-06T14:06:40.5561320Z ##[endgroup]
2026-04-06T14:06:40.5587624Z ✅ /home/runner/work/Hunting_Call/Hunting_Call/test/core/services/connectivity_provider_test.dart: isOfflineProvider reports online while loading (avoids flashing offline)
2026-04-06T14:06:41.2340743Z ✅ /home/runner/work/Hunting_Call/Hunting_Call/test/core/services/version_check_service_test.dart: Version Comparison Logic same version is not older
2026-04-06T14:06:41.2361767Z ✅ /home/runner/work/Hunting_Call/Hunting_Call/test/core/services/version_check_service_test.dart: Version Comparison Logic older major version is detected
2026-04-06T14:06:41.2402652Z ✅ /home/runner/work/Hunting_Call/Hunting_Call/test/core/services/version_check_service_test.dart: Version Comparison Logic newer major version is not older
2026-04-06T14:06:41.2418938Z ✅ /home/runner/work/Hunting_Call/Hunting_Call/test/core/services/version_check_service_test.dart: Version Comparison Logic older minor version is detected
2026-04-06T14:06:41.2454805Z ✅ /home/runner/work/Hunting_Call/Hunting_Call/test/core/services/version_check_service_test.dart: Version Comparison Logic newer minor version is not older
2026-04-06T14:06:41.2479290Z ✅ /home/runner/work/Hunting_Call/Hunting_Call/test/core/services/version_check_service_test.dart: Version Comparison Logic older patch version is detected
2026-04-06T14:06:41.2503244Z ✅ /home/runner/work/Hunting_Call/Hunting_Call/test/core/services/version_check_service_test.dart: Version Comparison Logic newer patch version is not older
2026-04-06T14:06:41.2526759Z ✅ /home/runner/work/Hunting_Call/Hunting_Call/test/core/services/version_check_service_test.dart: Version Comparison Logic handles two-segment version vs three-segment
2026-04-06T14:06:41.2549003Z ✅ /home/runner/work/Hunting_Call/Hunting_Call/test/core/services/version_check_service_test.dart: Version Comparison Logic handles single-segment version
2026-04-06T14:06:41.2580059Z ✅ /home/runner/work/Hunting_Call/Hunting_Call/test/core/services/version_check_service_test.dart: Version Comparison Logic handles non-numeric parts gracefully
2026-04-06T14:06:41.2616233Z ✅ /home/runner/work/Hunting_Call/Hunting_Call/test/core/services/version_check_service_test.dart: Version Comparison Logic large version numbers work
2026-04-06T14:06:42.1991189Z ✅ /home/runner/work/Hunting_Call/Hunting_Call/test/core/services/cloud_audio_service_test.dart: AudioSource asset source has isAsset = true
2026-04-06T14:06:42.2010488Z ✅ /home/runner/work/Hunting_Call/Hunting_Call/test/core/services/cloud_audio_service_test.dart: AudioSource file source has isAsset = false
2026-04-06T14:06:42.2040553Z ✅ /home/runner/work/Hunting_Call/Hunting_Call/test/core/services/cloud_audio_service_test.dart: AudioSource asset and file sources are distinct types
2026-04-06T14:06:42.2066834Z ✅ /home/runner/work/Hunting_Call/Hunting_Call/test/core/services/cloud_audio_service_test.dart: AudioSource preserves path exactly as given
2026-04-06T14:06:42.2101172Z ✅ /home/runner/work/Hunting_Call/Hunting_Call/test/core/services/cloud_audio_service_test.dart: CloudAudioService.isBundled returns true for free call IDs
2026-04-06T14:06:42.2144676Z ✅ /home/runner/work/Hunting_Call/Hunting_Call/test/core/services/cloud_audio_service_test.dart: CloudAudioService.isBundled returns false for premium call IDs
2026-04-06T14:06:42.2175102Z ✅ /home/runner/work/Hunting_Call/Hunting_Call/test/core/services/cloud_audio_service_test.dart: CloudAudioService.isBundled returns true for all configured free call IDs
2026-04-06T14:06:42.2195510Z ✅ /home/runner/work/Hunting_Call/Hunting_Call/test/core/services/cloud_audio_service_test.dart: CloudAudioService.isBundled returns false for empty string
2026-04-06T14:06:42.2218203Z ✅ /home/runner/work/Hunting_Call/Hunting_Call/test/core/services/cloud_audio_service_test.dart: CloudAudioService.isBundled is case-sensitive
2026-04-06T14:06:42.9277138Z ##[group]✅ /home/runner/work/Hunting_Call/Hunting_Call/test/scoring_calibration_test.dart: Calculate Score for Perfect Mallard
2026-04-06T14:06:42.9282928Z Skipping: scripts/perfect_mallard.wav not found
2026-04-06T14:06:42.9283620Z ##[endgroup]
2026-04-06T14:06:43.4630580Z ✅ /home/runner/work/Hunting_Call/Hunting_Call/test/features/onboarding/onboarding_failure_test.dart: OnboardingFailure StorageError includes details
2026-04-06T14:06:43.4662671Z ✅ /home/runner/work/Hunting_Call/Hunting_Call/test/features/onboarding/onboarding_failure_test.dart: OnboardingFailure StorageError is OnboardingFailure subtype
2026-04-06T14:06:44.3152531Z ✅ /home/runner/work/Hunting_Call/Hunting_Call/test/features/onboarding/domain/usecases/onboarding_use_cases_test.dart: CheckOnboardingStatusUseCase returns false when onboarding not completed
2026-04-06T14:06:44.3183923Z ✅ /home/runner/work/Hunting_Call/Hunting_Call/test/features/onboarding/domain/usecases/onboarding_use_cases_test.dart: CheckOnboardingStatusUseCase returns true when onboarding completed
2026-04-06T14:06:44.3239205Z ✅ /home/runner/work/Hunting_Call/Hunting_Call/test/features/onboarding/domain/usecases/onboarding_use_cases_test.dart: CheckOnboardingStatusUseCase returns StorageError when operation fails
2026-04-06T14:06:44.3269527Z ✅ /home/runner/work/Hunting_Call/Hunting_Call/test/features/onboarding/domain/usecases/onboarding_use_cases_test.dart: CompleteOnboardingUseCase successfully marks onboarding as complete
2026-04-06T14:06:44.3298857Z ✅ /home/runner/work/Hunting_Call/Hunting_Call/test/features/onboarding/domain/usecases/onboarding_use_cases_test.dart: CompleteOnboardingUseCase returns StorageError when operation fails
2026-04-06T14:06:44.3327334Z ✅ /home/runner/work/Hunting_Call/Hunting_Call/test/features/onboarding/domain/usecases/onboarding_use_cases_test.dart: Integration - Onboarding Flow complete onboarding flow works correctly
2026-04-06T14:06:45.0167374Z ✅ /home/runner/work/Hunting_Call/Hunting_Call/test/features/progress_map/domain/world_info_test.dart: WorldInfo has 8 worlds defined
2026-04-06T14:06:45.0224069Z ✅ /home/runner/work/Hunting_Call/Hunting_Call/test/features/progress_map/domain/world_info_test.dart: WorldInfo each world has a unique name
2026-04-06T14:06:45.0263688Z ✅ /home/runner/work/Hunting_Call/Hunting_Call/test/features/progress_map/domain/world_info_test.dart: WorldInfo world names match expected roster
2026-04-06T14:06:45.0288287Z ✅ /home/runner/work/Hunting_Call/Hunting_Call/test/features/progress_map/domain/world_info_test.dart: WorldInfo each world has either animalNames or categories
2026-04-06T14:06:45.0311737Z ✅ /home/runner/work/Hunting_Call/Hunting_Call/test/features/progress_map/domain/world_info_test.dart: NodeState has expected values
2026-04-06T14:06:45.0357746Z ✅ /home/runner/work/Hunting_Call/Hunting_Call/test/features/progress_map/domain/world_info_test.dart: getAnimalEmoji returns duck emoji for waterfowl
2026-04-06T14:06:45.0383307Z ✅ /home/runner/work/Hunting_Call/Hunting_Call/test/features/progress_map/domain/world_info_test.dart: getAnimalEmoji returns deer emoji for big game
2026-04-06T14:06:45.0406546Z ✅ /home/runner/work/Hunting_Call/Hunting_Call/test/features/progress_map/domain/world_info_test.dart: getAnimalEmoji returns wolf emoji for canines
2026-04-06T14:06:45.0443926Z ✅ /home/runner/work/Hunting_Call/Hunting_Call/test/features/progress_map/domain/world_info_test.dart: getAnimalEmoji returns cat emoji for big cats
2026-04-06T14:06:45.0462782Z ✅ /home/runner/work/Hunting_Call/Hunting_Call/test/features/progress_map/domain/world_info_test.dart: getAnimalEmoji returns lion emoji for lion
2026-04-06T14:06:45.0483921Z ✅ /home/runner/work/Hunting_Call/Hunting_Call/test/features/progress_map/domain/world_info_test.dart: getAnimalEmoji returns turkey emoji for turkey
2026-04-06T14:06:45.0507006Z ✅ /home/runner/work/Hunting_Call/Hunting_Call/test/features/progress_map/domain/world_info_test.dart: getAnimalEmoji returns bird emoji for land birds
2026-04-06T14:06:45.0535656Z ✅ /home/runner/work/Hunting_Call/Hunting_Call/test/features/progress_map/domain/world_info_test.dart: getAnimalEmoji returns hog emoji for hogs
2026-04-06T14:06:45.0565594Z ✅ /home/runner/work/Hunting_Call/Hunting_Call/test/features/progress_map/domain/world_info_test.dart: getAnimalEmoji returns sparkle emoji for awebo
2026-04-06T14:06:45.0610414Z ✅ /home/runner/work/Hunting_Call/Hunting_Call/test/features/progress_map/domain/world_info_test.dart: getAnimalEmoji returns default target emoji for unknown animals
2026-04-06T14:06:45.0630131Z ✅ /home/runner/work/Hunting_Call/Hunting_Call/test/features/progress_map/domain/world_info_test.dart: getAnimalEmoji is case-insensitive
2026-04-06T14:06:46.9025661Z ##[group]✅ /home/runner/work/Hunting_Call/Hunting_Call/test/features/payment/data/payment_repository_test.dart: MockPaymentRepository purchasePremium returns true and updates profile
2026-04-06T14:06:46.9029164Z 🛒 MockPayment: Processing mock purchase (null) for user1...
2026-04-06T14:06:46.9030091Z ✅ MockPayment: User is now PREMIUM.
2026-04-06T14:06:46.9031243Z ##[endgroup]
2026-04-06T14:06:47.9090555Z ##[group]✅ /home/runner/work/Hunting_Call/Hunting_Call/test/features/payment/data/payment_repository_test.dart: MockPaymentRepository purchasePremium returns false when profile update fails
2026-04-06T14:06:47.9093204Z 🛒 MockPayment: Processing mock purchase (null) for user1...
2026-04-06T14:06:47.9094144Z ❌ MockPayment: Purchase failed: Exception: Network error
2026-04-06T14:06:47.9096095Z ##[endgroup]
2026-04-06T14:06:48.9149890Z ##[group]✅ /home/runner/work/Hunting_Call/Hunting_Call/test/features/payment/data/payment_repository_test.dart: MockPaymentRepository restorePurchases delegates to purchasePremium
2026-04-06T14:06:48.9152628Z 🛒 MockPayment: Restoring purchases for user1...
2026-04-06T14:06:48.9153432Z 🛒 MockPayment: Processing mock purchase (outcall_premium_restored) for user1...
2026-04-06T14:06:48.9154166Z ✅ MockPayment: User is now PREMIUM.
2026-04-06T14:06:48.9154798Z ##[endgroup]
2026-04-06T14:06:49.8733941Z ✅ /home/runner/work/Hunting_Call/Hunting_Call/test/features/profile/user_profile_test.dart: UserProfile default constructor uses correct defaults
2026-04-06T14:06:49.8761641Z ✅ /home/runner/work/Hunting_Call/Hunting_Call/test/features/profile/user_profile_test.dart: UserProfile guest() creates valid guest profile
2026-04-06T14:06:49.8792588Z ✅ /home/runner/work/Hunting_Call/Hunting_Call/test/features/profile/user_profile_test.dart: UserProfile copyWith preserves unmodified fields
2026-04-06T14:06:49.8824312Z ✅ /home/runner/work/Hunting_Call/Hunting_Call/test/features/profile/user_profile_test.dart: UserProfile copyWith can update all mutable fields
2026-04-06T14:06:49.8872237Z ✅ /home/runner/work/Hunting_Call/Hunting_Call/test/features/profile/user_profile_test.dart: UserProfile history list is immutable reference
2026-04-06T14:06:49.8895209Z ✅ /home/runner/work/Hunting_Call/Hunting_Call/test/features/profile/user_profile_test.dart: UserProfile achievements list tracks IDs
2026-04-06T14:06:49.8927303Z ✅ /home/runner/work/Hunting_Call/Hunting_Call/test/features/profile/user_profile_test.dart: HistoryItem constructs with required fields
2026-04-06T14:06:49.9033735Z ✅ /home/runner/work/Hunting_Call/Hunting_Call/test/features/profile/user_profile_test.dart: HistoryItem JSON serialization roundtrip
2026-04-06T14:06:49.9096851Z ✅ /home/runner/work/Hunting_Call/Hunting_Call/test/features/profile/user_profile_test.dart: UserProfile JSON serialization roundtrip with full data
2026-04-06T14:06:50.5920186Z ##[group]✅ /home/runner/work/Hunting_Call/Hunting_Call/test/features/profile/data/datasources/migrating_profile_data_source_test.dart: MigratingProfileDataSource returns secure profile if it already has history or premium
2026-04-06T14:06:50.5921761Z 🔒 SecureProfileDataSource: Reading user_profile_test_user_123: found
2026-04-06T14:06:50.5922437Z 🔒 SecureProfileDataSource: Parsed isPremium=true
2026-04-06T14:06:50.5923073Z ##[endgroup]
2026-04-06T14:06:50.6122891Z ##[group]✅ /home/runner/work/Hunting_Call/Hunting_Call/test/features/profile/data/datasources/migrating_profile_data_source_test.dart: MigratingProfileDataSource migrates from local to secure if secure is empty but local has data
2026-04-06T14:06:50.6124127Z 🔒 SecureProfileDataSource: Reading user_profile_test_user_123: found
2026-04-06T14:06:50.6124587Z 🔒 SecureProfileDataSource: Parsed isPremium=false
2026-04-06T14:06:50.6128478Z 🔍 LocalProfileDataSource: Reading user_profile_test_user_123: {"id":"test_user_123","name":"Legacy Hunter","email":null,"nickname":null,"avatarUrl":null,"joinedDate":"2023-01-01T00:00:00.000","totalCalls":1,"averageScore":85.0,"history":[{"result":{"score":85.0,"feedback":"Good pitch","pitchHz":500.0,"metrics":{"pitch":0.8,"duration":0.9},"userWaveform":null,"referenceWaveform":null,"latitude":null,"longitude":null,"featureVectors":null,"archetypeLabel":null},"timestamp":"2023-01-02T00:00:00.000","animalId":"duck"}],"achievements":[],"favoriteCallIds":[],"dailyChallengesCompleted":0,"lastDailyChallengeDate":null,"currentStreak":0,"longestStreak":0,"birthday":null,"isPremium":true,"isAlphaTester":false,"nameRestricted":false,"referralCode":null,"referredBy":null,"referralCount":0,"lastActiveAt":null,"calibrationBaselines":{}}
2026-04-06T14:06:50.6132437Z 🔍 LocalProfileDataSource: Parsed isPremium=true
2026-04-06T14:06:50.6133556Z 📦 MigratingProfileDataSource: Migrating profile test_user_123 from local to secure storage.
2026-04-06T14:06:50.6134520Z ##[endgroup]
2026-04-06T14:06:50.6208089Z ✅ /home/runner/work/Hunting_Call/Hunting_Call/test/features/profile/data/datasources/migrating_profile_data_source_test.dart: MigratingProfileDataSource saveProfile always writes to secure storage only
2026-04-06T14:06:51.1866284Z ✅ /home/runner/work/Hunting_Call/Hunting_Call/test/features/profile/daily_challenge_stats_test.dart: DailyChallengeStats initial() creates zeroed stats
2026-04-06T14:06:51.1919285Z ✅ /home/runner/work/Hunting_Call/Hunting_Call/test/features/profile/daily_challenge_stats_test.dart: DailyChallengeStats copyWith preserves unmodified fields
2026-04-06T14:06:51.1972872Z ✅ /home/runner/work/Hunting_Call/Hunting_Call/test/features/profile/daily_challenge_stats_test.dart: UpdateDailyChallengeStatsUseCase first challenge ever sets all to 1
2026-04-06T14:06:51.2014659Z ✅ /home/runner/work/Hunting_Call/Hunting_Call/test/features/profile/daily_challenge_stats_test.dart: UpdateDailyChallengeStatsUseCase same day does not increment
2026-04-06T14:06:51.2042456Z ✅ /home/runner/work/Hunting_Call/Hunting_Call/test/features/profile/daily_challenge_stats_test.dart: UpdateDailyChallengeStatsUseCase consecutive day increments streak
2026-04-06T14:06:51.2069041Z ✅ /home/runner/work/Hunting_Call/Hunting_Call/test/features/profile/daily_challenge_stats_test.dart: UpdateDailyChallengeStatsUseCase consecutive day updates longest streak when beaten
2026-04-06T14:06:51.2096048Z ✅ /home/runner/work/Hunting_Call/Hunting_Call/test/features/profile/daily_challenge_stats_test.dart: UpdateDailyChallengeStatsUseCase gap of 2+ days resets streak to 1
2026-04-06T14:06:51.2120495Z ✅ /home/runner/work/Hunting_Call/Hunting_Call/test/features/profile/daily_challenge_stats_test.dart: UpdateDailyChallengeStatsUseCase month boundary handling (March 31 → April 1)
2026-04-06T14:06:51.2146059Z ✅ /home/runner/work/Hunting_Call/Hunting_Call/test/features/profile/daily_challenge_stats_test.dart: UpdateDailyChallengeStatsUseCase year boundary handling (Dec 31 → Jan 1)
2026-04-06T14:06:52.0826628Z ✅ /home/runner/work/Hunting_Call/Hunting_Call/test/features/profile/domain/use_cases/update_daily_challenge_stats_use_case_test.dart: UpdateDailyChallengeStatsUseCase first challenge ever starts streak at 1
2026-04-06T14:06:52.0866904Z ✅ /home/runner/work/Hunting_Call/Hunting_Call/test/features/profile/domain/use_cases/update_daily_challenge_stats_use_case_test.dart: UpdateDailyChallengeStatsUseCase consecutive day challenge increments streak
2026-04-06T14:06:52.0892641Z ✅ /home/runner/work/Hunting_Call/Hunting_Call/test/features/profile/domain/use_cases/update_daily_challenge_stats_use_case_test.dart: UpdateDailyChallengeStatsUseCase consecutive day challenge sets new longest streak
2026-04-06T14:06:52.0918521Z ✅ /home/runner/work/Hunting_Call/Hunting_Call/test/features/profile/domain/use_cases/update_daily_challenge_stats_use_case_test.dart: UpdateDailyChallengeStatsUseCase non-consecutive day challenge resets streak to 1
2026-04-06T14:06:52.0945192Z ✅ /home/runner/work/Hunting_Call/Hunting_Call/test/features/profile/domain/use_cases/update_daily_challenge_stats_use_case_test.dart: UpdateDailyChallengeStatsUseCase same day challenge does not increment
2026-04-06T14:06:52.0972763Z ✅ /home/runner/work/Hunting_Call/Hunting_Call/test/features/profile/domain/use_cases/update_daily_challenge_stats_use_case_test.dart: UpdateDailyChallengeStatsUseCase handles edge case of exactly 24 hours (same calendar day)
2026-04-06T14:06:52.0994773Z ✅ /home/runner/work/Hunting_Call/Hunting_Call/test/features/profile/domain/use_cases/update_daily_challenge_stats_use_case_test.dart: UpdateDailyChallengeStatsUseCase handles edge case of midnight boundary (consecutive days)
2026-04-06T14:06:52.7563536Z ✅ /home/runner/work/Hunting_Call/Hunting_Call/test/features/profile/achievement_service_test.dart: AchievementService has 31 achievements defined
2026-04-06T14:06:52.7589679Z ✅ /home/runner/work/Hunting_Call/Hunting_Call/test/features/profile/achievement_service_test.dart: AchievementService all achievements have unique IDs
2026-04-06T14:06:52.7617969Z ✅ /home/runner/work/Hunting_Call/Hunting_Call/test/features/profile/achievement_service_test.dart: AchievementService all achievements have non-empty name, description, and icon
2026-04-06T14:06:52.7663521Z ✅ /home/runner/work/Hunting_Call/Hunting_Call/test/features/profile/achievement_service_test.dart: AchievementService Milestones first_call triggers at 1 recording
2026-04-06T14:06:52.7689458Z ✅ /home/runner/work/Hunting_Call/Hunting_Call/test/features/profile/achievement_service_test.dart: AchievementService Milestones getting_started triggers at 10
2026-04-06T14:06:52.7712558Z ✅ /home/runner/work/Hunting_Call/Hunting_Call/test/features/profile/achievement_service_test.dart: AchievementService Milestones dedicated_hunter at 25
2026-04-06T14:06:52.7732196Z ✅ /home/runner/work/Hunting_Call/Hunting_Call/test/features/profile/achievement_service_test.dart: AchievementService Milestones marathon_hunter at 50
2026-04-06T14:06:52.7753430Z ✅ /home/runner/work/Hunting_Call/Hunting_Call/test/features/profile/achievement_service_test.dart: AchievementService Milestones centurion at 100
2026-04-06T14:06:52.7776184Z ✅ /home/runner/work/Hunting_Call/Hunting_Call/test/features/profile/achievement_service_test.dart: AchievementService Milestones legend at 250
2026-04-06T14:06:52.7808292Z ✅ /home/runner/work/Hunting_Call/Hunting_Call/test/features/profile/achievement_service_test.dart: AchievementService Score Tiers bronze_hunter at 70%+
2026-04-06T14:06:52.7830450Z ✅ /home/runner/work/Hunting_Call/Hunting_Call/test/features/profile/achievement_service_test.dart: AchievementService Score Tiers silver_hunter at 80%+
2026-04-06T14:06:52.7855569Z ✅ /home/runner/work/Hunting_Call/Hunting_Call/test/features/profile/achievement_service_test.dart: AchievementService Score Tiers gold_hunter at 90%+
2026-04-06T14:06:52.7884802Z ✅ /home/runner/work/Hunting_Call/Hunting_Call/test/features/profile/achievement_service_test.dart: AchievementService Score Tiers master_caller at 95%+
2026-04-06T14:06:52.7915924Z ✅ /home/runner/work/Hunting_Call/Hunting_Call/test/features/profile/achievement_service_test.dart: AchievementService Score Tiers perfectionist at 99%+
2026-04-06T14:06:52.7945088Z ✅ /home/runner/work/Hunting_Call/Hunting_Call/test/features/profile/achievement_service_test.dart: AchievementService Consistency consistent_80 needs 5 recordings at 80+
2026-04-06T14:06:52.7969016Z ✅ /home/runner/work/Hunting_Call/Hunting_Call/test/features/profile/achievement_service_test.dart: AchievementService Consistency consistent_90 needs 10 recordings at 90+
2026-04-06T14:06:52.7994248Z ✅ /home/runner/work/Hunting_Call/Hunting_Call/test/features/profile/achievement_service_test.dart: AchievementService Consistency average_elite needs 85+ average
2026-04-06T14:06:52.8022405Z ✅ /home/runner/work/Hunting_Call/Hunting_Call/test/features/profile/achievement_service_test.dart: AchievementService Diversity explorer needs 3 species
2026-04-06T14:06:52.8046212Z ✅ /home/runner/work/Hunting_Call/Hunting_Call/test/features/profile/achievement_service_test.dart: AchievementService Diversity diverse_picker needs 5 species
2026-04-06T14:06:52.8073344Z ✅ /home/runner/work/Hunting_Call/Hunting_Call/test/features/profile/achievement_service_test.dart: AchievementService Diversity call_collector counts unique call IDs (not species)
2026-04-06T14:06:52.8093962Z ✅ /home/runner/work/Hunting_Call/Hunting_Call/test/features/profile/achievement_service_test.dart: AchievementService Daily Challenge challenger at 1 completed
2026-04-06T14:06:52.8116721Z ✅ /home/runner/work/Hunting_Call/Hunting_Call/test/features/profile/achievement_service_test.dart: AchievementService Daily Challenge streak_3 at 3-day streak
2026-04-06T14:06:52.8137181Z ✅ /home/runner/work/Hunting_Call/Hunting_Call/test/features/profile/achievement_service_test.dart: AchievementService Daily Challenge streak_7 at 7-day streak
2026-04-06T14:06:52.8160823Z ✅ /home/runner/work/Hunting_Call/Hunting_Call/test/features/profile/achievement_service_test.dart: AchievementService Daily Challenge streak_30 at 30-day streak
2026-04-06T14:06:52.8196044Z ✅ /home/runner/work/Hunting_Call/Hunting_Call/test/features/profile/achievement_service_test.dart: AchievementService Mastery specialist needs 3x 85%+ on same call
2026-04-06T14:06:52.8230029Z ✅ /home/runner/work/Hunting_Call/Hunting_Call/test/features/profile/achievement_service_test.dart: AchievementService Mastery master_of_one needs 5x 90%+ on same call
2026-04-06T14:06:52.8284872Z ✅ /home/runner/work/Hunting_Call/Hunting_Call/test/features/profile/achievement_service_test.dart: AchievementService Hidden / Fun night_owl triggers for midnight-5am recordings
2026-04-06T14:06:52.8308949Z ✅ /home/runner/work/Hunting_Call/Hunting_Call/test/features/profile/achievement_service_test.dart: AchievementService Hidden / Fun early_bird triggers for 5-6am recordings
2026-04-06T14:06:52.8336905Z ✅ /home/runner/work/Hunting_Call/Hunting_Call/test/features/profile/achievement_service_test.dart: AchievementService Hidden / Fun comeback_kid needs sub-40 then 85+ on same call
2026-04-06T14:06:52.8372727Z ✅ /home/runner/work/Hunting_Call/Hunting_Call/test/features/profile/achievement_service_test.dart: AchievementService Hidden / Fun speed_demon needs 5 recordings in one day
2026-04-06T14:06:52.8412795Z ✅ /home/runner/work/Hunting_Call/Hunting_Call/test/features/profile/achievement_service_test.dart: AchievementService Hidden / Fun grinder needs 10 recordings in one day
2026-04-06T14:06:52.8435308Z ✅ /home/runner/work/Hunting_Call/Hunting_Call/test/features/profile/achievement_service_test.dart: AchievementService Service methods getEarnedAchievements returns only earned ones
2026-04-06T14:06:52.8467282Z ✅ /home/runner/work/Hunting_Call/Hunting_Call/test/features/profile/achievement_service_test.dart: AchievementService Service methods getNewAchievementIds excludes already claimed
2026-04-06T14:06:52.8502168Z ✅ /home/runner/work/Hunting_Call/Hunting_Call/test/features/profile/achievement_service_test.dart: AchievementService Service methods getNewAchievementIds returns empty when all claimed
2026-04-06T14:06:57.7638893Z ✅ /home/runner/work/Hunting_Call/Hunting_Call/test/features/settings/calibration_screen_test.dart: Should display calibration header and sections
2026-04-06T14:06:57.8455820Z ✅ /home/runner/work/Hunting_Call/Hunting_Call/test/features/settings/calibration_screen_test.dart: Should display noise test button
2026-04-06T14:06:57.9310657Z ✅ /home/runner/work/Hunting_Call/Hunting_Call/test/features/settings/calibration_screen_test.dart: Should display save and reset buttons
2026-04-06T14:06:58.0053758Z ✅ /home/runner/work/Hunting_Call/Hunting_Call/test/features/settings/calibration_screen_test.dart: Score offset slider starts at 0
2026-04-06T14:06:58.0760688Z ✅ /home/runner/work/Hunting_Call/Hunting_Call/test/features/settings/calibration_screen_test.dart: Mic sensitivity starts at 1.0x
2026-04-06T14:06:58.0826471Z ✅ /home/runner/work/Hunting_Call/Hunting_Call/test/features/settings/calibration_screen_test.dart: CalibrationNotifier initializes with default state
2026-04-06T14:06:58.0874764Z ✅ /home/runner/work/Hunting_Call/Hunting_Call/test/features/settings/calibration_screen_test.dart: CalibrationNotifier.setScoreOffset updates state
2026-04-06T14:06:58.0912751Z ✅ /home/runner/work/Hunting_Call/Hunting_Call/test/features/settings/calibration_screen_test.dart: CalibrationNotifier.setMicSensitivity updates state
2026-04-06T14:06:58.1002481Z ✅ /home/runner/work/Hunting_Call/Hunting_Call/test/features/settings/calibration_screen_test.dart: CalibrationNotifier.reset clears state to defaults
2026-04-06T14:06:58.7807275Z ✅ /home/runner/work/Hunting_Call/Hunting_Call/test/features/settings/calibration_profile_serialization_test.dart: CalibrationProfile defaults are correct
2026-04-06T14:06:58.7845449Z ✅ /home/runner/work/Hunting_Call/Hunting_Call/test/features/settings/calibration_profile_serialization_test.dart: CalibrationProfile isCalibrated returns true when calibratedAt is set
2026-04-06T14:06:58.7869776Z ✅ /home/runner/work/Hunting_Call/Hunting_Call/test/features/settings/calibration_profile_serialization_test.dart: CalibrationProfile copyWith preserves unchanged fields
2026-04-06T14:06:58.7908625Z ✅ /home/runner/work/Hunting_Call/Hunting_Call/test/features/settings/calibration_profile_serialization_test.dart: CalibrationProfile toMap serializes correctly
2026-04-06T14:06:58.7930505Z ✅ /home/runner/work/Hunting_Call/Hunting_Call/test/features/settings/calibration_profile_serialization_test.dart: CalibrationProfile toMap with null calibratedAt
2026-04-06T14:06:58.8022477Z ✅ /home/runner/work/Hunting_Call/Hunting_Call/test/features/settings/calibration_profile_serialization_test.dart: CalibrationProfile fromMap restores correctly
2026-04-06T14:06:58.8064342Z ✅ /home/runner/work/Hunting_Call/Hunting_Call/test/features/settings/calibration_profile_serialization_test.dart: CalibrationProfile fromMap handles missing fields with defaults
2026-04-06T14:06:58.8083084Z ✅ /home/runner/work/Hunting_Call/Hunting_Call/test/features/settings/calibration_profile_serialization_test.dart: CalibrationProfile fromMap handles integer values (num → double)
2026-04-06T14:06:58.8115732Z ✅ /home/runner/work/Hunting_Call/Hunting_Call/test/features/settings/calibration_profile_serialization_test.dart: CalibrationProfile toMap → fromMap round-trip
2026-04-06T14:06:59.4883317Z ✅ /home/runner/work/Hunting_Call/Hunting_Call/test/features/settings/calibration_profile_test.dart: CalibrationProfile default values are neutral
2026-04-06T14:06:59.4921679Z ✅ /home/runner/work/Hunting_Call/Hunting_Call/test/features/settings/calibration_profile_test.dart: CalibrationProfile copyWith preserves unchanged fields
2026-04-06T14:06:59.5020405Z ✅ /home/runner/work/Hunting_Call/Hunting_Call/test/features/settings/calibration_profile_test.dart: CalibrationProfile toMap / fromMap roundtrip
2026-04-06T14:06:59.5042010Z ✅ /home/runner/work/Hunting_Call/Hunting_Call/test/features/settings/calibration_profile_test.dart: CalibrationProfile fromMap handles missing/null fields gracefully
2026-04-06T14:06:59.5065243Z ✅ /home/runner/work/Hunting_Call/Hunting_Call/test/features/settings/calibration_profile_test.dart: CalibrationProfile isCalibrated returns true when calibratedAt is set
2026-04-06T14:06:59.5087580Z ✅ /home/runner/work/Hunting_Call/Hunting_Call/test/features/settings/calibration_profile_test.dart: CalibrationProfile score offset is bounded by convention (-20 to +20)
2026-04-06T14:06:59.5110286Z ✅ /home/runner/work/Hunting_Call/Hunting_Call/test/features/settings/calibration_profile_test.dart: CalibrationProfile mic sensitivity range (0.5 to 2.0)
2026-04-06T14:07:00.5206456Z ✅ /home/runner/work/Hunting_Call/Hunting_Call/test/features/settings/domain/app_config_test.dart: AppConfig instance returns created config
2026-04-06T14:07:00.5228902Z ✅ /home/runner/work/Hunting_Call/Hunting_Call/test/features/settings/domain/app_config_test.dart: AppConfig isFree and isFull reflect flavor
2026-04-06T14:07:00.5252501Z ✅ /home/runner/work/Hunting_Call/Hunting_Call/test/features/settings/domain/app_config_test.dart: AppConfig free flavor disables premium feature flags
2026-04-06T14:07:00.5273433Z ✅ /home/runner/work/Hunting_Call/Hunting_Call/test/features/settings/domain/app_config_test.dart: AppConfig full flavor enables premium feature flags
2026-04-06T14:07:00.5294530Z ✅ /home/runner/work/Hunting_Call/Hunting_Call/test/features/settings/domain/app_config_test.dart: AppConfig supportEmail is set correctly
2026-04-06T14:07:00.5316051Z ✅ /home/runner/work/Hunting_Call/Hunting_Call/test/features/settings/domain/app_config_test.dart: AppConfig provider throws before config is created
2026-04-06T14:07:01.1635413Z ✅ /home/runner/work/Hunting_Call/Hunting_Call/test/features/analysis/audio_analysis_test.dart: AudioAnalysis Model simple factory creates valid analysis with all fields populated
2026-04-06T14:07:01.1664182Z ✅ /home/runner/work/Hunting_Call/Hunting_Call/test/features/analysis/audio_analysis_test.dart: AudioAnalysis Model simple factory uses default volume
2026-04-06T14:07:01.1693056Z ✅ /home/runner/work/Hunting_Call/Hunting_Call/test/features/analysis/audio_analysis_test.dart: AudioAnalysis Model all metric fields are within valid ranges
2026-04-06T14:07:01.1752748Z ✅ /home/runner/work/Hunting_Call/Hunting_Call/test/features/analysis/audio_analysis_test.dart: AudioAnalysis Model JSON round-trip preserves all fields
2026-04-06T14:07:01.1775257Z ✅ /home/runner/work/Hunting_Call/Hunting_Call/test/features/analysis/audio_analysis_test.dart: AudioAnalysis Model frequency peaks list contains dominant frequency
2026-04-06T14:07:01.1821472Z ✅ /home/runner/work/Hunting_Call/Hunting_Call/test/features/analysis/audio_analysis_test.dart: AudioAnalysis Model waveform values are normalized between 0 and 1
2026-04-06T14:07:01.1847365Z ✅ /home/runner/work/Hunting_Call/Hunting_Call/test/features/analysis/audio_analysis_test.dart: AnalysisSummary can be constructed with all required fields
2026-04-06T14:07:01.1890894Z ✅ /home/runner/work/Hunting_Call/Hunting_Call/test/features/analysis/audio_analysis_test.dart: AnalysisRating has all 4 rating levels
2026-04-06T14:07:01.8397202Z ✅ /home/runner/work/Hunting_Call/Hunting_Call/test/features/analysis/analysis_result_test.dart: Analysis Score Models PitchScore stores all properties
2026-04-06T14:07:01.8431832Z ✅ /home/runner/work/Hunting_Call/Hunting_Call/test/features/analysis/analysis_result_test.dart: Analysis Score Models PitchScore toString includes key values
2026-04-06T14:07:01.8483162Z ✅ /home/runner/work/Hunting_Call/Hunting_Call/test/features/analysis/analysis_result_test.dart: Analysis Score Models DurationScore stores all properties
2026-04-06T14:07:01.8522592Z ✅ /home/runner/work/Hunting_Call/Hunting_Call/test/features/analysis/analysis_result_test.dart: Analysis Score Models VolumeScore stores all properties
2026-04-06T14:07:01.8539070Z ✅ /home/runner/work/Hunting_Call/Hunting_Call/test/features/analysis/analysis_result_test.dart: Analysis Score Models ToneScore stores all properties
2026-04-06T14:07:01.8574014Z ✅ /home/runner/work/Hunting_Call/Hunting_Call/test/features/analysis/analysis_result_test.dart: Analysis Score Models RhythmScore stores all properties
2026-04-06T14:07:01.8604060Z ✅ /home/runner/work/Hunting_Call/Hunting_Call/test/features/analysis/analysis_result_test.dart: Analysis Score Models PitchContourScore defaults optional fields to 0
2026-04-06T14:07:01.8630651Z ✅ /home/runner/work/Hunting_Call/Hunting_Call/test/features/analysis/analysis_result_test.dart: Analysis Score Models EnvelopeScore defaults ADSR matches to 0
2026-04-06T14:07:01.8653103Z ✅ /home/runner/work/Hunting_Call/Hunting_Call/test/features/analysis/analysis_result_test.dart: Analysis Score Models EnvelopeScore stores explicit ADSR values
2026-04-06T14:07:01.8684701Z ✅ /home/runner/work/Hunting_Call/Hunting_Call/test/features/analysis/analysis_result_test.dart: Analysis Score Models FormantScore defaults formant lists to empty
2026-04-06T14:07:01.8708350Z ✅ /home/runner/work/Hunting_Call/Hunting_Call/test/features/analysis/analysis_result_test.dart: Analysis Score Models NoiseScore defaults spectralFlux to 0
2026-04-06T14:07:01.8741626Z ✅ /home/runner/work/Hunting_Call/Hunting_Call/test/features/analysis/analysis_result_test.dart: AnalysisResult stores all required fields
2026-04-06T14:07:01.8765164Z ✅ /home/runner/work/Hunting_Call/Hunting_Call/test/features/analysis/analysis_result_test.dart: AnalysisResult defaults new dimension scores to 0
2026-04-06T14:07:01.8794766Z ✅ /home/runner/work/Hunting_Call/Hunting_Call/test/features/analysis/analysis_result_test.dart: AnalysisResult equality by recordingId only
2026-04-06T14:07:01.8823354Z ✅ /home/runner/work/Hunting_Call/Hunting_Call/test/features/analysis/analysis_result_test.dart: AnalysisResult different recordingId means not equal
2026-04-06T14:07:01.8842893Z ✅ /home/runner/work/Hunting_Call/Hunting_Call/test/features/analysis/analysis_result_test.dart: AnalysisResult hashCode based on recordingId
2026-04-06T14:07:01.8865883Z ✅ /home/runner/work/Hunting_Call/Hunting_Call/test/features/analysis/analysis_result_test.dart: AnalysisResult toString includes key info
2026-04-06T14:07:02.9640899Z ✅ /home/runner/work/Hunting_Call/Hunting_Call/test/features/analysis/audio_analysis_model_test.dart: AudioAnalysis constructs with all required fields
2026-04-06T14:07:02.9702581Z ✅ /home/runner/work/Hunting_Call/Hunting_Call/test/features/analysis/audio_analysis_model_test.dart: AudioAnalysis JSON roundtrip preserves all fields
2026-04-06T14:07:02.9725455Z ✅ /home/runner/work/Hunting_Call/Hunting_Call/test/features/analysis/audio_analysis_model_test.dart: AudioAnalysis toJson produces correct keys
2026-04-06T14:07:02.9758286Z ✅ /home/runner/work/Hunting_Call/Hunting_Call/test/features/analysis/audio_analysis_model_test.dart: AudioAnalysis.simple creates with minimal params
2026-04-06T14:07:02.9781387Z ✅ /home/runner/work/Hunting_Call/Hunting_Call/test/features/analysis/audio_analysis_model_test.dart: AudioAnalysis.simple uses default volume = 0.5
2026-04-06T14:07:02.9802593Z ✅ /home/runner/work/Hunting_Call/Hunting_Call/test/features/analysis/audio_analysis_model_test.dart: AudioAnalysis.simple custom volume is applied
2026-04-06T14:07:02.9825756Z ✅ /home/runner/work/Hunting_Call/Hunting_Call/test/features/analysis/audio_analysis_model_test.dart: AudioAnalysis.simple defaults to non-pulsed call
2026-04-06T14:07:02.9869771Z ✅ /home/runner/work/Hunting_Call/Hunting_Call/test/features/analysis/audio_analysis_model_test.dart: AudioAnalysis.simple default quality scores are middling
2026-04-06T14:07:02.9895196Z ✅ /home/runner/work/Hunting_Call/Hunting_Call/test/features/analysis/audio_analysis_model_test.dart: AudioAnalysis.simple waveform has 100 elements
2026-04-06T14:07:02.9919851Z ✅ /home/runner/work/Hunting_Call/Hunting_Call/test/features/analysis/audio_analysis_model_test.dart: AudioAnalysis.simple simple analysis JSON roundtrip
2026-04-06T14:07:02.9947964Z ✅ /home/runner/work/Hunting_Call/Hunting_Call/test/features/analysis/audio_analysis_model_test.dart: AnalysisSummary constructs with all fields
2026-04-06T14:07:02.9971774Z ✅ /home/runner/work/Hunting_Call/Hunting_Call/test/features/analysis/audio_analysis_model_test.dart: AnalysisRating has 4 values
2026-04-06T14:07:03.0000299Z ✅ /home/runner/work/Hunting_Call/Hunting_Call/test/features/analysis/audio_analysis_model_test.dart: AnalysisRating values are in order
2026-04-06T14:07:03.6437023Z ✅ /home/runner/work/Hunting_Call/Hunting_Call/test/features/analysis/animal_archetype_test.dart: AnimalArchetype fromJson creates correct archetype
2026-04-06T14:07:03.6460714Z ✅ /home/runner/work/Hunting_Call/Hunting_Call/test/features/analysis/animal_archetype_test.dart: AnimalArchetype toJson round-trips correctly
2026-04-06T14:07:03.6493225Z ✅ /home/runner/work/Hunting_Call/Hunting_Call/test/features/analysis/animal_archetype_test.dart: AnimalArchetype fromJson → toJson → fromJson preserves data
2026-04-06T14:07:03.6519120Z ✅ /home/runner/work/Hunting_Call/Hunting_Call/test/features/analysis/animal_archetype_test.dart: AnimalArchetype fromJson handles missing optional fields
2026-04-06T14:07:03.6542038Z ✅ /home/runner/work/Hunting_Call/Hunting_Call/test/features/analysis/animal_archetype_test.dart: AnimalArchetype equality works via Equatable
2026-04-06T14:07:03.6569925Z ✅ /home/runner/work/Hunting_Call/Hunting_Call/test/features/analysis/animal_archetype_test.dart: AnimalArchetype different callId makes them unequal
2026-04-06T14:07:03.6596273Z ✅ /home/runner/work/Hunting_Call/Hunting_Call/test/features/analysis/animal_archetype_test.dart: AnimalArchetype handles integer values in JSON (num → double)
2026-04-06T14:07:04.3042874Z ✅ /home/runner/work/Hunting_Call/Hunting_Call/test/features/analysis/calculate_score_use_case_test.dart: CalculateScoreParams stores all required fields
2026-04-06T14:07:04.3070067Z ✅ /home/runner/work/Hunting_Call/Hunting_Call/test/features/analysis/calculate_score_use_case_test.dart: CalculateScoreParams custom calibration values
2026-04-06T14:07:04.3161279Z ✅ /home/runner/work/Hunting_Call/Hunting_Call/test/features/analysis/calculate_score_use_case_test.dart: CalculateScoreUseCase returns InsufficientAudioData for silent recording
2026-04-06T14:07:04.3195716Z ✅ /home/runner/work/Hunting_Call/Hunting_Call/test/features/analysis/calculate_score_use_case_test.dart: CalculateScoreUseCase effectively silent recording (<0.005 volume) returns score 0
2026-04-06T14:07:04.3269754Z ✅ /home/runner/work/Hunting_Call/Hunting_Call/test/features/analysis/calculate_score_use_case_test.dart: CalculateScoreUseCase perfect pitch on elk gives high pitch score
2026-04-06T14:07:04.3292270Z ✅ /home/runner/work/Hunting_Call/Hunting_Call/test/features/analysis/calculate_score_use_case_test.dart: CalculateScoreUseCase way-off pitch gives lower score
2026-04-06T14:07:04.3318166Z ✅ /home/runner/work/Hunting_Call/Hunting_Call/test/features/analysis/calculate_score_use_case_test.dart: CalculateScoreUseCase score offset calibration is applied
2026-04-06T14:07:04.3345363Z ✅ /home/runner/work/Hunting_Call/Hunting_Call/test/features/analysis/calculate_score_use_case_test.dart: CalculateScoreUseCase score is clamped between 0 and 100
2026-04-06T14:07:04.3380255Z ✅ /home/runner/work/Hunting_Call/Hunting_Call/test/features/analysis/calculate_score_use_case_test.dart: CalculateScoreUseCase signal quality floor: decent signal gets at least 25
2026-04-06T14:07:04.3407781Z ✅ /home/runner/work/Hunting_Call/Hunting_Call/test/features/analysis/calculate_score_use_case_test.dart: CalculateScoreUseCase user baseline improvement bonus
2026-04-06T14:07:04.3431320Z ✅ /home/runner/work/Hunting_Call/Hunting_Call/test/features/analysis/calculate_score_use_case_test.dart: CalculateScoreUseCase fingerprint match percentage used when available
2026-04-06T14:07:04.3456884Z ✅ /home/runner/work/Hunting_Call/Hunting_Call/test/features/analysis/calculate_score_use_case_test.dart: CalculateScoreUseCase result includes all dimension scores
2026-04-06T14:07:05.3436400Z ✅ /home/runner/work/Hunting_Call/Hunting_Call/test/features/analysis/audio_analysis_model_simple_test.dart: AudioAnalysis.simple creates with required fields
2026-04-06T14:07:05.3463109Z ✅ /home/runner/work/Hunting_Call/Hunting_Call/test/features/analysis/audio_analysis_model_simple_test.dart: AudioAnalysis.simple default volume is 0.5
2026-04-06T14:07:05.3492638Z ✅ /home/runner/work/Hunting_Call/Hunting_Call/test/features/analysis/audio_analysis_model_simple_test.dart: AudioAnalysis.simple custom volume override
2026-04-06T14:07:05.3516004Z ✅ /home/runner/work/Hunting_Call/Hunting_Call/test/features/analysis/audio_analysis_model_simple_test.dart: AudioAnalysis.simple activeDurationSec is 90% of total
2026-04-06T14:07:05.3541306Z ✅ /home/runner/work/Hunting_Call/Hunting_Call/test/features/analysis/audio_analysis_model_simple_test.dart: AudioAnalysis.simple defaults have neutral scoring values
2026-04-06T14:07:05.3563264Z ✅ /home/runner/work/Hunting_Call/Hunting_Call/test/features/analysis/audio_analysis_model_simple_test.dart: AudioAnalysis.simple waveform has 100 data points
2026-04-06T14:07:05.3589138Z ✅ /home/runner/work/Hunting_Call/Hunting_Call/test/features/analysis/audio_analysis_model_simple_test.dart: AudioAnalysis.simple new dimension fields default to empty/zero
2026-04-06T14:07:05.3615627Z ✅ /home/runner/work/Hunting_Call/Hunting_Call/test/features/analysis/audio_analysis_model_simple_test.dart: AudioAnalysis.copyWith copies with updated topSpeciesMatches
2026-04-06T14:07:05.3649606Z ✅ /home/runner/work/Hunting_Call/Hunting_Call/test/features/analysis/audio_analysis_model_simple_test.dart: AudioAnalysis.copyWith copyWith without args preserves all fields
2026-04-06T14:07:05.3685510Z ✅ /home/runner/work/Hunting_Call/Hunting_Call/test/features/analysis/audio_analysis_model_simple_test.dart: AnalysisRating has 4 values
2026-04-06T14:07:05.3714940Z ✅ /home/runner/work/Hunting_Call/Hunting_Call/test/features/analysis/audio_analysis_model_simple_test.dart: AnalysisRating all values exist
2026-04-06T14:07:05.3740494Z ✅ /home/runner/work/Hunting_Call/Hunting_Call/test/features/analysis/audio_analysis_model_simple_test.dart: AnalysisSummary stores all required fields
2026-04-06T14:07:06.0129762Z ✅ /home/runner/work/Hunting_Call/Hunting_Call/test/features/analysis/analysis_failure_test.dart: AnalysisFailure AudioFileNotFound has correct message
2026-04-06T14:07:06.0154486Z ✅ /home/runner/work/Hunting_Call/Hunting_Call/test/features/analysis/analysis_failure_test.dart: AnalysisFailure InvalidAudioFormat has correct message
2026-04-06T14:07:06.0176715Z ✅ /home/runner/work/Hunting_Call/Hunting_Call/test/features/analysis/analysis_failure_test.dart: AnalysisFailure AnalysisComputationError has correct message
2026-04-06T14:07:06.0202396Z ✅ /home/runner/work/Hunting_Call/Hunting_Call/test/features/analysis/analysis_failure_test.dart: AnalysisFailure ReferenceDataNotFound has correct message
2026-04-06T14:07:06.0223127Z ✅ /home/runner/work/Hunting_Call/Hunting_Call/test/features/analysis/analysis_failure_test.dart: AnalysisFailure InsufficientAudioData has correct message
2026-04-06T14:07:06.0255873Z ✅ /home/runner/work/Hunting_Call/Hunting_Call/test/features/analysis/analysis_failure_test.dart: AnalysisFailure all failures are AnalysisFailure subtypes
2026-04-06T14:07:06.6671968Z ✅ /home/runner/work/Hunting_Call/Hunting_Call/test/features/domain_failures_test.dart: LeaderboardFailure ScoreNotHighEnough includes user and score
2026-04-06T14:07:06.6692632Z ✅ /home/runner/work/Hunting_Call/Hunting_Call/test/features/domain_failures_test.dart: LeaderboardFailure ExistingScoreBetter includes both scores
2026-04-06T14:07:06.6717403Z ✅ /home/runner/work/Hunting_Call/Hunting_Call/test/features/domain_failures_test.dart: LeaderboardFailure LeaderboardUpdateFailed includes reason
2026-04-06T14:07:06.6742646Z ✅ /home/runner/work/Hunting_Call/Hunting_Call/test/features/domain_failures_test.dart: LeaderboardFailure LeaderboardNotFound includes animalId
2026-04-06T14:07:06.6779387Z ✅ /home/runner/work/Hunting_Call/Hunting_Call/test/features/domain_failures_test.dart: LeaderboardFailure all are LeaderboardFailure subtypes
2026-04-06T14:07:06.6802953Z ✅ /home/runner/work/Hunting_Call/Hunting_Call/test/features/domain_failures_test.dart: LibraryFailure LibraryNotInitialized message
2026-04-06T14:07:06.6827733Z ✅ /home/runner/work/Hunting_Call/Hunting_Call/test/features/domain_failures_test.dart: LibraryFailure CallNotFound includes callId
2026-04-06T14:07:06.6849902Z ✅ /home/runner/work/Hunting_Call/Hunting_Call/test/features/domain_failures_test.dart: LibraryFailure JsonLoadError includes details
2026-04-06T14:07:06.6872061Z ✅ /home/runner/work/Hunting_Call/Hunting_Call/test/features/domain_failures_test.dart: LibraryFailure all are LibraryFailure subtypes
2026-04-06T14:07:06.6911710Z ✅ /home/runner/work/Hunting_Call/Hunting_Call/test/features/domain_failures_test.dart: ProfileFailure ProfileNotFound includes userId
2026-04-06T14:07:06.6933788Z ✅ /home/runner/work/Hunting_Call/Hunting_Call/test/features/domain_failures_test.dart: ProfileFailure ProfileCreationFailed includes reason
2026-04-06T14:07:06.6955729Z ✅ /home/runner/work/Hunting_Call/Hunting_Call/test/features/domain_failures_test.dart: ProfileFailure ProfileUpdateFailed includes reason
2026-04-06T14:07:06.6977416Z ✅ /home/runner/work/Hunting_Call/Hunting_Call/test/features/domain_failures_test.dart: ProfileFailure AchievementCalculationFailed includes reason
2026-04-06T14:07:06.6999891Z ✅ /home/runner/work/Hunting_Call/Hunting_Call/test/features/domain_failures_test.dart: ProfileFailure DailyChallengeStatsFailed includes reason
2026-04-06T14:07:06.7026201Z ✅ /home/runner/work/Hunting_Call/Hunting_Call/test/features/domain_failures_test.dart: ProfileFailure all are ProfileFailure subtypes
2026-04-06T14:07:07.7115523Z ✅ /home/runner/work/Hunting_Call/Hunting_Call/test/features/leaderboard/leaderboard_entry_test.dart: LeaderboardEntry constructs with required fields
2026-04-06T14:07:07.7139676Z ✅ /home/runner/work/Hunting_Call/Hunting_Call/test/features/leaderboard/leaderboard_entry_test.dart: LeaderboardEntry constructs with optional fields
2026-04-06T14:07:07.7170812Z ✅ /home/runner/work/Hunting_Call/Hunting_Call/test/features/leaderboard/leaderboard_entry_test.dart: LeaderboardEntry toJson produces correct map
2026-04-06T14:07:07.7202737Z ✅ /home/runner/work/Hunting_Call/Hunting_Call/test/features/leaderboard/leaderboard_entry_test.dart: LeaderboardEntry fromJson parses correctly
2026-04-06T14:07:07.7227268Z ✅ /home/runner/work/Hunting_Call/Hunting_Call/test/features/leaderboard/leaderboard_entry_test.dart: LeaderboardEntry JSON roundtrip preserves all fields
2026-04-06T14:07:07.7250062Z ✅ /home/runner/work/Hunting_Call/Hunting_Call/test/features/leaderboard/leaderboard_entry_test.dart: LeaderboardEntry fromJson handles missing isAlphaTester as false
2026-04-06T14:07:07.7273072Z ✅ /home/runner/work/Hunting_Call/Hunting_Call/test/features/leaderboard/leaderboard_entry_test.dart: LeaderboardEntry fromJson handles integer score as num
2026-04-06T14:07:07.7295812Z ✅ /home/runner/work/Hunting_Call/Hunting_Call/test/features/leaderboard/leaderboard_entry_test.dart: LeaderboardEntry edge case: zero score
2026-04-06T14:07:07.7337665Z ✅ /home/runner/work/Hunting_Call/Hunting_Call/test/features/leaderboard/leaderboard_entry_test.dart: LeaderboardEntry edge case: perfect score
2026-04-06T14:07:08.3865366Z ✅ /home/runner/work/Hunting_Call/Hunting_Call/test/features/leaderboard/domain/use_cases/submit_score_use_case_test.dart: SubmitScoreUseCase accepts new score from new user
2026-04-06T14:07:08.3908695Z ✅ /home/runner/work/Hunting_Call/Hunting_Call/test/features/leaderboard/domain/use_cases/submit_score_use_case_test.dart: SubmitScoreUseCase rejects lower score from existing user
2026-04-06T14:07:08.3940194Z ✅ /home/runner/work/Hunting_Call/Hunting_Call/test/features/leaderboard/domain/use_cases/submit_score_use_case_test.dart: SubmitScoreUseCase accepts higher score from existing user and removes old score
2026-04-06T14:07:08.3963559Z ✅ /home/runner/work/Hunting_Call/Hunting_Call/test/features/leaderboard/domain/use_cases/submit_score_use_case_test.dart: SubmitScoreUseCase sorts entries in descending order by score
2026-04-06T14:07:08.3989949Z ✅ /home/runner/work/Hunting_Call/Hunting_Call/test/features/leaderboard/domain/use_cases/submit_score_use_case_test.dart: SubmitScoreUseCase keeps only top 20 entries
2026-04-06T14:07:08.4013587Z ✅ /home/runner/work/Hunting_Call/Hunting_Call/test/features/leaderboard/domain/use_cases/submit_score_use_case_test.dart: SubmitScoreUseCase rejects equal score from existing user
2026-04-06T14:07:08.9492369Z ✅ /home/runner/work/Hunting_Call/Hunting_Call/test/features/daily_challenge/seasonal_theme_test.dart: SeasonalTheme isActive returns true when now is within date range
2026-04-06T14:07:08.9537482Z ✅ /home/runner/work/Hunting_Call/Hunting_Call/test/features/daily_challenge/seasonal_theme_test.dart: SeasonalTheme isActive returns false when dates are in the past
2026-04-06T14:07:08.9582868Z ✅ /home/runner/work/Hunting_Call/Hunting_Call/test/features/daily_challenge/seasonal_theme_test.dart: SeasonalTheme isActive returns false when dates are in the future
2026-04-06T14:07:08.9606705Z ✅ /home/runner/work/Hunting_Call/Hunting_Call/test/features/daily_challenge/seasonal_theme_test.dart: SeasonalTheme daysRemaining returns positive days for active theme
2026-04-06T14:07:08.9632699Z ✅ /home/runner/work/Hunting_Call/Hunting_Call/test/features/daily_challenge/seasonal_theme_test.dart: SeasonalTheme daysRemaining returns 0 for expired theme
2026-04-06T14:07:08.9662699Z ✅ /home/runner/work/Hunting_Call/Hunting_Call/test/features/daily_challenge/seasonal_theme_test.dart: SeasonalThemeService themes list is not empty
2026-04-06T14:07:08.9690917Z ✅ /home/runner/work/Hunting_Call/Hunting_Call/test/features/daily_challenge/seasonal_theme_test.dart: SeasonalThemeService all themes have unique IDs
2026-04-06T14:07:08.9715449Z ✅ /home/runner/work/Hunting_Call/Hunting_Call/test/features/daily_challenge/seasonal_theme_test.dart: SeasonalThemeService all themes have non-empty animalIds
2026-04-06T14:07:08.9736735Z ✅ /home/runner/work/Hunting_Call/Hunting_Call/test/features/daily_challenge/seasonal_theme_test.dart: SeasonalThemeService all themes have valid date ranges (start < end)
2026-04-06T14:07:08.9757298Z ✅ /home/runner/work/Hunting_Call/Hunting_Call/test/features/daily_challenge/seasonal_theme_test.dart: SeasonalThemeService hasActiveTheme is consistent with activeTheme
2026-04-06T14:07:09.9845354Z ✅ /home/runner/work/Hunting_Call/Hunting_Call/test/features/daily_challenge/daily_challenge_failure_test.dart: DailyChallengeFailure NoChallengesAvailable message
2026-04-06T14:07:09.9873583Z ✅ /home/runner/work/Hunting_Call/Hunting_Call/test/features/daily_challenge/daily_challenge_failure_test.dart: DailyChallengeFailure InvalidDateFormat includes details
2026-04-06T14:07:09.9904024Z ✅ /home/runner/work/Hunting_Call/Hunting_Call/test/features/daily_challenge/daily_challenge_failure_test.dart: DailyChallengeFailure all are DailyChallengeFailure subtypes
2026-04-06T14:07:10.6491561Z ✅ /home/runner/work/Hunting_Call/Hunting_Call/test/features/daily_challenge/domain/usecases/get_daily_challenge_use_case_test.dart: GetDailyChallengeUseCase returns a cloud challenge if repository provides one
2026-04-06T14:07:10.6539723Z ✅ /home/runner/work/Hunting_Call/Hunting_Call/test/features/daily_challenge/domain/usecases/get_daily_challenge_use_case_test.dart: GetDailyChallengeUseCase returns a calculated challenge when free calls are available and no cloud challenge
2026-04-06T14:07:10.6585125Z ✅ /home/runner/work/Hunting_Call/Hunting_Call/test/features/daily_challenge/domain/usecases/get_daily_challenge_use_case_test.dart: GetDailyChallengeUseCase selects challenge based on day of year
2026-04-06T14:07:10.6616393Z ✅ /home/runner/work/Hunting_Call/Hunting_Call/test/features/daily_challenge/domain/usecases/get_daily_challenge_use_case_test.dart: GetDailyChallengeUseCase returns default challenge when no calls available
2026-04-06T14:07:10.7304274Z ##[group]❌ /home/runner/work/Hunting_Call/Hunting_Call/test/features/daily_challenge/domain/usecases/get_daily_challenge_use_case_test.dart: GetDailyChallengeUseCase fixes image asset paths for predator/big game heroes (failed)
2026-04-06T14:07:10.7306187Z Expected: 'assets/images/forest_background.png'
2026-04-06T14:07:10.7306885Z   Actual: 'assets/images/forest_background.webp'
2026-04-06T14:07:10.7307488Z    Which: is different.
2026-04-06T14:07:10.7307889Z           Expected: ... ackground.png
2026-04-06T14:07:10.7308336Z             Actual: ... ackground.webp
2026-04-06T14:07:10.7308869Z                                   ^
2026-04-06T14:07:10.7309538Z            Differ at offset 32
2026-04-06T14:07:10.7312070Z 
2026-04-06T14:07:10.7312431Z package:matcher                                                                              expect
2026-04-06T14:07:10.7313369Z package:flutter_test/src/widget_tester.dart 473:18                                           expect
2026-04-06T14:07:10.7314953Z test/features/daily_challenge/domain/usecases/get_daily_challenge_use_case_test.dart 219:11  main.<fn>.<fn>.<fn>
2026-04-06T14:07:10.7316116Z package:fpdart/src/either.dart 532:14                                                        Right.match
2026-04-06T14:07:10.7317115Z package:fpdart/src/either.dart 280:7                                                         Either.fold
2026-04-06T14:07:10.7318160Z test/features/daily_challenge/domain/usecases/get_daily_challenge_use_case_test.dart 216:14  main.<fn>.<fn>
2026-04-06T14:07:10.7319176Z ##[endgroup]
2026-04-06T14:07:10.7347836Z ✅ /home/runner/work/Hunting_Call/Hunting_Call/test/features/daily_challenge/domain/usecases/get_daily_challenge_use_case_test.dart: GetDailyChallengeUseCase returns same challenge for same day across multiple calls
2026-04-06T14:07:11.2971243Z ✅ /home/runner/work/Hunting_Call/Hunting_Call/test/features/weather/domain/usecases/get_local_weather_test.dart: GetLocalWeather returns WeatherData on success
2026-04-06T14:07:11.3080872Z ✅ /home/runner/work/Hunting_Call/Hunting_Call/test/features/weather/domain/usecases/get_local_weather_test.dart: GetLocalWeather throws when repository fails
2026-04-06T14:07:11.3114923Z ✅ /home/runner/work/Hunting_Call/Hunting_Call/test/features/weather/domain/usecases/get_local_weather_test.dart: GetSolunarData returns SolunarData on success
2026-04-06T14:07:11.3140819Z ✅ /home/runner/work/Hunting_Call/Hunting_Call/test/features/weather/domain/usecases/get_local_weather_test.dart: GetSolunarData throws when solunar data fetch fails
2026-04-06T14:07:11.8846285Z ✅ /home/runner/work/Hunting_Call/Hunting_Call/test/features/weather/solunar_model_test.dart: SolunarModel.fromOpenMeteo parses sunrise and sunset
2026-04-06T14:07:11.8879739Z ✅ /home/runner/work/Hunting_Call/Hunting_Call/test/features/weather/solunar_model_test.dart: SolunarModel.fromOpenMeteo parses moon illumination
2026-04-06T14:07:11.8924005Z ✅ /home/runner/work/Hunting_Call/Hunting_Call/test/features/weather/solunar_model_test.dart: SolunarModel.fromOpenMeteo moon phase 0 → New Moon
2026-04-06T14:07:11.8957338Z ✅ /home/runner/work/Hunting_Call/Hunting_Call/test/features/weather/solunar_model_test.dart: SolunarModel.fromOpenMeteo moon phase 1 → New Moon
2026-04-06T14:07:11.8986247Z ✅ /home/runner/work/Hunting_Call/Hunting_Call/test/features/weather/solunar_model_test.dart: SolunarModel.fromOpenMeteo moon phase 0.1 → Waxing Crescent
2026-04-06T14:07:11.9021842Z ✅ /home/runner/work/Hunting_Call/Hunting_Call/test/features/weather/solunar_model_test.dart: SolunarModel.fromOpenMeteo moon phase 0.25 → First Quarter
2026-04-06T14:07:11.9057460Z ✅ /home/runner/work/Hunting_Call/Hunting_Call/test/features/weather/solunar_model_test.dart: SolunarModel.fromOpenMeteo moon phase 0.4 → Waxing Gibbous
2026-04-06T14:07:11.9088655Z ✅ /home/runner/work/Hunting_Call/Hunting_Call/test/features/weather/solunar_model_test.dart: SolunarModel.fromOpenMeteo moon phase 0.5 → Full Moon
2026-04-06T14:07:11.9117867Z ✅ /home/runner/work/Hunting_Call/Hunting_Call/test/features/weather/solunar_model_test.dart: SolunarModel.fromOpenMeteo moon phase 0.6 → Waning Gibbous
2026-04-06T14:07:11.9152128Z ✅ /home/runner/work/Hunting_Call/Hunting_Call/test/features/weather/solunar_model_test.dart: SolunarModel.fromOpenMeteo moon phase 0.75 → Last Quarter
2026-04-06T14:07:11.9187843Z ✅ /home/runner/work/Hunting_Call/Hunting_Call/test/features/weather/solunar_model_test.dart: SolunarModel.fromOpenMeteo moon phase 0.9 → Waning Crescent
2026-04-06T14:07:11.9237281Z ✅ /home/runner/work/Hunting_Call/Hunting_Call/test/features/weather/solunar_model_test.dart: SolunarModel.fromOpenMeteo rating 5 for high illumination (>90)
2026-04-06T14:07:11.9276267Z ✅ /home/runner/work/Hunting_Call/Hunting_Call/test/features/weather/solunar_model_test.dart: SolunarModel.fromOpenMeteo rating 5 for low illumination (<10)
2026-04-06T14:07:11.9307929Z ✅ /home/runner/work/Hunting_Call/Hunting_Call/test/features/weather/solunar_model_test.dart: SolunarModel.fromOpenMeteo rating 4 for illumination 70-90
2026-04-06T14:07:11.9338371Z ✅ /home/runner/work/Hunting_Call/Hunting_Call/test/features/weather/solunar_model_test.dart: SolunarModel.fromOpenMeteo rating 4 for illumination 10-30
2026-04-06T14:07:11.9366804Z ✅ /home/runner/work/Hunting_Call/Hunting_Call/test/features/weather/solunar_model_test.dart: SolunarModel.fromOpenMeteo rating 3 for mid illumination
2026-04-06T14:07:11.9399095Z ✅ /home/runner/work/Hunting_Call/Hunting_Call/test/features/weather/solunar_model_test.dart: SolunarModel.fromOpenMeteo generates major periods when moonrise and moonset present
2026-04-06T14:07:11.9429702Z ✅ /home/runner/work/Hunting_Call/Hunting_Call/test/features/weather/solunar_model_test.dart: SolunarModel.fromOpenMeteo major period is 2 hours centered on midpoint
2026-04-06T14:07:11.9459646Z ✅ /home/runner/work/Hunting_Call/Hunting_Call/test/features/weather/solunar_model_test.dart: SolunarModel.fromOpenMeteo generates minor periods at moonrise and moonset
2026-04-06T14:07:11.9492614Z ✅ /home/runner/work/Hunting_Call/Hunting_Call/test/features/weather/solunar_model_test.dart: SolunarModel.fromOpenMeteo minor periods are 1 hour centered on event
2026-04-06T14:07:11.9521316Z ✅ /home/runner/work/Hunting_Call/Hunting_Call/test/features/weather/solunar_model_test.dart: SolunarModel.fromOpenMeteo no major periods when moonrise is null
2026-04-06T14:07:11.9547829Z ✅ /home/runner/work/Hunting_Call/Hunting_Call/test/features/weather/solunar_model_test.dart: SolunarModel.fromOpenMeteo no major periods when moonset is null
2026-04-06T14:07:11.9591773Z ✅ /home/runner/work/Hunting_Call/Hunting_Call/test/features/weather/solunar_model_test.dart: SolunarModel.fromOpenMeteo throws on empty time array
2026-04-06T14:07:12.8340717Z ✅ /home/runner/work/Hunting_Call/Hunting_Call/test/features/weather/weather_model_test.dart: WeatherModel.fromJson parses all numeric fields correctly
2026-04-06T14:07:12.8365772Z ✅ /home/runner/work/Hunting_Call/Hunting_Call/test/features/weather/weather_model_test.dart: WeatherModel.fromJson handles integer values as num → double
2026-04-06T14:07:12.8391437Z ✅ /home/runner/work/Hunting_Call/Hunting_Call/test/features/weather/weather_model_test.dart: WeatherModel.fromJson WMO code 0 → Clear
2026-04-06T14:07:12.8416217Z ✅ /home/runner/work/Hunting_Call/Hunting_Call/test/features/weather/weather_model_test.dart: WeatherModel.fromJson WMO code 1-3 → Partly Cloudy
2026-04-06T14:07:12.8439929Z ✅ /home/runner/work/Hunting_Call/Hunting_Call/test/features/weather/weather_model_test.dart: WeatherModel.fromJson WMO code 45-48 → Fog
2026-04-06T14:07:12.8463091Z ✅ /home/runner/work/Hunting_Call/Hunting_Call/test/features/weather/weather_model_test.dart: WeatherModel.fromJson WMO code 51-67 → Rain
2026-04-06T14:07:12.8487172Z ✅ /home/runner/work/Hunting_Call/Hunting_Call/test/features/weather/weather_model_test.dart: WeatherModel.fromJson WMO code 71-77 → Snow
2026-04-06T14:07:12.8512204Z ✅ /home/runner/work/Hunting_Call/Hunting_Call/test/features/weather/weather_model_test.dart: WeatherModel.fromJson WMO code 80-82 → Showers
2026-04-06T14:07:12.8532845Z ✅ /home/runner/work/Hunting_Call/Hunting_Call/test/features/weather/weather_model_test.dart: WeatherModel.fromJson WMO code 95-99 → Thunderstorm
2026-04-06T14:07:12.8556030Z ✅ /home/runner/work/Hunting_Call/Hunting_Call/test/features/weather/weather_model_test.dart: WeatherModel.fromJson unknown WMO code → Unknown / default icon
2026-04-06T14:07:12.8576639Z ✅ /home/runner/work/Hunting_Call/Hunting_Call/test/features/weather/weather_model_test.dart: WeatherModel.fromJson gap WMO codes (4-44) → Unknown
2026-04-06T14:07:12.8612301Z ✅ /home/runner/work/Hunting_Call/Hunting_Call/test/features/weather/weather_model_test.dart: WeatherModel.fromJson timestamp is populated
2026-04-06T14:07:12.8656406Z ✅ /home/runner/work/Hunting_Call/Hunting_Call/test/features/weather/weather_model_test.dart: WeatherModel.fromJson negative temperature
2026-04-06T14:07:12.8679195Z ✅ /home/runner/work/Hunting_Call/Hunting_Call/test/features/weather/weather_model_test.dart: WeatherModel.fromJson zero wind speed
2026-04-06T14:07:13.4140860Z ✅ /home/runner/work/Hunting_Call/Hunting_Call/test/features/weather/weather_entities_test.dart: TemperatureUnit has celsius and fahrenheit
2026-04-06T14:07:13.4180577Z ✅ /home/runner/work/Hunting_Call/Hunting_Call/test/features/weather/weather_entities_test.dart: WeatherData stores all fields
2026-04-06T14:07:13.4206888Z ✅ /home/runner/work/Hunting_Call/Hunting_Call/test/features/weather/weather_entities_test.dart: WeatherData equality via Equatable
2026-04-06T14:07:13.4234521Z ✅ /home/runner/work/Hunting_Call/Hunting_Call/test/features/weather/weather_entities_test.dart: WeatherData inequality when fields differ
2026-04-06T14:07:13.4284342Z ✅ /home/runner/work/Hunting_Call/Hunting_Call/test/features/weather/weather_entities_test.dart: ActivityPeriod stores start, end, and type
2026-04-06T14:07:13.4306455Z ✅ /home/runner/work/Hunting_Call/Hunting_Call/test/features/weather/weather_entities_test.dart: ActivityPeriod equality via Equatable
2026-04-06T14:07:13.4338045Z ✅ /home/runner/work/Hunting_Call/Hunting_Call/test/features/weather/weather_entities_test.dart: SolunarData stores all fields
2026-04-06T14:07:13.4372653Z ✅ /home/runner/work/Hunting_Call/Hunting_Call/test/features/weather/weather_entities_test.dart: SolunarData equality via Equatable
2026-04-06T14:07:14.0821707Z ##[group]✅ /home/runner/work/Hunting_Call/Hunting_Call/test/features/rating/ai_coach_offline_test.dart: AiCoachService - Fallback Coaching low score (<50) produces encouraging message
2026-04-06T14:07:14.0823358Z AI Coach: Desktop platform, using local fallback
2026-04-06T14:07:14.0824100Z ##[endgroup]
2026-04-06T14:07:14.0852930Z ##[group]✅ /home/runner/work/Hunting_Call/Hunting_Call/test/features/rating/ai_coach_offline_test.dart: AiCoachService - Fallback Coaching medium score (50-69) gives room to grow message
2026-04-06T14:07:14.0854368Z AI Coach: Desktop platform, using local fallback
2026-04-06T14:07:14.0855601Z ##[endgroup]
2026-04-06T14:07:14.0880688Z ##[group]✅ /home/runner/work/Hunting_Call/Hunting_Call/test/features/rating/ai_coach_offline_test.dart: AiCoachService - Fallback Coaching decent score (70-84) gets decent attempt message
2026-04-06T14:07:14.0882540Z AI Coach: Desktop platform, using local fallback
2026-04-06T14:07:14.0884146Z ##[endgroup]
2026-04-06T14:07:14.0909018Z ##[group]✅ /home/runner/work/Hunting_Call/Hunting_Call/test/features/rating/ai_coach_offline_test.dart: AiCoachService - Fallback Coaching pitch too high suggests relaxing lips
2026-04-06T14:07:14.0911356Z AI Coach: Desktop platform, using local fallback
2026-04-06T14:07:14.0912088Z ##[endgroup]
2026-04-06T14:07:14.0936512Z ##[group]✅ /home/runner/work/Hunting_Call/Hunting_Call/test/features/rating/ai_coach_offline_test.dart: AiCoachService - Fallback Coaching weak duration metric gets breath control advice
2026-04-06T14:07:14.0937914Z AI Coach: Desktop platform, using local fallback
2026-04-06T14:07:14.0938612Z ##[endgroup]
2026-04-06T14:07:14.0965815Z ##[group]✅ /home/runner/work/Hunting_Call/Hunting_Call/test/features/rating/ai_coach_offline_test.dart: AiCoachService - Fallback Coaching weak tone metric gets air pressure advice
2026-04-06T14:07:14.0967890Z AI Coach: Desktop platform, using local fallback
2026-04-06T14:07:14.0968753Z ##[endgroup]
2026-04-06T14:07:14.1012327Z ##[group]✅ /home/runner/work/Hunting_Call/Hunting_Call/test/features/rating/ai_coach_offline_test.dart: AiCoachService - Fallback Coaching all metrics above 70 produces no drill section
2026-04-06T14:07:14.1013647Z AI Coach: Desktop platform, using local fallback
2026-04-06T14:07:14.1014301Z ##[endgroup]
2026-04-06T14:07:15.0794092Z ✅ /home/runner/work/Hunting_Call/Hunting_Call/test/features/rating/personality_feedback_test.dart: PersonalityFeedbackService getFeedback score tiers score >= 95 returns legendary feedback
2026-04-06T14:07:15.0818416Z ✅ /home/runner/work/Hunting_Call/Hunting_Call/test/features/rating/personality_feedback_test.dart: PersonalityFeedbackService getFeedback score tiers score 85-94 returns expert feedback
2026-04-06T14:07:15.0849095Z ✅ /home/runner/work/Hunting_Call/Hunting_Call/test/features/rating/personality_feedback_test.dart: PersonalityFeedbackService getFeedback score tiers score 75-84 returns proficient feedback
2026-04-06T14:07:15.0872441Z ✅ /home/runner/work/Hunting_Call/Hunting_Call/test/features/rating/personality_feedback_test.dart: PersonalityFeedbackService getFeedback score tiers score 65-74 returns average feedback
2026-04-06T14:07:15.0896020Z ✅ /home/runner/work/Hunting_Call/Hunting_Call/test/features/rating/personality_feedback_test.dart: PersonalityFeedbackService getFeedback score tiers score 50-64 returns struggling feedback
2026-04-06T14:07:15.0919076Z ✅ /home/runner/work/Hunting_Call/Hunting_Call/test/features/rating/personality_feedback_test.dart: PersonalityFeedbackService getFeedback score tiers score 35-49 returns poor feedback
2026-04-06T14:07:15.0943617Z ✅ /home/runner/work/Hunting_Call/Hunting_Call/test/features/rating/personality_feedback_test.dart: PersonalityFeedbackService getFeedback score tiers score < 35 returns terrible feedback
2026-04-06T14:07:15.0979916Z ✅ /home/runner/work/Hunting_Call/Hunting_Call/test/features/rating/personality_feedback_test.dart: PersonalityFeedbackService getFeedback score tiers exact boundary: 95 is legendary
2026-04-06T14:07:15.1007466Z ✅ /home/runner/work/Hunting_Call/Hunting_Call/test/features/rating/personality_feedback_test.dart: PersonalityFeedbackService getFeedback score tiers exact boundary: 85 is expert
2026-04-06T14:07:15.1031956Z ✅ /home/runner/work/Hunting_Call/Hunting_Call/test/features/rating/personality_feedback_test.dart: PersonalityFeedbackService getFeedback score tiers exact boundary: 50 is struggling
2026-04-06T14:07:15.1054318Z ✅ /home/runner/work/Hunting_Call/Hunting_Call/test/features/rating/personality_feedback_test.dart: PersonalityFeedbackService getFeedback score tiers exact boundary: 35 is poor
2026-04-06T14:07:15.1078110Z ✅ /home/runner/work/Hunting_Call/Hunting_Call/test/features/rating/personality_feedback_test.dart: PersonalityFeedbackService getFeedback score tiers score 0 returns terrible feedback
2026-04-06T14:07:15.1099468Z ✅ /home/runner/work/Hunting_Call/Hunting_Call/test/features/rating/personality_feedback_test.dart: PersonalityFeedbackService getFeedback score tiers score 100 returns legendary feedback
2026-04-06T14:07:15.1131753Z ✅ /home/runner/work/Hunting_Call/Hunting_Call/test/features/rating/personality_feedback_test.dart: PersonalityFeedbackService getSpecificCritique empty scores returns speechless fallback
2026-04-06T14:07:15.1172285Z ✅ /home/runner/work/Hunting_Call/Hunting_Call/test/features/rating/personality_feedback_test.dart: PersonalityFeedbackService getSpecificCritique all scores >= 90 returns high-praise
2026-04-06T14:07:15.1196754Z ✅ /home/runner/work/Hunting_Call/Hunting_Call/test/features/rating/personality_feedback_test.dart: PersonalityFeedbackService getSpecificCritique worst metric is pitch → pitch critique
2026-04-06T14:07:15.1217727Z ✅ /home/runner/work/Hunting_Call/Hunting_Call/test/features/rating/personality_feedback_test.dart: PersonalityFeedbackService getSpecificCritique worst metric is timbre → timbre critique
2026-04-06T14:07:15.1251568Z ✅ /home/runner/work/Hunting_Call/Hunting_Call/test/features/rating/personality_feedback_test.dart: PersonalityFeedbackService getSpecificCritique worst metric is rhythm → rhythm critique
2026-04-06T14:07:15.1270947Z ✅ /home/runner/work/Hunting_Call/Hunting_Call/test/features/rating/personality_feedback_test.dart: PersonalityFeedbackService getSpecificCritique worst metric is duration → duration critique
2026-04-06T14:07:15.1292610Z ✅ /home/runner/work/Hunting_Call/Hunting_Call/test/features/rating/personality_feedback_test.dart: PersonalityFeedbackService getSpecificCritique unknown metric falls back to general critique
2026-04-06T14:07:15.7712965Z ✅ /home/runner/work/Hunting_Call/Hunting_Call/test/features/rating/rating_model_test.dart: RatingResult Model score stays within 0-100 range for valid input
2026-04-06T14:07:15.7743361Z ✅ /home/runner/work/Hunting_Call/Hunting_Call/test/features/rating/rating_model_test.dart: RatingResult Model determinism: same inputs produce same fields
2026-04-06T14:07:15.7767868Z ✅ /home/runner/work/Hunting_Call/Hunting_Call/test/features/rating/rating_model_test.dart: RatingResult Model feedback is a non-empty string
2026-04-06T14:07:15.7791377Z ✅ /home/runner/work/Hunting_Call/Hunting_Call/test/features/rating/rating_model_test.dart: RatingResult Model optional waveforms default to null
2026-04-06T14:07:15.7815655Z ✅ /home/runner/work/Hunting_Call/Hunting_Call/test/features/rating/rating_model_test.dart: RatingResult Model waveforms are preserved when provided
2026-04-06T14:07:15.7854664Z ✅ /home/runner/work/Hunting_Call/Hunting_Call/test/features/rating/rating_model_test.dart: RatingResult Model location data is optional
2026-04-06T14:07:15.7899072Z ✅ /home/runner/work/Hunting_Call/Hunting_Call/test/features/rating/rating_model_test.dart: RatingResult Model JSON round-trip preserves all fields
2026-04-06T14:07:15.7920426Z ✅ /home/runner/work/Hunting_Call/Hunting_Call/test/features/rating/rating_model_test.dart: RatingResult Model edge case: perfect score
2026-04-06T14:07:15.7942632Z ✅ /home/runner/work/Hunting_Call/Hunting_Call/test/features/rating/rating_model_test.dart: RatingResult Model edge case: zero score
2026-04-06T14:07:15.7971975Z ✅ /home/runner/work/Hunting_Call/Hunting_Call/test/features/rating/rating_model_test.dart: RatingResult Model metrics can store arbitrary keys
2026-04-06T14:07:17.8649801Z ##[group]✅ /home/runner/work/Hunting_Call/Hunting_Call/test/features/rating/rating_screen_test.dart: RatingScreen renders successfully
2026-04-06T14:07:17.8652639Z RatingNotifier: Resetting state
2026-04-06T14:07:17.8653464Z ##[endgroup]
2026-04-06T14:07:17.9405515Z ##[group]✅ /home/runner/work/Hunting_Call/Hunting_Call/test/features/rating/rating_screen_test.dart: RatingScreen shows review state initially
2026-04-06T14:07:17.9413857Z RatingNotifier: Resetting state
2026-04-06T14:07:17.9414729Z ##[endgroup]
2026-04-06T14:07:17.9501441Z ✅ /home/runner/work/Hunting_Call/Hunting_Call/test/features/rating/rating_screen_test.dart: RatingNotifier initializes with idle state
2026-04-06T14:07:17.9556765Z ##[group]✅ /home/runner/work/Hunting_Call/Hunting_Call/test/features/rating/rating_screen_test.dart: RatingNotifier.reset clears state
2026-04-06T14:07:17.9561372Z RatingNotifier: Resetting state
2026-04-06T14:07:17.9564068Z ##[endgroup]
2026-04-06T14:07:18.9628364Z ✅ /home/runner/work/Hunting_Call/Hunting_Call/test/features/rating/rating_result_serialization_test.dart: RatingResult serialization JSON roundtrip preserves all fields
2026-04-06T14:07:18.9660239Z ✅ /home/runner/work/Hunting_Call/Hunting_Call/test/features/rating/rating_result_serialization_test.dart: RatingResult serialization waveform data survives serialization
2026-04-06T14:07:18.9685945Z ✅ /home/runner/work/Hunting_Call/Hunting_Call/test/features/rating/rating_result_serialization_test.dart: RatingResult serialization null optional fields survive serialization
2026-04-06T14:07:18.9724209Z ✅ /home/runner/work/Hunting_Call/Hunting_Call/test/features/rating/rating_result_serialization_test.dart: RatingResult serialization edge case scores serialize correctly
2026-04-06T14:07:19.5987527Z ##[group]❎ /home/runner/work/Hunting_Call/Hunting_Call/test/features/rating/quick_match_scoring_test.dart: Quick Match Scoring — Sigmoid Contrast Curve all-50 inputs → exactly 50% (skipped)
2026-04-06T14:07:19.5990300Z Skip: Refactored
2026-04-06T14:07:19.5991238Z ##[endgroup]
2026-04-06T14:07:19.5993104Z ##[group]❎ /home/runner/work/Hunting_Call/Hunting_Call/test/features/rating/quick_match_scoring_test.dart: Quick Match Scoring — Sigmoid Contrast Curve all-zero → well below 20% (skipped)
2026-04-06T14:07:19.5994337Z Skip: Refactored
2026-04-06T14:07:19.5994832Z ##[endgroup]
2026-04-06T14:07:19.5995855Z ##[group]❎ /home/runner/work/Hunting_Call/Hunting_Call/test/features/rating/quick_match_scoring_test.dart: Quick Match Scoring — Sigmoid Contrast Curve all-100 → above 95% (skipped)
2026-04-06T14:07:19.5996573Z Skip: Refactored
2026-04-06T14:07:19.5996863Z ##[endgroup]
2026-04-06T14:07:19.5998085Z ##[group]❎ /home/runner/work/Hunting_Call/Hunting_Call/test/features/rating/quick_match_scoring_test.dart: Quick Match Scoring — Sigmoid Contrast Curve scores are monotonically increasing (skipped)
2026-04-06T14:07:19.5998879Z Skip: Refactored
2026-04-06T14:07:19.5999181Z ##[endgroup]
2026-04-06T14:07:19.6000107Z ##[group]❎ /home/runner/work/Hunting_Call/Hunting_Call/test/features/rating/quick_match_scoring_test.dart: Quick Match Scoring — Sigmoid Contrast Curve sigmoid pushes low scores lower than linear (skipped)
2026-04-06T14:07:19.6001786Z Skip: Refactored
2026-04-06T14:07:19.6003163Z ##[endgroup]
2026-04-06T14:07:19.6006314Z ##[group]❎ /home/runner/work/Hunting_Call/Hunting_Call/test/features/rating/quick_match_scoring_test.dart: Quick Match Scoring — Sigmoid Contrast Curve sigmoid pushes high scores higher than linear (skipped)
2026-04-06T14:07:19.6011642Z Skip: Refactored
2026-04-06T14:07:19.6012207Z ##[endgroup]
2026-04-06T14:07:19.6014164Z ##[group]❎ /home/runner/work/Hunting_Call/Hunting_Call/test/features/rating/quick_match_scoring_test.dart: Quick Match Scoring — Sigmoid Contrast Curve symmetry around 50% (skipped)
2026-04-06T14:07:19.6015347Z Skip: Refactored
2026-04-06T14:07:19.6015823Z ##[endgroup]
2026-04-06T14:07:19.6017000Z ##[group]❎ /home/runner/work/Hunting_Call/Hunting_Call/test/features/rating/quick_match_scoring_test.dart: Quick Match Scoring — Realistic Scenarios terrible call: noise only, no species match (skipped)
2026-04-06T14:07:19.6017796Z Skip: Refactored
2026-04-06T14:07:19.6018100Z ##[endgroup]
2026-04-06T14:07:19.6019004Z ##[group]❎ /home/runner/work/Hunting_Call/Hunting_Call/test/features/rating/quick_match_scoring_test.dart: Quick Match Scoring — Realistic Scenarios poor call: weak species match, bad pitch (skipped)
2026-04-06T14:07:19.6019773Z Skip: Refactored
2026-04-06T14:07:19.6020374Z ##[endgroup]
2026-04-06T14:07:19.6021588Z ##[group]❎ /home/runner/work/Hunting_Call/Hunting_Call/test/features/rating/quick_match_scoring_test.dart: Quick Match Scoring — Realistic Scenarios average call: decent species identification (skipped)
2026-04-06T14:07:19.6022393Z Skip: Refactored
2026-04-06T14:07:19.6022693Z ##[endgroup]
2026-04-06T14:07:19.6023611Z ##[group]❎ /home/runner/work/Hunting_Call/Hunting_Call/test/features/rating/quick_match_scoring_test.dart: Quick Match Scoring — Realistic Scenarios good call: solid species match, good pitch (skipped)
2026-04-06T14:07:19.6024377Z Skip: Refactored
2026-04-06T14:07:19.6024656Z ##[endgroup]
2026-04-06T14:07:19.6025533Z ##[group]❎ /home/runner/work/Hunting_Call/Hunting_Call/test/features/rating/quick_match_scoring_test.dart: Quick Match Scoring — Realistic Scenarios great call: strong BirdNET, very close pitch (skipped)
2026-04-06T14:07:19.6026295Z Skip: Refactored
2026-04-06T14:07:19.6026574Z ##[endgroup]
2026-04-06T14:07:19.6027428Z ##[group]❎ /home/runner/work/Hunting_Call/Hunting_Call/test/features/rating/quick_match_scoring_test.dart: Quick Match Scoring — Realistic Scenarios expert call: near-perfect everything (skipped)
2026-04-06T14:07:19.6028172Z Skip: Refactored
2026-04-06T14:07:19.6028439Z ##[endgroup]
2026-04-06T14:07:19.6042706Z ##[group]❎ /home/runner/work/Hunting_Call/Hunting_Call/test/features/rating/quick_match_scoring_test.dart: Quick Match Scoring — Weight Sensitivity BirdNET heavily influences score (35% weight) (skipped)
2026-04-06T14:07:19.6045405Z Skip: Refactored
2026-04-06T14:07:19.6047899Z ##[endgroup]
2026-04-06T14:07:19.6049598Z ##[group]❎ /home/runner/work/Hunting_Call/Hunting_Call/test/features/rating/quick_match_scoring_test.dart: Quick Match Scoring — Weight Sensitivity pitch heavily influences score (35% weight) (skipped)
2026-04-06T14:07:19.6051875Z Skip: Refactored
2026-04-06T14:07:19.6054463Z ##[endgroup]
2026-04-06T14:07:19.6057812Z ##[group]❎ /home/runner/work/Hunting_Call/Hunting_Call/test/features/rating/quick_match_scoring_test.dart: Quick Match Scoring — Weight Sensitivity quality has moderate influence (15% weight) (skipped)
2026-04-06T14:07:19.6065379Z Skip: Refactored
2026-04-06T14:07:19.6066218Z ##[endgroup]
2026-04-06T14:07:19.6067941Z ##[group]❎ /home/runner/work/Hunting_Call/Hunting_Call/test/features/rating/quick_match_scoring_test.dart: Quick Match Scoring — Weight Sensitivity clarity has moderate influence (15% weight) (skipped)
2026-04-06T14:07:19.6069335Z Skip: Refactored
2026-04-06T14:07:19.6069821Z ##[endgroup]
2026-04-06T14:07:19.6071611Z ##[group]❎ /home/runner/work/Hunting_Call/Hunting_Call/test/features/rating/quick_match_scoring_test.dart: Quick Match Scoring — Edge Cases negative inputs are clamped to 0 (skipped)
2026-04-06T14:07:19.6072911Z Skip: Refactored
2026-04-06T14:07:19.6073456Z ##[endgroup]
2026-04-06T14:07:19.6075232Z ##[group]❎ /home/runner/work/Hunting_Call/Hunting_Call/test/features/rating/quick_match_scoring_test.dart: Quick Match Scoring — Edge Cases inputs above 100 are clamped (skipped)
2026-04-06T14:07:19.6076482Z Skip: Refactored
2026-04-06T14:07:19.6077009Z ##[endgroup]
2026-04-06T14:07:19.6078710Z ##[group]❎ /home/runner/work/Hunting_Call/Hunting_Call/test/features/rating/quick_match_scoring_test.dart: Quick Match Scoring — Edge Cases score never exceeds 100 (skipped)
2026-04-06T14:07:19.6079950Z Skip: Refactored
2026-04-06T14:07:19.6080531Z ##[endgroup]
2026-04-06T14:07:19.6082241Z ##[group]❎ /home/runner/work/Hunting_Call/Hunting_Call/test/features/rating/quick_match_scoring_test.dart: Quick Match Scoring — Edge Cases score is never negative (skipped)
2026-04-06T14:07:19.6083494Z Skip: Refactored
2026-04-06T14:07:19.6084053Z ##[endgroup]
2026-04-06T14:07:19.6085728Z ##[group]❎ /home/runner/work/Hunting_Call/Hunting_Call/test/features/rating/quick_match_scoring_test.dart: Quick Match Scoring — Discrimination poor vs good calls have at least 30pt gap (skipped)
2026-04-06T14:07:19.6087046Z Skip: Refactored
2026-04-06T14:07:19.6087598Z ##[endgroup]
2026-04-06T14:07:19.6089684Z ##[group]❎ /home/runner/work/Hunting_Call/Hunting_Call/test/features/rating/quick_match_scoring_test.dart: Quick Match Scoring — Discrimination average vs expert calls have at least 25pt gap (skipped)
2026-04-06T14:07:19.6094562Z Skip: Refactored
2026-04-06T14:07:19.6095185Z ##[endgroup]
2026-04-06T14:07:19.6096876Z ##[group]❎ /home/runner/work/Hunting_Call/Hunting_Call/test/features/rating/quick_match_scoring_test.dart: Quick Match Scoring — Discrimination no two quality tiers produce the same score (skipped)
2026-04-06T14:07:19.6098251Z Skip: Refactored
2026-04-06T14:07:19.6098808Z ##[endgroup]
2026-04-06T14:07:19.6279158Z ✅ /home/runner/work/Hunting_Call/Hunting_Call/test/features/rating/quick_match_scoring_test.dart: FingerprintResult empty result has no match
2026-04-06T14:07:19.6302360Z ✅ /home/runner/work/Hunting_Call/Hunting_Call/test/features/rating/quick_match_scoring_test.dart: FingerprintResult result with clipId and score > 0 has match
2026-04-06T14:07:19.6334881Z ✅ /home/runner/work/Hunting_Call/Hunting_Call/test/features/rating/quick_match_scoring_test.dart: FingerprintResult fromJson parses correctly
2026-04-06T14:07:20.2749012Z ##[group]✅ /home/runner/work/Hunting_Call/Hunting_Call/test/features/rating/ai_coach_service_test.dart: AiCoachService Fallback High score (>85) produces congratulatory message
2026-04-06T14:07:20.2754793Z AI Coach: Desktop platform, using local fallback
2026-04-06T14:07:20.2755708Z ##[endgroup]
2026-04-06T14:07:20.2780150Z ##[group]✅ /home/runner/work/Hunting_Call/Hunting_Call/test/features/rating/ai_coach_service_test.dart: AiCoachService Fallback Low pitch accuracy includes pitch adjustment advice
2026-04-06T14:07:20.2782156Z AI Coach: Desktop platform, using local fallback
2026-04-06T14:07:20.2784125Z ##[endgroup]
2026-04-06T14:07:20.2809829Z ##[group]✅ /home/runner/work/Hunting_Call/Hunting_Call/test/features/rating/ai_coach_service_test.dart: AiCoachService Fallback Weak rhythm gets rhythm-specific practice drill
2026-04-06T14:07:20.2813850Z AI Coach: Desktop platform, using local fallback
2026-04-06T14:07:20.2816438Z ##[endgroup]
2026-04-06T14:07:20.2839002Z ##[group]✅ /home/runner/work/Hunting_Call/Hunting_Call/test/features/rating/ai_coach_service_test.dart: AiCoachService Fallback Identifies strongest metric correctly
2026-04-06T14:07:20.2840345Z AI Coach: Desktop platform, using local fallback
2026-04-06T14:07:20.2841335Z ##[endgroup]
2026-04-06T14:07:20.2859903Z ##[group]✅ /home/runner/work/Hunting_Call/Hunting_Call/test/features/rating/ai_coach_service_test.dart: AiCoachService Fallback Pitch on target gets positive feedback
2026-04-06T14:07:20.2864964Z AI Coach: Desktop platform, using local fallback
2026-04-06T14:07:20.2865657Z ##[endgroup]
2026-04-06T14:07:21.2848732Z ✅ /home/runner/work/Hunting_Call/Hunting_Call/test/features/hunting_log/domain/usecases/hunting_log_use_cases_test.dart: GetAllLogsUseCase returns empty list when no logs exist
2026-04-06T14:07:21.2905459Z ✅ /home/runner/work/Hunting_Call/Hunting_Call/test/features/hunting_log/domain/usecases/hunting_log_use_cases_test.dart: GetAllLogsUseCase returns all logs when they exist
2026-04-06T14:07:21.2965922Z ✅ /home/runner/work/Hunting_Call/Hunting_Call/test/features/hunting_log/domain/usecases/hunting_log_use_cases_test.dart: GetAllLogsUseCase returns DatabaseError when operation fails
2026-04-06T14:07:21.3020362Z ✅ /home/runner/work/Hunting_Call/Hunting_Call/test/features/hunting_log/domain/usecases/hunting_log_use_cases_test.dart: AddLogUseCase successfully adds a log entry
2026-04-06T14:07:21.3047014Z ✅ /home/runner/work/Hunting_Call/Hunting_Call/test/features/hunting_log/domain/usecases/hunting_log_use_cases_test.dart: AddLogUseCase returns DatabaseError when add operation fails
2026-04-06T14:07:21.3081580Z ✅ /home/runner/work/Hunting_Call/Hunting_Call/test/features/hunting_log/domain/usecases/hunting_log_use_cases_test.dart: DeleteLogUseCase successfully deletes a log entry
2026-04-06T14:07:21.3107673Z ✅ /home/runner/work/Hunting_Call/Hunting_Call/test/features/hunting_log/domain/usecases/hunting_log_use_cases_test.dart: DeleteLogUseCase returns DatabaseError when delete operation fails
2026-04-06T14:07:21.3138219Z ✅ /home/runner/work/Hunting_Call/Hunting_Call/test/features/hunting_log/domain/usecases/hunting_log_use_cases_test.dart: Integration - CRUD Operations complete CRUD flow works correctly
2026-04-06T14:07:21.9472518Z ✅ /home/runner/work/Hunting_Call/Hunting_Call/test/features/auth/auth_user_test.dart: AuthUser stores all fields
2026-04-06T14:07:21.9497578Z ✅ /home/runner/work/Hunting_Call/Hunting_Call/test/features/auth/auth_user_test.dart: AuthUser defaults isAnonymous to false
2026-04-06T14:07:21.9520799Z ✅ /home/runner/work/Hunting_Call/Hunting_Call/test/features/auth/auth_user_test.dart: AuthUser anonymous user
2026-04-06T14:07:21.9543286Z ✅ /home/runner/work/Hunting_Call/Hunting_Call/test/features/auth/auth_user_test.dart: AuthUser equality via Equatable
2026-04-06T14:07:21.9574307Z ✅ /home/runner/work/Hunting_Call/Hunting_Call/test/features/auth/auth_user_test.dart: AuthUser different id means not equal
2026-04-06T14:07:21.9593745Z ✅ /home/runner/work/Hunting_Call/Hunting_Call/test/features/auth/auth_user_test.dart: AuthUser same id but different email means not equal
2026-04-06T14:07:21.9623342Z ✅ /home/runner/work/Hunting_Call/Hunting_Call/test/features/auth/auth_user_test.dart: AuthUser props includes all fields
2026-04-06T14:07:22.5966453Z ✅ /home/runner/work/Hunting_Call/Hunting_Call/test/features/auth/auth_flow_test.dart: MockAuthRepository isMock returns true
2026-04-06T14:07:22.5990006Z ✅ /home/runner/work/Hunting_Call/Hunting_Call/test/features/auth/auth_flow_test.dart: MockAuthRepository initial state has no current user
2026-04-06T14:07:22.6048350Z ##[group]✅ /home/runner/work/Hunting_Call/Hunting_Call/test/features/auth/auth_flow_test.dart: MockAuthRepository signInAnonymously sets anonymous user
2026-04-06T14:07:22.6049632Z Mock Auth: Signed in as anon
2026-04-06T14:07:22.6055319Z ##[endgroup]
2026-04-06T14:07:22.6081445Z ##[group]✅ /home/runner/work/Hunting_Call/Hunting_Call/test/features/auth/auth_flow_test.dart: MockAuthRepository signInWithGoogle returns user with email and display name
2026-04-06T14:07:22.6083747Z Mock Auth: Signed in with Google as google_user_456
2026-04-06T14:07:22.6089741Z ##[endgroup]
2026-04-06T14:07:22.6116439Z ##[group]✅ /home/runner/work/Hunting_Call/Hunting_Call/test/features/auth/auth_flow_test.dart: MockAuthRepository signIn with userId sets correct user
2026-04-06T14:07:22.6117739Z Mock Auth: Signed in as custom_user_789
2026-04-06T14:07:22.6126105Z ##[endgroup]
2026-04-06T14:07:22.6145308Z ##[group]✅ /home/runner/work/Hunting_Call/Hunting_Call/test/features/auth/auth_flow_test.dart: MockAuthRepository signOut clears current user
2026-04-06T14:07:22.6146532Z Mock Auth: Signed in as anon
2026-04-06T14:07:22.6152455Z Mock Auth: Signed out
2026-04-06T14:07:22.6161974Z ##[endgroup]
2026-04-06T14:07:22.6722089Z ##[group]✅ /home/runner/work/Hunting_Call/Hunting_Call/test/features/auth/auth_flow_test.dart: MockAuthRepository authStateChanges emits updates on sign-in and sign-out
2026-04-06T14:07:22.6724342Z Mock Auth: Signed in as anon
2026-04-06T14:07:22.6724740Z Mock Auth: Signed out
2026-04-06T14:07:22.6725159Z Mock Auth: Signed in with Google as google_user_456
2026-04-06T14:07:22.6725856Z ##[endgroup]
2026-04-06T14:07:22.6792659Z ✅ /home/runner/work/Hunting_Call/Hunting_Call/test/features/auth/auth_flow_test.dart: MockAuthRepository ensureTechnicalSession completes without error
2026-04-06T14:07:22.6822365Z ##[group]✅ /home/runner/work/Hunting_Call/Hunting_Call/test/features/auth/auth_flow_test.dart: MockAuthRepository double sign-out does not crash
2026-04-06T14:07:22.6823242Z Mock Auth: Signed out
2026-04-06T14:07:22.6823587Z Mock Auth: Signed out
2026-04-06T14:07:22.6824160Z ##[endgroup]
2026-04-06T14:07:22.6876289Z ##[group]✅ /home/runner/work/Hunting_Call/Hunting_Call/test/features/auth/auth_flow_test.dart: MockAuthRepository sign-in after sign-out works correctly
2026-04-06T14:07:22.6881637Z Mock Auth: Signed in as anon
2026-04-06T14:07:22.6882650Z Mock Auth: Signed out
2026-04-06T14:07:22.6883113Z Mock Auth: Signed in as new_user
2026-04-06T14:07:22.6883842Z ##[endgroup]
2026-04-06T14:07:22.6904156Z ✅ /home/runner/work/Hunting_Call/Hunting_Call/test/features/auth/auth_flow_test.dart: AuthUser equality works via Equatable
2026-04-06T14:07:22.6927724Z ✅ /home/runner/work/Hunting_Call/Hunting_Call/test/features/auth/auth_flow_test.dart: AuthUser default isAnonymous is false
2026-04-06T14:07:22.6953550Z ✅ /home/runner/work/Hunting_Call/Hunting_Call/test/features/auth/auth_flow_test.dart: AuthUser optional fields are null by default
2026-04-06T14:07:22.6995708Z ✅ /home/runner/work/Hunting_Call/Hunting_Call/test/features/auth/auth_flow_test.dart: AuthUser props include all fields for equality comparison
2026-04-06T14:07:23.7266213Z ✅ /home/runner/work/Hunting_Call/Hunting_Call/test/features/library/reference_call_model_test.dart: ReferenceCall fromJson creates correct model
2026-04-06T14:07:23.7291335Z ✅ /home/runner/work/Hunting_Call/Hunting_Call/test/features/library/reference_call_model_test.dart: ReferenceCall fromJson handles minimal JSON with defaults
2026-04-06T14:07:23.7320135Z ✅ /home/runner/work/Hunting_Call/Hunting_Call/test/features/library/reference_call_model_test.dart: ReferenceCall toJson round-trips correctly
2026-04-06T14:07:23.7342710Z ✅ /home/runner/work/Hunting_Call/Hunting_Call/test/features/library/reference_call_model_test.dart: ReferenceCall toJson excludes null optional fields
2026-04-06T14:07:23.7369988Z ✅ /home/runner/work/Hunting_Call/Hunting_Call/test/features/library/reference_call_model_test.dart: ReferenceCall copyWith preserves unchanged fields
2026-04-06T14:07:23.7397330Z ✅ /home/runner/work/Hunting_Call/Hunting_Call/test/features/library/reference_call_model_test.dart: ReferenceCall copyWith can change id
2026-04-06T14:07:23.7436414Z ✅ /home/runner/work/Hunting_Call/Hunting_Call/test/features/library/reference_call_model_test.dart: ReferenceCall handles integer values from JSON (num → double)
2026-04-06T14:07:23.7487681Z ✅ /home/runner/work/Hunting_Call/Hunting_Call/test/features/library/reference_call_model_test.dart: ReferenceCall handles spectrogram data
2026-04-06T14:07:23.7512483Z ✅ /home/runner/work/Hunting_Call/Hunting_Call/test/features/library/reference_call_model_test.dart: ReferenceCall pulsed call with tempo
2026-04-06T14:07:24.4012276Z ✅ /home/runner/work/Hunting_Call/Hunting_Call/test/features/library/domain/use_cases/filter_calls_use_case_test.dart: FilterCallsUseCase returns all calls when category is "All" and search is empty
2026-04-06T14:07:24.4052769Z ✅ /home/runner/work/Hunting_Call/Hunting_Call/test/features/library/domain/use_cases/filter_calls_use_case_test.dart: FilterCallsUseCase filters calls by category correctly
2026-04-06T14:07:24.4087423Z ✅ /home/runner/work/Hunting_Call/Hunting_Call/test/features/library/domain/use_cases/filter_calls_use_case_test.dart: FilterCallsUseCase filters calls by search query matching animal name
2026-04-06T14:07:24.4120160Z ✅ /home/runner/work/Hunting_Call/Hunting_Call/test/features/library/domain/use_cases/filter_calls_use_case_test.dart: FilterCallsUseCase filters calls by search query matching call type
2026-04-06T14:07:24.4149498Z ✅ /home/runner/work/Hunting_Call/Hunting_Call/test/features/library/domain/use_cases/filter_calls_use_case_test.dart: FilterCallsUseCase search is case-insensitive
2026-04-06T14:07:24.4179925Z ✅ /home/runner/work/Hunting_Call/Hunting_Call/test/features/library/domain/use_cases/filter_calls_use_case_test.dart: FilterCallsUseCase combines category and search filter
2026-04-06T14:07:24.4210494Z ✅ /home/runner/work/Hunting_Call/Hunting_Call/test/features/library/domain/use_cases/filter_calls_use_case_test.dart: FilterCallsUseCase sorts results alphabetically by animal name
2026-04-06T14:07:24.4242670Z ✅ /home/runner/work/Hunting_Call/Hunting_Call/test/features/library/domain/use_cases/filter_calls_use_case_test.dart: FilterCallsUseCase returns LibraryNotInitialized when database is empty
2026-04-06T14:07:25.0713741Z ✅ /home/runner/work/Hunting_Call/Hunting_Call/test/features/library/domain/use_cases/check_call_lock_status_use_case_test.dart: CheckCallLockStatusUseCase returns false (unlocked) when user is premium
2026-04-06T14:07:25.0749353Z ✅ /home/runner/work/Hunting_Call/Hunting_Call/test/features/library/domain/use_cases/check_call_lock_status_use_case_test.dart: CheckCallLockStatusUseCase returns true (locked) for non-free calls when user is not premium
2026-04-06T14:07:25.0780921Z ✅ /home/runner/work/Hunting_Call/Hunting_Call/test/features/library/domain/use_cases/check_call_lock_status_use_case_test.dart: CheckCallLockStatusUseCase returns false (unlocked) for free calls when user is not premium
2026-04-06T14:07:25.0809875Z ✅ /home/runner/work/Hunting_Call/Hunting_Call/test/features/library/domain/use_cases/check_call_lock_status_use_case_test.dart: CheckCallLockStatusUseCase handles multiple calls consistently
2026-04-06T14:07:26.0374195Z ✅ /home/runner/work/Hunting_Call/Hunting_Call/test/features/library/domain/use_cases/get_all_calls_use_case_test.dart: GetAllCallsUseCase returns success with calls when library is initialized
2026-04-06T14:07:26.0410066Z ✅ /home/runner/work/Hunting_Call/Hunting_Call/test/features/library/domain/use_cases/get_all_calls_use_case_test.dart: GetAllCallsUseCase returns LibraryNotInitialized when calls list is empty
2026-04-06T14:07:26.6869861Z ✅ /home/runner/work/Hunting_Call/Hunting_Call/test/features/library/domain/use_cases/get_call_by_id_use_case_test.dart: GetCallByIdUseCase returns call when it exists
2026-04-06T14:07:26.6906077Z ✅ /home/runner/work/Hunting_Call/Hunting_Call/test/features/library/domain/use_cases/get_call_by_id_use_case_test.dart: GetCallByIdUseCase returns CallNotFound when call does not exist
2026-04-06T14:07:26.6932900Z ✅ /home/runner/work/Hunting_Call/Hunting_Call/test/features/library/domain/use_cases/get_call_by_id_use_case_test.dart: GetCallByIdUseCase returns LibraryNotInitialized when database is empty
2026-04-06T14:07:27.3413139Z ✅ /home/runner/work/Hunting_Call/Hunting_Call/test/features/library/reference_database_lock_test.dart: ReferenceDatabase.isLocked premium user unlocks everything
2026-04-06T14:07:27.3442624Z ✅ /home/runner/work/Hunting_Call/Hunting_Call/test/features/library/reference_database_lock_test.dart: ReferenceDatabase.isLocked full flavor unlocks everything
2026-04-06T14:07:27.3478455Z ✅ /home/runner/work/Hunting_Call/Hunting_Call/test/features/library/reference_database_lock_test.dart: ReferenceDatabase.isLocked free user, free flavor: free call is unlocked
2026-04-06T14:07:27.3502784Z ✅ /home/runner/work/Hunting_Call/Hunting_Call/test/features/library/reference_database_lock_test.dart: ReferenceDatabase.isLocked free user, free flavor: premium call is locked
2026-04-06T14:07:27.3530391Z ✅ /home/runner/work/Hunting_Call/Hunting_Call/test/features/library/reference_database_lock_test.dart: ReferenceDatabase.getById returns correct call by id
2026-04-06T14:07:27.3554315Z ✅ /home/runner/work/Hunting_Call/Hunting_Call/test/features/library/reference_database_lock_test.dart: ReferenceDatabase.getById returns first call as fallback for unknown id
2026-04-06T14:07:27.3585130Z ✅ /home/runner/work/Hunting_Call/Hunting_Call/test/features/library/reference_database_lock_test.dart: ReferenceDatabase.getArchetype returns null when no archetypes loaded
2026-04-06T14:07:28.3929968Z ✅ /home/runner/work/Hunting_Call/Hunting_Call/test/features/library/reference_database_test.dart: ReferenceCall Model fromJson parses minimal valid JSON
2026-04-06T14:07:28.3965461Z ✅ /home/runner/work/Hunting_Call/Hunting_Call/test/features/library/reference_database_test.dart: ReferenceCall Model fromJson applies defaults for optional fields
2026-04-06T14:07:28.3990066Z ✅ /home/runner/work/Hunting_Call/Hunting_Call/test/features/library/reference_database_test.dart: ReferenceCall Model fromJson parses waveform data
2026-04-06T14:07:28.4020650Z ✅ /home/runner/work/Hunting_Call/Hunting_Call/test/features/library/reference_database_test.dart: ReferenceCall Model fromJson parses spectrogram data
2026-04-06T14:07:28.4047400Z ✅ /home/runner/work/Hunting_Call/Hunting_Call/test/features/library/reference_database_test.dart: ReferenceCall Model toJson produces valid JSON
2026-04-06T14:07:28.4070731Z ✅ /home/runner/work/Hunting_Call/Hunting_Call/test/features/library/reference_database_test.dart: ReferenceCall Model toJson includes waveform when present
2026-04-06T14:07:28.4096242Z ✅ /home/runner/work/Hunting_Call/Hunting_Call/test/features/library/reference_database_test.dart: ReferenceCall Model JSON round-trip preserves data
2026-04-06T14:07:28.4122659Z ✅ /home/runner/work/Hunting_Call/Hunting_Call/test/features/library/reference_database_test.dart: ReferenceCall Model copyWith creates modified copy
2026-04-06T14:07:28.4149278Z ✅ /home/runner/work/Hunting_Call/Hunting_Call/test/features/library/reference_database_test.dart: ReferenceDatabase getById returns call with matching ID when populated
2026-04-06T14:07:28.4186718Z ✅ /home/runner/work/Hunting_Call/Hunting_Call/test/features/library/reference_database_test.dart: ReferenceDatabase getById returns first call for unknown ID
2026-04-06T14:07:28.4210861Z ✅ /home/runner/work/Hunting_Call/Hunting_Call/test/features/library/reference_database_test.dart: ReferenceDatabase isLocked returns false for premium users
2026-04-06T14:07:28.4234093Z ✅ /home/runner/work/Hunting_Call/Hunting_Call/test/features/library/reference_database_test.dart: ReferenceDatabase calls list is accessible after setting
2026-04-06T14:07:29.0767210Z ✅ /home/runner/work/Hunting_Call/Hunting_Call/test/features/recording/recording_entities_test.dart: Recording stores all required fields
2026-04-06T14:07:29.0784845Z ✅ /home/runner/work/Hunting_Call/Hunting_Call/test/features/recording/recording_entities_test.dart: Recording score is optional
2026-04-06T14:07:29.0813120Z ✅ /home/runner/work/Hunting_Call/Hunting_Call/test/features/recording/recording_entities_test.dart: Recording copyWith preserves unchanged fields
2026-04-06T14:07:29.0841695Z ✅ /home/runner/work/Hunting_Call/Hunting_Call/test/features/recording/recording_entities_test.dart: Recording equality by id only
2026-04-06T14:07:29.0866677Z ✅ /home/runner/work/Hunting_Call/Hunting_Call/test/features/recording/recording_entities_test.dart: Recording different ids are not equal
2026-04-06T14:07:29.0891069Z ✅ /home/runner/work/Hunting_Call/Hunting_Call/test/features/recording/recording_entities_test.dart: Recording hashCode based on id
2026-04-06T14:07:29.0926486Z ✅ /home/runner/work/Hunting_Call/Hunting_Call/test/features/recording/recording_entities_test.dart: Recording toString includes key info
2026-04-06T14:07:29.0950113Z ✅ /home/runner/work/Hunting_Call/Hunting_Call/test/features/recording/recording_entities_test.dart: RecordingFailure PermissionDenied message
2026-04-06T14:07:29.0971791Z ✅ /home/runner/work/Hunting_Call/Hunting_Call/test/features/recording/recording_entities_test.dart: RecordingFailure RecordingInProgress message
2026-04-06T14:07:29.1012714Z ✅ /home/runner/work/Hunting_Call/Hunting_Call/test/features/recording/recording_entities_test.dart: RecordingFailure RecordingTooShort includes durations
2026-04-06T14:07:29.1037177Z ✅ /home/runner/work/Hunting_Call/Hunting_Call/test/features/recording/recording_entities_test.dart: RecordingFailure RecordingServiceError includes details
2026-04-06T14:07:29.1063168Z ✅ /home/runner/work/Hunting_Call/Hunting_Call/test/features/recording/recording_entities_test.dart: RecordingFailure FileSystemError includes details
2026-04-06T14:07:29.1104941Z ✅ /home/runner/work/Hunting_Call/Hunting_Call/test/features/recording/recording_entities_test.dart: RecordingFailure RecordingNotFound includes id
2026-04-06T14:07:29.1159178Z ✅ /home/runner/work/Hunting_Call/Hunting_Call/test/features/recording/recording_entities_test.dart: RecordingFailure all failures are RecordingFailure subtypes
2026-04-06T14:07:29.6861968Z ✅ /home/runner/work/Hunting_Call/Hunting_Call/test/features/recording/visualization_settings_test.dart: VisualizationMode has two values
2026-04-06T14:07:29.6890001Z ✅ /home/runner/work/Hunting_Call/Hunting_Call/test/features/recording/visualization_settings_test.dart: VisualizationSettings defaults to waveform with reference overlay
2026-04-06T14:07:29.6935441Z ✅ /home/runner/work/Hunting_Call/Hunting_Call/test/features/recording/visualization_settings_test.dart: VisualizationSettings copyWith preserves unchanged fields
2026-04-06T14:07:29.6959642Z ✅ /home/runner/work/Hunting_Call/Hunting_Call/test/features/recording/visualization_settings_test.dart: VisualizationSettings copyWith can change overlay
2026-04-06T14:07:29.6982335Z ✅ /home/runner/work/Hunting_Call/Hunting_Call/test/features/recording/visualization_settings_test.dart: VisualizationSettings copyWith with no args returns equivalent settings
2026-04-06T14:07:29.7295478Z ✅ /home/runner/work/Hunting_Call/Hunting_Call/test/features/recording/visualization_settings_test.dart: VisualizationSettingsNotifier defaults to waveform mode
2026-04-06T14:07:29.7365271Z ✅ /home/runner/work/Hunting_Call/Hunting_Call/test/features/recording/visualization_settings_test.dart: VisualizationSettingsNotifier toggleMode switches waveform → spectrogram
2026-04-06T14:07:29.7394886Z ✅ /home/runner/work/Hunting_Call/Hunting_Call/test/features/recording/visualization_settings_test.dart: VisualizationSettingsNotifier toggleMode switches spectrogram → waveform
2026-04-06T14:07:29.7429870Z ✅ /home/runner/work/Hunting_Call/Hunting_Call/test/features/recording/visualization_settings_test.dart: VisualizationSettingsNotifier toggleReferenceOverlay flips the flag
2026-04-06T14:07:30.3860518Z ✅ /home/runner/work/Hunting_Call/Hunting_Call/test/features/recording/audio_recorder_test.dart: MockAudioRecorderService initial state is not recording
2026-04-06T14:07:30.3883517Z ✅ /home/runner/work/Hunting_Call/Hunting_Call/test/features/recording/audio_recorder_test.dart: MockAudioRecorderService lastError is null initially
2026-04-06T14:07:30.3995885Z ##[group]✅ /home/runner/work/Hunting_Call/Hunting_Call/test/features/recording/audio_recorder_test.dart: MockAudioRecorderService init completes without error
2026-04-06T14:07:30.3997756Z Mock Recorder: Init
2026-04-06T14:07:30.4002592Z ##[endgroup]
2026-04-06T14:07:30.4049596Z ##[group]✅ /home/runner/work/Hunting_Call/Hunting_Call/test/features/recording/audio_recorder_test.dart: MockAudioRecorderService startRecorder sets isRecording to true
2026-04-06T14:07:30.4051670Z Mock Recorder: Init
2026-04-06T14:07:30.4058735Z Mock Recorder: Started recording to /tmp/test_recording.wav
2026-04-06T14:07:30.4060281Z ##[endgroup]
2026-04-06T14:07:30.4088649Z ##[group]✅ /home/runner/work/Hunting_Call/Hunting_Call/test/features/recording/audio_recorder_test.dart: MockAudioRecorderService stopRecorder sets isRecording to false and returns path
2026-04-06T14:07:30.4090243Z Mock Recorder: Init
2026-04-06T14:07:30.4090718Z Mock Recorder: Started recording to /tmp/test_recording.wav
2026-04-06T14:07:30.4091436Z Mock Recorder: Stopped.
2026-04-06T14:07:30.4092024Z ##[endgroup]
2026-04-06T14:07:30.7655362Z ##[group]✅ /home/runner/work/Hunting_Call/Hunting_Call/test/features/recording/audio_recorder_test.dart: MockAudioRecorderService amplitude stream emits values during recording
2026-04-06T14:07:30.7661837Z Mock Recorder: Init
2026-04-06T14:07:30.7662391Z Mock Recorder: Started recording to /tmp/test_recording.wav
2026-04-06T14:07:30.7662867Z Mock Recorder: Stopped.
2026-04-06T14:07:30.7663389Z ##[endgroup]
2026-04-06T14:07:30.9723077Z ##[group]✅ /home/runner/work/Hunting_Call/Hunting_Call/test/features/recording/audio_recorder_test.dart: MockAudioRecorderService stopRecorder emits 0.0 amplitude
2026-04-06T14:07:30.9725585Z Mock Recorder: Init
2026-04-06T14:07:30.9727184Z Mock Recorder: Started recording to /tmp/test_recording.wav
2026-04-06T14:07:30.9727852Z Mock Recorder: Stopped.
2026-04-06T14:07:30.9728414Z ##[endgroup]
2026-04-06T14:07:30.9758732Z ##[group]✅ /home/runner/work/Hunting_Call/Hunting_Call/test/features/recording/audio_recorder_test.dart: MockAudioRecorderService cleanupOldFiles completes without error
2026-04-06T14:07:30.9762926Z Mock Recorder: Cleaning up old files
2026-04-06T14:07:30.9764349Z ##[endgroup]
2026-04-06T14:07:30.9802247Z ##[group]✅ /home/runner/work/Hunting_Call/Hunting_Call/test/features/recording/audio_recorder_test.dart: MockAudioRecorderService double start does not crash
2026-04-06T14:07:30.9803577Z Mock Recorder: Init
2026-04-06T14:07:30.9813073Z Mock Recorder: Started recording to /tmp/test1.wav
2026-04-06T14:07:30.9813725Z Mock Recorder: Started recording to /tmp/test2.wav
2026-04-06T14:07:30.9814228Z Mock Recorder: Stopped.
2026-04-06T14:07:30.9814897Z ##[endgroup]
2026-04-06T14:07:30.9828253Z ##[group]✅ /home/runner/work/Hunting_Call/Hunting_Call/test/features/recording/audio_recorder_test.dart: MockAudioRecorderService stop without start does not crash
2026-04-06T14:07:30.9829800Z Mock Recorder: Stopped.
2026-04-06T14:07:30.9835568Z ##[endgroup]
2026-04-06T14:07:30.9852778Z ✅ /home/runner/work/Hunting_Call/Hunting_Call/test/features/recording/audio_recorder_test.dart: MockAudioRecorderService dispose can be called multiple times safely
2026-04-06T14:07:32.0689868Z ✅ /home/runner/work/Hunting_Call/Hunting_Call/test/features/recording/presentation/controllers/recording_controller_test.dart: RecordingController / RecordingNotifier Tests Initial state is idle
2026-04-06T14:07:32.0947652Z ✅ /home/runner/work/Hunting_Call/Hunting_Call/test/features/recording/presentation/controllers/recording_controller_test.dart: RecordingController / RecordingNotifier Tests startRecordingWithCountdown enters countdown and then recording on success
2026-04-06T14:07:32.1021688Z ✅ /home/runner/work/Hunting_Call/Hunting_Call/test/features/recording/presentation/controllers/recording_controller_test.dart: RecordingController / RecordingNotifier Tests startRecordingWithCountdown enters error state if use case fails
2026-04-06T14:07:32.1081323Z ✅ /home/runner/work/Hunting_Call/Hunting_Call/test/features/recording/presentation/controllers/recording_controller_test.dart: RecordingController / RecordingNotifier Tests stopRecording returns audio path and goes idle on success
2026-04-06T14:07:32.1122328Z ✅ /home/runner/work/Hunting_Call/Hunting_Call/test/features/recording/presentation/controllers/recording_controller_test.dart: RecordingController / RecordingNotifier Tests stopRecording captures and logs failure
2026-04-06T14:07:32.1153470Z ✅ /home/runner/work/Hunting_Call/Hunting_Call/test/features/recording/presentation/controllers/recording_controller_test.dart: RecordingController / RecordingNotifier Tests reset clears everything
2026-04-06T14:07:32.6831232Z ✅ /home/runner/work/Hunting_Call/Hunting_Call/test/features/recording/recording_mode_test.dart: RecordingMode has two values
2026-04-06T14:07:32.6867147Z ✅ /home/runner/work/Hunting_Call/Hunting_Call/test/features/recording/recording_mode_test.dart: RecordingMode quickMatch and expert are distinct
2026-04-06T14:07:32.7183216Z ✅ /home/runner/work/Hunting_Call/Hunting_Call/test/features/recording/recording_mode_test.dart: RecordingModeNotifier defaults to quickMatch
2026-04-06T14:07:32.7248423Z ✅ /home/runner/work/Hunting_Call/Hunting_Call/test/features/recording/recording_mode_test.dart: RecordingModeNotifier setMode changes to expert
2026-04-06T14:07:32.7275368Z ✅ /home/runner/work/Hunting_Call/Hunting_Call/test/features/recording/recording_mode_test.dart: RecordingModeNotifier setMode changes back to quickMatch
2026-04-06T14:07:32.7303525Z ✅ /home/runner/work/Hunting_Call/Hunting_Call/test/features/recording/recording_mode_test.dart: RecordingModeNotifier toggle switches from quickMatch to expert
2026-04-06T14:07:32.7332334Z ✅ /home/runner/work/Hunting_Call/Hunting_Call/test/features/recording/recording_mode_test.dart: RecordingModeNotifier toggle switches back from expert to quickMatch
2026-04-06T14:07:33.2748235Z ✅ /home/runner/work/Hunting_Call/Hunting_Call/test/features/recording/audio_sample_test.dart: AudioSample stores time and amplitude
2026-04-06T14:07:33.2774618Z ✅ /home/runner/work/Hunting_Call/Hunting_Call/test/features/recording/audio_sample_test.dart: AudioSample handles zero values
2026-04-06T14:07:33.2799588Z ✅ /home/runner/work/Hunting_Call/Hunting_Call/test/features/recording/audio_sample_test.dart: AudioSample handles negative amplitude
2026-04-06T14:07:33.2838136Z ✅ /home/runner/work/Hunting_Call/Hunting_Call/test/features/recording/audio_sample_test.dart: AudioSample handles very small time increments
2026-04-06T14:07:34.2736132Z Shell: ❌ BioacousticScorer: Failed to load TFLite model
2026-04-06T14:07:34.2741316Z Shell: Error: Binding has not yet been initialized.
2026-04-06T14:07:34.2746846Z Shell: The "instance" getter on the ServicesBinding binding mixin is only available once that binding has been initialized.
2026-04-06T14:07:34.2752068Z Shell: Typically, this is done by calling "WidgetsFlutterBinding.ensureInitialized()" or "runApp()" (the latter calls the former). Typically this call is done in the "void main()" method. The "ensureInitialized" method is idempotent; calling it multiple times is not harmful. After calling that method, the "instance" getter will return the binding.
2026-04-06T14:07:34.2772671Z Shell: In a test, one can call "TestWidgetsFlutterBinding.ensureInitialized()" as the first line in the test's "main()" method to initialize the binding.
2026-04-06T14:07:34.2776310Z Shell: If ServicesBinding is a custom binding mixin, there must also be a custom binding class, like WidgetsFlutterBinding, but that mixes in the selected binding, and that is the class that must be constructed before using the "instance" getter.
2026-04-06T14:07:34.4403580Z ##[group]❌ /home/runner/work/Hunting_Call/Hunting_Call/test/rating_service_test.dart: RealRatingService Tests Perfect call should score 100 (failed)
2026-04-06T14:07:34.4404937Z RealRatingService: rateCall started for duck_mallard_greeting at /tmp/FWXUFU/test_2.95s.wav
2026-04-06T14:07:34.4405659Z RealRatingService: _rateCallInternal started
2026-04-06T14:07:34.4406671Z Error getting location: MissingPluginException(No implementation found for method checkPermission on channel flutter.baseflow.com/geolocator)
2026-04-06T14:07:34.4407697Z RealRatingService: Location done in 13ms
2026-04-06T14:07:34.4408241Z RealRatingService: User audio analysis done in 19ms
2026-04-06T14:07:34.4409319Z RealRatingService: Analyzing reference for duck_mallard_greeting (not cached)
2026-04-06T14:07:34.4410310Z Reference Analysis Error: Unable to load asset: "assets/audio/duck_mallard_greeting.wav".
2026-04-06T14:07:34.4411306Z The asset does not exist or has empty data.
2026-04-06T14:07:34.4411838Z RealRatingService: Starting fingerprint at 32ms
2026-04-06T14:07:34.4412488Z QuickMatch: starting on-device analysis for /tmp/FWXUFU/test_2.95s.wav
2026-04-06T14:07:34.4413230Z ComprehensiveAudioAnalyzer: Spawning isolate for analysis...
2026-04-06T14:07:34.4413826Z WaveformCache: Migration check complete
2026-04-06T14:07:34.4414336Z ComprehensiveAudioAnalyzer: Analysis complete.
2026-04-06T14:07:34.4414737Z QuickMatch: BirdNET returned no species matches
2026-04-06T14:07:34.4415035Z RealRatingService: Fingerprint done in 305ms
2026-04-06T14:07:34.4415329Z Expert fingerprint: Unknown Call 12.455335818741645%
2026-04-06T14:07:34.4415941Z RealRatingService: Pro-Grade Analysis complete. Score: 42.98213432749666
2026-04-06T14:07:34.4416348Z Expected: a value greater than or equal to <70.0>
2026-04-06T14:07:34.4416614Z   Actual: <42.98213432749666>
2026-04-06T14:07:34.4416876Z    Which: is not a value greater than or equal to <70.0>
2026-04-06T14:07:34.4417080Z 
2026-04-06T14:07:34.4417207Z package:matcher                                     expect
2026-04-06T14:07:34.4417560Z package:flutter_test/src/widget_tester.dart 473:18  expect
2026-04-06T14:07:34.4417923Z test/rating_service_test.dart 195:7                 main.<fn>.<fn>
2026-04-06T14:07:34.4418394Z ##[endgroup]
2026-04-06T14:07:34.5758302Z Shell: ❌ BioacousticScorer: Failed to load TFLite model
2026-04-06T14:07:34.5759556Z Shell: Error: Binding has not yet been initialized.
2026-04-06T14:07:34.5767643Z Shell: The "instance" getter on the ServicesBinding binding mixin is only available once that binding has been initialized.
2026-04-06T14:07:34.5770748Z Shell: Typically, this is done by calling "WidgetsFlutterBinding.ensureInitialized()" or "runApp()" (the latter calls the former). Typically this call is done in the "void main()" method. The "ensureInitialized" method is idempotent; calling it multiple times is not harmful. After calling that method, the "instance" getter will return the binding.
2026-04-06T14:07:34.5774928Z Shell: In a test, one can call "TestWidgetsFlutterBinding.ensureInitialized()" as the first line in the test's "main()" method to initialize the binding.
2026-04-06T14:07:34.5777030Z Shell: If ServicesBinding is a custom binding mixin, there must also be a custom binding class, like WidgetsFlutterBinding, but that mixes in the selected binding, and that is the class that must be constructed before using the "instance" getter.
2026-04-06T14:07:34.6250464Z ##[group]✅ /home/runner/work/Hunting_Call/Hunting_Call/test/rating_service_test.dart: RealRatingService Tests High pitch should result in Too High feedback
2026-04-06T14:07:34.6260426Z RealRatingService: rateCall started for duck_mallard_greeting at /tmp/EOZKCM/test_2.95s.wav
2026-04-06T14:07:34.6262618Z RealRatingService: _rateCallInternal started
2026-04-06T14:07:34.6263846Z Error getting location: MissingPluginException(No implementation found for method checkPermission on channel flutter.baseflow.com/geolocator)
2026-04-06T14:07:34.6264909Z RealRatingService: Location done in 1ms
2026-04-06T14:07:34.6265412Z RealRatingService: User audio analysis done in 2ms
2026-04-06T14:07:34.6266078Z RealRatingService: Analyzing reference for duck_mallard_greeting (not cached)
2026-04-06T14:07:34.6266920Z Reference Analysis Error: Unable to load asset: "assets/audio/duck_mallard_greeting.wav".
2026-04-06T14:07:34.6267615Z The asset does not exist or has empty data.
2026-04-06T14:07:34.6268088Z RealRatingService: Starting fingerprint at 4ms
2026-04-06T14:07:34.6268694Z QuickMatch: starting on-device analysis for /tmp/EOZKCM/test_2.95s.wav
2026-04-06T14:07:34.6269375Z ComprehensiveAudioAnalyzer: Spawning isolate for analysis...
2026-04-06T14:07:34.6269967Z WaveformCache: Migration check complete
2026-04-06T14:07:34.6270761Z ComprehensiveAudioAnalyzer: Analysis complete.
2026-04-06T14:07:34.6271648Z QuickMatch: BirdNET returned no species matches
2026-04-06T14:07:34.6272188Z RealRatingService: Fingerprint done in 175ms
2026-04-06T14:07:34.6272725Z Expert fingerprint: Unknown Call 12.455335818741645%
2026-04-06T14:07:34.6273388Z RealRatingService: Pro-Grade Analysis complete. Score: 31.73213432749666
2026-04-06T14:07:34.6274205Z ##[endgroup]
2026-04-06T14:07:34.6683288Z Shell: ❌ BioacousticScorer: Failed to load TFLite model
2026-04-06T14:07:34.6684183Z Shell: Error: Binding has not yet been initialized.
2026-04-06T14:07:34.6685198Z Shell: The "instance" getter on the ServicesBinding binding mixin is only available once that binding has been initialized.
2026-04-06T14:07:34.6687886Z Shell: Typically, this is done by calling "WidgetsFlutterBinding.ensureInitialized()" or "runApp()" (the latter calls the former). Typically this call is done in the "void main()" method. The "ensureInitialized" method is idempotent; calling it multiple times is not harmful. After calling that method, the "instance" getter will return the binding.
2026-04-06T14:07:34.6690730Z Shell: In a test, one can call "TestWidgetsFlutterBinding.ensureInitialized()" as the first line in the test's "main()" method to initialize the binding.
2026-04-06T14:07:34.6693297Z Shell: If ServicesBinding is a custom binding mixin, there must also be a custom binding class, like WidgetsFlutterBinding, but that mixes in the selected binding, and that is the class that must be constructed before using the "instance" getter.
2026-04-06T14:07:34.6947913Z ##[group]✅ /home/runner/work/Hunting_Call/Hunting_Call/test/rating_service_test.dart: RealRatingService Tests Short duration should penalize score
2026-04-06T14:07:34.6949093Z RealRatingService: rateCall started for duck_mallard_greeting at /tmp/QUOSYV/test_1.475s.wav
2026-04-06T14:07:34.6950125Z RealRatingService: _rateCallInternal started
2026-04-06T14:07:34.6954890Z Error getting location: MissingPluginException(No implementation found for method checkPermission on channel flutter.baseflow.com/geolocator)
2026-04-06T14:07:34.6955889Z RealRatingService: Location done in 2ms
2026-04-06T14:07:34.6956423Z RealRatingService: User audio analysis done in 3ms
2026-04-06T14:07:34.6960518Z RealRatingService: Analyzing reference for duck_mallard_greeting (not cached)
2026-04-06T14:07:34.6963520Z Reference Analysis Error: Unable to load asset: "assets/audio/duck_mallard_greeting.wav".
2026-04-06T14:07:34.6964369Z The asset does not exist or has empty data.
2026-04-06T14:07:34.6964806Z RealRatingService: Starting fingerprint at 4ms
2026-04-06T14:07:34.6965201Z QuickMatch: starting on-device analysis for /tmp/QUOSYV/test_1.475s.wav
2026-04-06T14:07:34.6965811Z ComprehensiveAudioAnalyzer: Spawning isolate for analysis...
2026-04-06T14:07:34.6966383Z WaveformCache: Migration check complete
2026-04-06T14:07:34.6966884Z ComprehensiveAudioAnalyzer: Analysis complete.
2026-04-06T14:07:34.6967383Z QuickMatch: BirdNET returned no species matches
2026-04-06T14:07:34.6967852Z RealRatingService: Fingerprint done in 62ms
2026-04-06T14:07:34.6968324Z Expert fingerprint: Unknown Call 12.455335818741645%
2026-04-06T14:07:34.6968950Z RealRatingService: Pro-Grade Analysis complete. Score: 31.73213432749666
2026-04-06T14:07:34.6969762Z ##[endgroup]
2026-04-06T14:07:34.7866222Z Shell: ❌ BioacousticScorer: Failed to load TFLite model
2026-04-06T14:07:34.7871597Z Shell: Error: Binding has not yet been initialized.
2026-04-06T14:07:34.7872663Z Shell: The "instance" getter on the ServicesBinding binding mixin is only available once that binding has been initialized.
2026-04-06T14:07:34.7875325Z Shell: Typically, this is done by calling "WidgetsFlutterBinding.ensureInitialized()" or "runApp()" (the latter calls the former). Typically this call is done in the "void main()" method. The "ensureInitialized" method is idempotent; calling it multiple times is not harmful. After calling that method, the "instance" getter will return the binding.
2026-04-06T14:07:34.7878746Z Shell: In a test, one can call "TestWidgetsFlutterBinding.ensureInitialized()" as the first line in the test's "main()" method to initialize the binding.
2026-04-06T14:07:34.7881208Z Shell: If ServicesBinding is a custom binding mixin, there must also be a custom binding class, like WidgetsFlutterBinding, but that mixes in the selected binding, and that is the class that must be constructed before using the "instance" getter.
2026-04-06T14:07:34.8739782Z Shell: ❌ BioacousticScorer: Failed to load TFLite model
2026-04-06T14:07:34.8741611Z Shell: Error: Binding has not yet been initialized.
2026-04-06T14:07:34.8742532Z Shell: The "instance" getter on the ServicesBinding binding mixin is only available once that binding has been initialized.
2026-04-06T14:07:34.8745105Z Shell: Typically, this is done by calling "WidgetsFlutterBinding.ensureInitialized()" or "runApp()" (the latter calls the former). Typically this call is done in the "void main()" method. The "ensureInitialized" method is idempotent; calling it multiple times is not harmful. After calling that method, the "instance" getter will return the binding.
2026-04-06T14:07:34.8747855Z Shell: In a test, one can call "TestWidgetsFlutterBinding.ensureInitialized()" as the first line in the test's "main()" method to initialize the binding.
2026-04-06T14:07:34.8750028Z Shell: If ServicesBinding is a custom binding mixin, there must also be a custom binding class, like WidgetsFlutterBinding, but that mixes in the selected binding, and that is the class that must be constructed before using the "instance" getter.
2026-04-06T14:07:34.9005134Z ##[group]✅ /home/runner/work/Hunting_Call/Hunting_Call/test/rating_service_test.dart: RealRatingService Tests Percentage-based scoring should be fair across frequency ranges
2026-04-06T14:07:34.9006760Z RealRatingService: rateCall started for turkey_hen_yelp at /tmp/MVRRYI/test_5.0s.wav
2026-04-06T14:07:34.9009018Z RealRatingService: _rateCallInternal started
2026-04-06T14:07:34.9010117Z Error getting location: MissingPluginException(No implementation found for method checkPermission on channel flutter.baseflow.com/geolocator)
2026-04-06T14:07:34.9011450Z RealRatingService: Location done in 0ms
2026-04-06T14:07:34.9011908Z RealRatingService: User audio analysis done in 1ms
2026-04-06T14:07:34.9012491Z RealRatingService: Analyzing reference for turkey_hen_yelp (not cached)
2026-04-06T14:07:34.9013234Z Reference Analysis Error: Unable to load asset: "assets/audio/turkey_hen_yelp.wav".
2026-04-06T14:07:34.9013832Z The asset does not exist or has empty data.
2026-04-06T14:07:34.9014262Z RealRatingService: Starting fingerprint at 2ms
2026-04-06T14:07:34.9014821Z QuickMatch: starting on-device analysis for /tmp/MVRRYI/test_5.0s.wav
2026-04-06T14:07:34.9015467Z ComprehensiveAudioAnalyzer: Spawning isolate for analysis...
2026-04-06T14:07:34.9015973Z WaveformCache: Migration check complete
2026-04-06T14:07:34.9016407Z ComprehensiveAudioAnalyzer: Analysis complete.
2026-04-06T14:07:34.9017844Z QuickMatch: BirdNET returned no species matches
2026-04-06T14:07:34.9018301Z RealRatingService: Fingerprint done in 126ms
2026-04-06T14:07:34.9018749Z Expert fingerprint: Unknown Call 12.455335818741645%
2026-04-06T14:07:34.9019314Z RealRatingService: Pro-Grade Analysis complete. Score: 31.73213432749666
2026-04-06T14:07:34.9020052Z RealRatingService: rateCall started for elk_bull_bugle at /tmp/MVRRYI/test_3.0s.wav
2026-04-06T14:07:34.9020686Z RealRatingService: _rateCallInternal started
2026-04-06T14:07:34.9021868Z Error getting location: MissingPluginException(No implementation found for method checkPermission on channel flutter.baseflow.com/geolocator)
2026-04-06T14:07:34.9022846Z RealRatingService: Location done in 1ms
2026-04-06T14:07:34.9023278Z RealRatingService: User audio analysis done in 1ms
2026-04-06T14:07:34.9023875Z RealRatingService: Analyzing reference for elk_bull_bugle (not cached)
2026-04-06T14:07:34.9024644Z Reference Analysis Error: Unable to load asset: "assets/audio/elk_bull_bugle.wav".
2026-04-06T14:07:34.9025253Z The asset does not exist or has empty data.
2026-04-06T14:07:34.9025917Z RealRatingService: Starting fingerprint at 3ms
2026-04-06T14:07:34.9026467Z QuickMatch: starting on-device analysis for /tmp/MVRRYI/test_3.0s.wav
2026-04-06T14:07:34.9027105Z ComprehensiveAudioAnalyzer: Spawning isolate for analysis...
2026-04-06T14:07:34.9027682Z WaveformCache: Migration check complete
2026-04-06T14:07:34.9028121Z ComprehensiveAudioAnalyzer: Analysis complete.
2026-04-06T14:07:34.9028601Z QuickMatch: BirdNET returned no species matches
2026-04-06T14:07:34.9029062Z RealRatingService: Fingerprint done in 67ms
2026-04-06T14:07:34.9029520Z Expert fingerprint: Unknown Call 12.455335818741645%
2026-04-06T14:07:34.9030122Z RealRatingService: Pro-Grade Analysis complete. Score: 31.73213432749666
2026-04-06T14:07:34.9030937Z ##[endgroup]
2026-04-06T14:07:35.9532815Z ✅ /home/runner/work/Hunting_Call/Hunting_Call/test/bayesian_fusion_test.dart: BayesianFusionService boosts matching species and suppresses others
2026-04-06T14:07:35.9563957Z ✅ /home/runner/work/Hunting_Call/Hunting_Call/test/bayesian_fusion_test.dart: BayesianFusionService returns raw results when no reference provided
2026-04-06T14:07:35.9586769Z ✅ /home/runner/work/Hunting_Call/Hunting_Call/test/bayesian_fusion_test.dart: BayesianFusionService returns raw results when reference is empty string
2026-04-06T14:07:35.9664249Z ✅ /home/runner/work/Hunting_Call/Hunting_Call/test/bayesian_fusion_test.dart: BayesianFusionService gracefully handles no label match
2026-04-06T14:07:35.9697007Z ✅ /home/runner/work/Hunting_Call/Hunting_Call/test/bayesian_fusion_test.dart: BayesianFusionService handles empty input
2026-04-06T14:07:35.9722250Z ✅ /home/runner/work/Hunting_Call/Hunting_Call/test/bayesian_fusion_test.dart: BayesianFusionService matches via partial common name tokens
2026-04-06T14:07:35.9748021Z ✅ /home/runner/work/Hunting_Call/Hunting_Call/test/bayesian_fusion_test.dart: BayesianFusionService caps confidence at 99% to avoid false certainty
2026-04-06T14:07:35.9773067Z ✅ /home/runner/work/Hunting_Call/Hunting_Call/test/bayesian_fusion_test.dart: BayesianFusionService drops results below confidence floor after fusion
2026-04-06T14:07:36.6264150Z ✅ /home/runner/work/Hunting_Call/Hunting_Call/test/auth_repository_test.dart: MockAuthRepository Tests Initial state should be null (or empty stream start)
2026-04-06T14:07:36.6328297Z ##[group]✅ /home/runner/work/Hunting_Call/Hunting_Call/test/auth_repository_test.dart: MockAuthRepository Tests signIn should update currentUser
2026-04-06T14:07:36.6338048Z Mock Auth: Signed in as test_user
2026-04-06T14:07:36.6340421Z ##[endgroup]
2026-04-06T14:07:36.6402919Z ##[group]✅ /home/runner/work/Hunting_Call/Hunting_Call/test/auth_repository_test.dart: MockAuthRepository Tests signInAnonymously should set an anonymous user
2026-04-06T14:07:36.6404610Z Mock Auth: Signed in as anon
2026-04-06T14:07:36.6406895Z ##[endgroup]
2026-04-06T14:07:36.6434659Z ##[group]✅ /home/runner/work/Hunting_Call/Hunting_Call/test/auth_repository_test.dart: MockAuthRepository Tests signInWithGoogle should set a google user
2026-04-06T14:07:36.6437406Z Mock Auth: Signed in with Google as google_user_456
2026-04-06T14:07:36.6447319Z ##[endgroup]
2026-04-06T14:07:36.6484672Z ##[group]✅ /home/runner/work/Hunting_Call/Hunting_Call/test/auth_repository_test.dart: MockAuthRepository Tests signOut should reset state to null
2026-04-06T14:07:36.6501722Z Mock Auth: Signed in as test_user
2026-04-06T14:07:36.6503660Z Mock Auth: Signed out
2026-04-06T14:07:36.6508692Z ##[endgroup]
2026-04-06T14:07:36.6522532Z ✅ /home/runner/work/Hunting_Call/Hunting_Call/test/auth_repository_test.dart: MockAuthRepository Tests isMock should return true
2026-04-06T14:07:37.3098828Z ✅ /home/runner/work/Hunting_Call/Hunting_Call/test/config/app_config_test.dart: AppFlavor has free and full values
2026-04-06T14:07:37.3130299Z ✅ /home/runner/work/Hunting_Call/Hunting_Call/test/config/app_config_test.dart: AppConfig create initializes singleton
2026-04-06T14:07:37.3152983Z ✅ /home/runner/work/Hunting_Call/Hunting_Call/test/config/app_config_test.dart: AppConfig isFree returns true for free flavor
2026-04-06T14:07:37.3174821Z ✅ /home/runner/work/Hunting_Call/Hunting_Call/test/config/app_config_test.dart: AppConfig isFull returns true for full flavor
2026-04-06T14:07:37.3213156Z ✅ /home/runner/work/Hunting_Call/Hunting_Call/test/config/app_config_test.dart: AppConfig feature flags disabled for free
2026-04-06T14:07:37.3241602Z ✅ /home/runner/work/Hunting_Call/Hunting_Call/test/config/app_config_test.dart: AppConfig feature flags enabled for full
2026-04-06T14:07:37.3262213Z ✅ /home/runner/work/Hunting_Call/Hunting_Call/test/config/app_config_test.dart: AppConfig supportEmail is correct
2026-04-06T14:07:37.3294148Z ✅ /home/runner/work/Hunting_Call/Hunting_Call/test/config/app_config_test.dart: AppConfig apiBaseUrl is optional
2026-04-06T14:07:37.3319761Z ✅ /home/runner/work/Hunting_Call/Hunting_Call/test/config/app_config_test.dart: AppConfig storeUrl is optional
2026-04-06T14:07:37.3342960Z ✅ /home/runner/work/Hunting_Call/Hunting_Call/test/config/app_config_test.dart: AppConfig create overwrites previous config
2026-04-06T14:07:38.1869768Z ✅ /home/runner/work/Hunting_Call/Hunting_Call/test/config/freemium_config_test.dart: FreemiumConfig has exactly 16 free call IDs
2026-04-06T14:07:38.1914180Z ✅ /home/runner/work/Hunting_Call/Hunting_Call/test/config/freemium_config_test.dart: FreemiumConfig all IDs are non-empty strings
2026-04-06T14:07:38.1945910Z ✅ /home/runner/work/Hunting_Call/Hunting_Call/test/config/freemium_config_test.dart: FreemiumConfig no duplicate IDs (Set guarantees this, but verify)
2026-04-06T14:07:38.1987697Z ✅ /home/runner/work/Hunting_Call/Hunting_Call/test/config/freemium_config_test.dart: FreemiumConfig contains essential waterfowl calls
2026-04-06T14:07:38.2017726Z ✅ /home/runner/work/Hunting_Call/Hunting_Call/test/config/freemium_config_test.dart: FreemiumConfig contains essential big game calls
2026-04-06T14:07:38.2071405Z ✅ /home/runner/work/Hunting_Call/Hunting_Call/test/config/freemium_config_test.dart: FreemiumConfig contains essential predator calls
2026-04-06T14:07:38.2125481Z ✅ /home/runner/work/Hunting_Call/Hunting_Call/test/config/freemium_config_test.dart: FreemiumConfig contains essential land bird calls
2026-04-06T14:07:38.2233451Z ✅ /home/runner/work/Hunting_Call/Hunting_Call/test/config/freemium_config_test.dart: FreemiumConfig IDs follow snake_case naming convention
2026-04-06T14:07:38.2280850Z ✅ /home/runner/work/Hunting_Call/Hunting_Call/test/config/freemium_config_test.dart: FreemiumConfig premium call IDs are NOT in the free set
2026-04-06T14:07:40.0191457Z ✅ /home/runner/work/Hunting_Call/Hunting_Call/test/login_screen_test.dart: Should display login title and description
2026-04-06T14:07:40.0774498Z ✅ /home/runner/work/Hunting_Call/Hunting_Call/test/login_screen_test.dart: Should show "NEW HUNTER PROFILE" button
2026-04-06T14:07:40.8502502Z ✅ /home/runner/work/Hunting_Call/Hunting_Call/test/widget_test.dart: Platform Bootstrap Riverpod providers initialize in mock environment
2026-04-06T14:07:43.6674875Z ##[group]✅ /home/runner/work/Hunting_Call/Hunting_Call/test/home_screen_test.dart: Should display welcome message with user name
2026-04-06T14:07:43.6680467Z HomeController: Loading profile for test_user
2026-04-06T14:07:43.6680969Z HomeController: Loading profile for test_user
2026-04-06T14:07:43.6681809Z 📱 Falling back to Offline Cache for Daily Challenge
2026-04-06T14:07:43.6682396Z ❌ No active Cloud or Cached Daily Challenge found.
2026-04-06T14:07:43.6683037Z ##[endgroup]
2026-04-06T14:07:43.8043222Z ##[group]✅ /home/runner/work/Hunting_Call/Hunting_Call/test/home_screen_test.dart: Should display action cards
2026-04-06T14:07:43.8050941Z HomeController: Loading profile for test_user
2026-04-06T14:07:43.8053231Z HomeController: Loading profile for test_user
2026-04-06T14:07:43.8055099Z 📱 Falling back to Offline Cache for Daily Challenge
2026-04-06T14:07:43.8056777Z ❌ No active Cloud or Cached Daily Challenge found.
2026-04-06T14:07:43.8059132Z ##[endgroup]
2026-04-06T14:07:44.1304394Z ##[group]✅ /home/runner/work/Hunting_Call/Hunting_Call/test/home_screen_test.dart: Should trigger sign out when logout button is tapped
2026-04-06T14:07:44.1305341Z HomeController: Loading profile for test_user
2026-04-06T14:07:44.1306000Z HomeController: Loading profile for test_user
2026-04-06T14:07:44.1307785Z 📱 Falling back to Offline Cache for Daily Challenge
2026-04-06T14:07:44.1308563Z ❌ No active Cloud or Cached Daily Challenge found.
2026-04-06T14:07:44.1309278Z AuthController: Resetting profile state before sign-out
2026-04-06T14:07:44.1309918Z [BREADCRUMB] Attempting sign out
2026-04-06T14:07:44.1310530Z [BREADCRUMB] Signed out successfully
2026-04-06T14:07:44.1335028Z HomeController: Loading profile for test_user
2026-04-06T14:07:44.1337558Z ##[endgroup]
2026-04-06T14:07:44.8322569Z ✅ /home/runner/work/Hunting_Call/Hunting_Call/test/flows/library_browsing_test.dart: Library Browsing Flow Integration Get all calls returns the seeded list
2026-04-06T14:07:44.8359038Z ✅ /home/runner/work/Hunting_Call/Hunting_Call/test/flows/library_browsing_test.dart: Library Browsing Flow Integration Filter by category returns only matching animals
2026-04-06T14:07:44.8385635Z ✅ /home/runner/work/Hunting_Call/Hunting_Call/test/flows/library_browsing_test.dart: Library Browsing Flow Integration Filter with "All" category returns all animals
2026-04-06T14:07:44.8417145Z ✅ /home/runner/work/Hunting_Call/Hunting_Call/test/flows/library_browsing_test.dart: Library Browsing Flow Integration Filter by search query returns partial name matches
2026-04-06T14:07:44.8445675Z ✅ /home/runner/work/Hunting_Call/Hunting_Call/test/flows/library_browsing_test.dart: Library Browsing Flow Integration Combined filter: category + search query
2026-04-06T14:07:44.8476943Z ✅ /home/runner/work/Hunting_Call/Hunting_Call/test/flows/library_browsing_test.dart: Library Browsing Flow Integration Get call by known ID returns correct animal
2026-04-06T14:07:44.8510372Z ✅ /home/runner/work/Hunting_Call/Hunting_Call/test/flows/library_browsing_test.dart: Library Browsing Flow Integration Get call by unknown ID returns failure
2026-04-06T14:07:44.8562697Z ✅ /home/runner/work/Hunting_Call/Hunting_Call/test/flows/library_browsing_test.dart: Library Browsing Flow Integration Full browsing flow: all → filter → select → verify
2026-04-06T14:07:45.9585966Z ✅ /home/runner/work/Hunting_Call/Hunting_Call/test/flows/recording_flow_test.dart: Recording Flow Integration Full lifecycle: idle → countdown → recording → stop → idle
2026-04-06T14:07:45.9643475Z ✅ /home/runner/work/Hunting_Call/Hunting_Call/test/flows/recording_flow_test.dart: Recording Flow Integration Double-start is idempotent when already recording
2026-04-06T14:07:45.9696736Z ✅ /home/runner/work/Hunting_Call/Hunting_Call/test/flows/recording_flow_test.dart: Recording Flow Integration Reset after recording clears all state
2026-04-06T14:07:46.6129306Z ##[group]❎ /home/runner/work/Hunting_Call/Hunting_Call/test/advanced_analysis_test.dart: ComprehensiveAudioAnalyzer should track pitch and calculate centroid (skipped)
2026-04-06T14:07:46.6136463Z Skip: BioacousticScorer (TFLite) cannot load on desktop test runner
2026-04-06T14:07:46.6138521Z ##[endgroup]
2026-04-06T14:07:46.8714677Z Shell: ❌ BioacousticScorer: Failed to load TFLite model
2026-04-06T14:07:46.8785924Z Shell: Error: Binding has not yet been initialized.
2026-04-06T14:07:46.8787134Z Shell: The "instance" getter on the ServicesBinding binding mixin is only available once that binding has been initialized.
2026-04-06T14:07:46.8790196Z Shell: Typically, this is done by calling "WidgetsFlutterBinding.ensureInitialized()" or "runApp()" (the latter calls the former). Typically this call is done in the "void main()" method. The "ensureInitialized" method is idempotent; calling it multiple times is not harmful. After calling that method, the "instance" getter will return the binding.
2026-04-06T14:07:46.8793402Z Shell: In a test, one can call "TestWidgetsFlutterBinding.ensureInitialized()" as the first line in the test's "main()" method to initialize the binding.
2026-04-06T14:07:46.8796245Z Shell: If ServicesBinding is a custom binding mixin, there must also be a custom binding class, like WidgetsFlutterBinding, but that mixes in the selected binding, and that is the class that must be constructed before using the "instance" getter.
2026-04-06T14:07:47.0169729Z Shell: ❌ BioacousticScorer: Failed to load TFLite model
2026-04-06T14:07:47.0174734Z Shell: Error: Binding has not yet been initialized.
2026-04-06T14:07:47.0175651Z Shell: The "instance" getter on the ServicesBinding binding mixin is only available once that binding has been initialized.
2026-04-06T14:07:47.0178149Z Shell: Typically, this is done by calling "WidgetsFlutterBinding.ensureInitialized()" or "runApp()" (the latter calls the former). Typically this call is done in the "void main()" method. The "ensureInitialized" method is idempotent; calling it multiple times is not harmful. After calling that method, the "instance" getter will return the binding.
2026-04-06T14:07:47.0180934Z Shell: In a test, one can call "TestWidgetsFlutterBinding.ensureInitialized()" as the first line in the test's "main()" method to initialize the binding.
2026-04-06T14:07:47.0194589Z Shell: If ServicesBinding is a custom binding mixin, there must also be a custom binding class, like WidgetsFlutterBinding, but that mixes in the selected binding, and that is the class that must be constructed before using the "instance" getter.
2026-04-06T14:07:47.0502111Z ##[group]✅ /home/runner/work/Hunting_Call/Hunting_Call/test/advanced_analysis_test.dart: Waveform caching should work
2026-04-06T14:07:47.0504371Z *** sqflite warning ***
2026-04-06T14:07:47.0505321Z 
2026-04-06T14:07:47.0505503Z You are changing sqflite default factory.
2026-04-06T14:07:47.0506058Z Be aware of the potential side effects. Any library using sqflite
2026-04-06T14:07:47.0506704Z will have this factory as the default for all operations.
2026-04-06T14:07:47.0507476Z 
2026-04-06T14:07:47.0507628Z *** sqflite warning ***
2026-04-06T14:07:47.0507823Z 
2026-04-06T14:07:47.0508101Z ComprehensiveAudioAnalyzer: Spawning isolate for analysis...
2026-04-06T14:07:47.0508654Z WaveformCache: Migration check complete
2026-04-06T14:07:47.0509101Z ComprehensiveAudioAnalyzer: Analysis complete.
2026-04-06T14:07:47.0509663Z ComprehensiveAudioAnalyzer: Spawning isolate for analysis...
2026-04-06T14:07:47.0510222Z ComprehensiveAudioAnalyzer: Analysis complete.
2026-04-06T14:07:47.0510912Z ##[endgroup]
2026-04-06T14:07:47.0751978Z 
2026-04-06T14:07:47.0805619Z ##[error]677 tests passed, 8 failed, 34 skipped.
2026-04-06T14:07:47.1823459Z ##[error]Process completed with exit code 1.
2026-04-06T14:07:47.1973181Z Post job cleanup.
2026-04-06T14:07:47.2033677Z Post job cleanup.
2026-04-06T14:07:47.4430395Z Post job cleanup.
2026-04-06T14:07:47.5835946Z [command]/usr/bin/git version
2026-04-06T14:07:47.5904665Z git version 2.53.0
2026-04-06T14:07:47.5980798Z Temporarily overriding HOME='/home/runner/work/_temp/0c3b34e3-6d87-4315-ba26-5a46eb138636' before making global git config changes
2026-04-06T14:07:47.5984634Z Adding repository directory to the temporary git global config as a safe directory
2026-04-06T14:07:47.5995977Z [command]/usr/bin/git config --global --add safe.directory /home/runner/work/Hunting_Call/Hunting_Call
2026-04-06T14:07:47.6046113Z [command]/usr/bin/git config --local --name-only --get-regexp core\.sshCommand
2026-04-06T14:07:47.6086659Z [command]/usr/bin/git submodule foreach --recursive sh -c "git config --local --name-only --get-regexp 'core\.sshCommand' && git config --local --unset-all 'core.sshCommand' || :"
2026-04-06T14:07:47.6381757Z [command]/usr/bin/git config --local --name-only --get-regexp http\.https\:\/\/github\.com\/\.extraheader
2026-04-06T14:07:47.6407405Z http.https://github.com/.extraheader
2026-04-06T14:07:47.6423160Z [command]/usr/bin/git config --local --unset-all http.https://github.com/.extraheader
2026-04-06T14:07:47.6468314Z [command]/usr/bin/git submodule foreach --recursive sh -c "git config --local --name-only --get-regexp 'http\.https\:\/\/github\.com\/\.extraheader' && git config --local --unset-all 'http.https://github.com/.extraheader' || :"
2026-04-06T14:07:47.6712468Z [command]/usr/bin/git config --local --name-only --get-regexp ^includeIf\.gitdir:
2026-04-06T14:07:47.6749936Z [command]/usr/bin/git submodule foreach --recursive git config --local --show-origin --name-only --get-regexp remote.origin.url
2026-04-06T14:07:47.7131986Z Cleaning up orphan processes
2026-04-06T14:07:47.7397301Z ##[warning]Node.js 20 actions are deprecated. The following actions are running on Node.js 20 and may not work as expected: actions/checkout@v4, actions/setup-java@v3. Actions will be forced to run with Node.js 24 by default starting June 2nd, 2026. Node.js 20 will be removed from the runner on September 16th, 2026. Please check if updated versions of these actions are available that support Node.js 24. To opt into Node.js 24 now, set the FORCE_JAVASCRIPT_ACTIONS_TO_NODE24=true environment variable on the runner or in your workflow file. Once Node.js 24 becomes the default, you can temporarily opt out by setting ACTIONS_ALLOW_USE_UNSECURE_NODE_VERSION=true. For more information see: https://github.blog/changelog/2025-09-19-deprecation-of-node-20-on-github-actions-runners/
